Archive member included to satisfy reference by file (symbol)

C:/ST/STM32CubeIDE_1.17.0/STM32CubeIDE/plugins/com.st.stm32cube.ide.mcu.externaltools.gnu-tools-for-stm32.12.3.rel1.win32_1.1.0.202410251130/tools/bin/../lib/gcc/arm-none-eabi/12.3.1/../../../../arm-none-eabi/lib/thumb/v7e-m+dp/hard\libc_nano.a(libc_a-exit.o)
                              C:/ST/STM32CubeIDE_1.17.0/STM32CubeIDE/plugins/com.st.stm32cube.ide.mcu.externaltools.gnu-tools-for-stm32.12.3.rel1.win32_1.1.0.202410251130/tools/bin/../lib/gcc/arm-none-eabi/12.3.1/../../../../arm-none-eabi/lib/thumb/v7e-m+dp/hard/crt0.o (exit)
C:/ST/STM32CubeIDE_1.17.0/STM32CubeIDE/plugins/com.st.stm32cube.ide.mcu.externaltools.gnu-tools-for-stm32.12.3.rel1.win32_1.1.0.202410251130/tools/bin/../lib/gcc/arm-none-eabi/12.3.1/../../../../arm-none-eabi/lib/thumb/v7e-m+dp/hard\libc_nano.a(libc_a-findfp.o)
                              C:/ST/STM32CubeIDE_1.17.0/STM32CubeIDE/plugins/com.st.stm32cube.ide.mcu.externaltools.gnu-tools-for-stm32.12.3.rel1.win32_1.1.0.202410251130/tools/bin/../lib/gcc/arm-none-eabi/12.3.1/../../../../arm-none-eabi/lib/thumb/v7e-m+dp/hard\libc_nano.a(libc_a-exit.o) (__stdio_exit_handler)
C:/ST/STM32CubeIDE_1.17.0/STM32CubeIDE/plugins/com.st.stm32cube.ide.mcu.externaltools.gnu-tools-for-stm32.12.3.rel1.win32_1.1.0.202410251130/tools/bin/../lib/gcc/arm-none-eabi/12.3.1/../../../../arm-none-eabi/lib/thumb/v7e-m+dp/hard\libc_nano.a(libc_a-fwalk.o)
                              C:/ST/STM32CubeIDE_1.17.0/STM32CubeIDE/plugins/com.st.stm32cube.ide.mcu.externaltools.gnu-tools-for-stm32.12.3.rel1.win32_1.1.0.202410251130/tools/bin/../lib/gcc/arm-none-eabi/12.3.1/../../../../arm-none-eabi/lib/thumb/v7e-m+dp/hard\libc_nano.a(libc_a-findfp.o) (_fwalk_sglue)
C:/ST/STM32CubeIDE_1.17.0/STM32CubeIDE/plugins/com.st.stm32cube.ide.mcu.externaltools.gnu-tools-for-stm32.12.3.rel1.win32_1.1.0.202410251130/tools/bin/../lib/gcc/arm-none-eabi/12.3.1/../../../../arm-none-eabi/lib/thumb/v7e-m+dp/hard\libc_nano.a(libc_a-stdio.o)
                              C:/ST/STM32CubeIDE_1.17.0/STM32CubeIDE/plugins/com.st.stm32cube.ide.mcu.externaltools.gnu-tools-for-stm32.12.3.rel1.win32_1.1.0.202410251130/tools/bin/../lib/gcc/arm-none-eabi/12.3.1/../../../../arm-none-eabi/lib/thumb/v7e-m+dp/hard\libc_nano.a(libc_a-findfp.o) (__sread)
C:/ST/STM32CubeIDE_1.17.0/STM32CubeIDE/plugins/com.st.stm32cube.ide.mcu.externaltools.gnu-tools-for-stm32.12.3.rel1.win32_1.1.0.202410251130/tools/bin/../lib/gcc/arm-none-eabi/12.3.1/../../../../arm-none-eabi/lib/thumb/v7e-m+dp/hard\libc_nano.a(libc_a-memset.o)
                              C:/ST/STM32CubeIDE_1.17.0/STM32CubeIDE/plugins/com.st.stm32cube.ide.mcu.externaltools.gnu-tools-for-stm32.12.3.rel1.win32_1.1.0.202410251130/tools/bin/../lib/gcc/arm-none-eabi/12.3.1/../../../../arm-none-eabi/lib/thumb/v7e-m+dp/hard/crt0.o (memset)
C:/ST/STM32CubeIDE_1.17.0/STM32CubeIDE/plugins/com.st.stm32cube.ide.mcu.externaltools.gnu-tools-for-stm32.12.3.rel1.win32_1.1.0.202410251130/tools/bin/../lib/gcc/arm-none-eabi/12.3.1/../../../../arm-none-eabi/lib/thumb/v7e-m+dp/hard\libc_nano.a(libc_a-closer.o)
                              C:/ST/STM32CubeIDE_1.17.0/STM32CubeIDE/plugins/com.st.stm32cube.ide.mcu.externaltools.gnu-tools-for-stm32.12.3.rel1.win32_1.1.0.202410251130/tools/bin/../lib/gcc/arm-none-eabi/12.3.1/../../../../arm-none-eabi/lib/thumb/v7e-m+dp/hard\libc_nano.a(libc_a-stdio.o) (_close_r)
C:/ST/STM32CubeIDE_1.17.0/STM32CubeIDE/plugins/com.st.stm32cube.ide.mcu.externaltools.gnu-tools-for-stm32.12.3.rel1.win32_1.1.0.202410251130/tools/bin/../lib/gcc/arm-none-eabi/12.3.1/../../../../arm-none-eabi/lib/thumb/v7e-m+dp/hard\libc_nano.a(libc_a-reent.o)
                              C:/ST/STM32CubeIDE_1.17.0/STM32CubeIDE/plugins/com.st.stm32cube.ide.mcu.externaltools.gnu-tools-for-stm32.12.3.rel1.win32_1.1.0.202410251130/tools/bin/../lib/gcc/arm-none-eabi/12.3.1/../../../../arm-none-eabi/lib/thumb/v7e-m+dp/hard\libc_nano.a(libc_a-closer.o) (errno)
C:/ST/STM32CubeIDE_1.17.0/STM32CubeIDE/plugins/com.st.stm32cube.ide.mcu.externaltools.gnu-tools-for-stm32.12.3.rel1.win32_1.1.0.202410251130/tools/bin/../lib/gcc/arm-none-eabi/12.3.1/../../../../arm-none-eabi/lib/thumb/v7e-m+dp/hard\libc_nano.a(libc_a-impure.o)
                              C:/ST/STM32CubeIDE_1.17.0/STM32CubeIDE/plugins/com.st.stm32cube.ide.mcu.externaltools.gnu-tools-for-stm32.12.3.rel1.win32_1.1.0.202410251130/tools/bin/../lib/gcc/arm-none-eabi/12.3.1/../../../../arm-none-eabi/lib/thumb/v7e-m+dp/hard\libc_nano.a(libc_a-reent.o) (_impure_ptr)
C:/ST/STM32CubeIDE_1.17.0/STM32CubeIDE/plugins/com.st.stm32cube.ide.mcu.externaltools.gnu-tools-for-stm32.12.3.rel1.win32_1.1.0.202410251130/tools/bin/../lib/gcc/arm-none-eabi/12.3.1/../../../../arm-none-eabi/lib/thumb/v7e-m+dp/hard\libc_nano.a(libc_a-lseekr.o)
[...]
Memory Configuration

Name             Origin             Length             Attributes
FLASH            0x08000000         0x00200000         xr
DTCMRAM          0x20000000         0x00020000         xrw
RAM_D1           0x24000000         0x00080000         xrw
RAM_D2           0x30000000         0x00048000         xrw
RAM_D3           0x38000000         0x00010000         xrw
ITCMRAM          0x00000000         0x00010000         xrw
*default*        0x00000000         0xffffffff

Linker script and memory map

LOAD C:/ST/STM32CubeIDE_1.17.0/STM32CubeIDE/plugins/com.st.stm32cube.ide.mcu.externaltools.gnu-tools-for-stm32.12.3.rel1.win32_1.1.0.202410251130/tools/bin/../lib/gcc/arm-none-eabi/12.3.1/thumb/v7e-m+dp/hard/crti.o
LOAD C:/ST/STM32CubeIDE_1.17.0/STM32CubeIDE/plugins/com.st.stm32cube.ide.mcu.externaltools.gnu-tools-for-stm32.12.3.rel1.win32_1.1.0.202410251130/tools/bin/../lib/gcc/arm-none-eabi/12.3.1/thumb/v7e-m+dp/hard/crtbegin.o
LOAD C:/ST/STM32CubeIDE_1.17.0/STM32CubeIDE/plugins/com.st.stm32cube.ide.mcu.externaltools.gnu-tools-for-stm32.12.3.rel1.win32_1.1.0.202410251130/tools/bin/../lib/gcc/arm-none-eabi/12.3.1/../../../../arm-none-eabi/lib/thumb/v7e-m+dp/hard/crt0.o
LOAD ./Core/Src/crc.o
LOAD ./Core/Src/dma2d.o
LOAD ./Core/Src/fdcan.o
LOAD ./Core/Src/fmc.o
LOAD ./Core/Src/gpio.o
LOAD ./Core/Src/i2c.o
LOAD ./Core/Src/ltdc.o
LOAD ./Core/Src/main.o
LOAD ./Core/Src/memorymap.o
LOAD ./Core/Src/quadspi.o
LOAD ./Core/Src/stm32h7xx_hal_msp.o
LOAD ./Core/Src/stm32h7xx_it.o
LOAD ./Core/Src/syscalls.o
LOAD ./Core/Src/sysmem.o
LOAD ./Core/Src/system_stm32h7xx.o
LOAD ./Core/Startup/startup_stm32h743iitx.o
LOAD ./Drivers/STM32H7xx_HAL_Driver/Src/stm32h7xx_hal.o
LOAD ./Drivers/STM32H7xx_HAL_Driver/Src/stm32h7xx_hal_cortex.o
LOAD ./Drivers/STM32H7xx_HAL_Driver/Src/stm32h7xx_hal_crc.o
LOAD ./Drivers/STM32H7xx_HAL_Driver/Src/stm32h7xx_hal_crc_ex.o
LOAD ./Drivers/STM32H7xx_HAL_Driver/Src/stm32h7xx_hal_dma.o
LOAD ./Drivers/STM32H7xx_HAL_Driver/Src/stm32h7xx_hal_dma2d.o
LOAD ./Drivers/STM32H7xx_HAL_Driver/Src/stm32h7xx_hal_dma_ex.o
LOAD ./Drivers/STM32H7xx_HAL_Driver/Src/stm32h7xx_hal_exti.o
LOAD ./Drivers/STM32H7xx_HAL_Driver/Src/stm32h7xx_hal_fdcan.o
LOAD ./Drivers/STM32H7xx_HAL_Driver/Src/stm32h7xx_hal_flash.o
LOAD ./Drivers/STM32H7xx_HAL_Driver/Src/stm32h7xx_hal_flash_ex.o
LOAD ./Drivers/STM32H7xx_HAL_Driver/Src/stm32h7xx_hal_gpio.o
LOAD ./Drivers/STM32H7xx_HAL_Driver/Src/stm32h7xx_hal_hsem.o
LOAD ./Drivers/STM32H7xx_HAL_Driver/Src/stm32h7xx_hal_i2c.o
LOAD ./Drivers/STM32H7xx_HAL_Driver/Src/stm32h7xx_hal_i2c_ex.o
LOAD ./Drivers/STM32H7xx_HAL_Driver/Src/stm32h7xx_hal_ltdc.o
LOAD ./Drivers/STM32H7xx_HAL_Driver/Src/stm32h7xx_hal_ltdc_ex.o
LOAD ./Drivers/STM32H7xx_HAL_Driver/Src/stm32h7xx_hal_mdma.o
LOAD ./Drivers/STM32H7xx_HAL_Driver/Src/stm32h7xx_hal_nand.o
LOAD ./Drivers/STM32H7xx_HAL_Driver/Src/stm32h7xx_hal_nor.o
LOAD ./Drivers/STM32H7xx_HAL_Driver/Src/stm32h7xx_hal_pwr.o
LOAD ./Drivers/STM32H7xx_HAL_Driver/Src/stm32h7xx_hal_pwr_ex.o
LOAD ./Drivers/STM32H7xx_HAL_Driver/Src/stm32h7xx_hal_qspi.o
LOAD ./Drivers/STM32H7xx_HAL_Driver/Src/stm32h7xx_hal_rcc.o
LOAD ./Drivers/STM32H7xx_HAL_Driver/Src/stm32h7xx_hal_rcc_ex.o
LOAD ./Drivers/STM32H7xx_HAL_Driver/Src/stm32h7xx_hal_sdram.o
LOAD ./Drivers/STM32H7xx_HAL_Driver/Src/stm32h7xx_hal_sram.o
LOAD ./Drivers/STM32H7xx_HAL_Driver/Src/stm32h7xx_ll_delayblock.o
LOAD ./Drivers/STM32H7xx_HAL_Driver/Src/stm32h7xx_ll_fmc.o
START GROUP
LOAD C:/ST/STM32CubeIDE_1.17.0/STM32CubeIDE/plugins/com.st.stm32cube.ide.mcu.externaltools.gnu-tools-for-stm32.12.3.rel1.win32_1.1.0.202410251130/tools/bin/../lib/gcc/arm-none-eabi/12.3.1/../../../../arm-none-eabi/lib/thumb/v7e-m+dp/hard\libc_nano.a
LOAD C:/ST/STM32CubeIDE_1.17.0/STM32CubeIDE/plugins/com.st.stm32cube.ide.mcu.externaltools.gnu-tools-for-stm32.12.3.rel1.win32_1.1.0.202410251130/tools/bin/../lib/gcc/arm-none-eabi/12.3.1/../../../../arm-none-eabi/lib/thumb/v7e-m+dp/hard\libm.a
END GROUP
START GROUP
LOAD C:/ST/STM32CubeIDE_1.17.0/STM32CubeIDE/plugins/com.st.stm32cube.ide.mcu.externaltools.gnu-tools-for-stm32.12.3.rel1.win32_1.1.0.202410251130/tools/bin/../lib/gcc/arm-none-eabi/12.3.1/thumb/v7e-m+dp/hard\libgcc.a
LOAD C:/ST/STM32CubeIDE_1.17.0/STM32CubeIDE/plugins/com.st.stm32cube.ide.mcu.externaltools.gnu-tools-for-stm32.12.3.rel1.win32_1.1.0.202410251130/tools/bin/../lib/gcc/arm-none-eabi/12.3.1/../../../../arm-none-eabi/lib/thumb/v7e-m+dp/hard\libc_nano.a
END GROUP
START GROUP
LOAD C:/ST/STM32CubeIDE_1.17.0/STM32CubeIDE/plugins/com.st.stm32cube.ide.mcu.externaltools.gnu-tools-for-stm32.12.3.rel1.win32_1.1.0.202410251130/tools/bin/../lib/gcc/arm-none-eabi/12.3.1/thumb/v7e-m+dp/hard\libgcc.a
LOAD C:/ST/STM32CubeIDE_1.17.0/STM32CubeIDE/plugins/com.st.stm32cube.ide.mcu.externaltools.gnu-tools-for-stm32.12.3.rel1.win32_1.1.0.202410251130/tools/bin/../lib/gcc/arm-none-eabi/12.3.1/../../../../arm-none-eabi/lib/thumb/v7e-m+dp/hard\libc_nano.a
LOAD C:/ST/STM32CubeIDE_1.17.0/STM32CubeIDE/plugins/com.st.stm32cube.ide.mcu.externaltools.gnu-tools-for-stm32.12.3.rel1.win32_1.1.0.202410251130/tools/bin/../lib/gcc/arm-none-eabi/12.3.1/../../../../arm-none-eabi/lib/thumb/v7e-m+dp/hard\libnosys.a
END GROUP
START GROUP
LOAD C:/ST/STM32CubeIDE_1.17.0/STM32CubeIDE/plugins/com.st.stm32cube.ide.mcu.externaltools.gnu-tools-for-stm32.12.3.rel1.win32_1.1.0.202410251130/tools/bin/../lib/gcc/arm-none-eabi/12.3.1/thumb/v7e-m+dp/hard\libgcc.a
LOAD C:/ST/STM32CubeIDE_1.17.0/STM32CubeIDE/plugins/com.st.stm32cube.ide.mcu.externaltools.gnu-tools-for-stm32.12.3.rel1.win32_1.1.0.202410251130/tools/bin/../lib/gcc/arm-none-eabi/12.3.1/../../../../arm-none-eabi/lib/thumb/v7e-m+dp/hard\libc_nano.a
LOAD C:/ST/STM32CubeIDE_1.17.0/STM32CubeIDE/plugins/com.st.stm32cube.ide.mcu.externaltools.gnu-tools-for-stm32.12.3.rel1.win32_1.1.0.202410251130/tools/bin/../lib/gcc/arm-none-eabi/12.3.1/../../../../arm-none-eabi/lib/thumb/v7e-m+dp/hard\libnosys.a
END GROUP
LOAD C:/ST/STM32CubeIDE_1.17.0/STM32CubeIDE/plugins/com.st.stm32cube.ide.mcu.externaltools.gnu-tools-for-stm32.12.3.rel1.win32_1.1.0.202410251130/tools/bin/../lib/gcc/arm-none-eabi/12.3.1/thumb/v7e-m+dp/hard/crtend.o
LOAD C:/ST/STM32CubeIDE_1.17.0/STM32CubeIDE/plugins/com.st.stm32cube.ide.mcu.externaltools.gnu-tools-for-stm32.12.3.rel1.win32_1.1.0.202410251130/tools/bin/../lib/gcc/arm-none-eabi/12.3.1/thumb/v7e-m+dp/hard/crtn.o
                0x24080000                        _estack = (ORIGIN (RAM_D1) + LENGTH (RAM_D1))
                0x00000200                        _Min_Heap_Size = 0x200
                0x00000400                        _Min_Stack_Size = 0x400

.isr_vector     0x08000000      0x298
                0x08000000                        . = ALIGN (0x4)
 *(.isr_vector)
 .isr_vector    0x08000000      0x298 ./Core/Startup/startup_stm32h743iitx.o
                0x08000000                g_pfnVectors
                0x08000298                        . = ALIGN (0x4)

.text           0x08000298     0x77dc
                0x08000298                        . = ALIGN (0x4)
 *(.text)
 .text          0x08000298       0x40 C:/ST/STM32CubeIDE_1.17.0/STM32CubeIDE/plugins/com.st.stm32cube.ide.mcu.externaltools.gnu-tools-for-stm32.12.3.rel1.win32_1.1.0.202410251130/tools/bin/../lib/gcc/arm-none-eabi/12.3.1/thumb/v7e-m+dp/hard/crtbegin.o
 *(.text*)
 .text.MX_CRC_Init
                0x080002d8       0x44 ./Core/Src/crc.o
                0x080002d8                MX_CRC_Init
 .text.HAL_CRC_MspInit
                0x0800031c       0x44 ./Core/Src/crc.o
                0x0800031c                HAL_CRC_MspInit
 .text.MX_DMA2D_Init
                0x08000360       0x74 ./Core/Src/dma2d.o
                0x08000360                MX_DMA2D_Init
 .text.HAL_DMA2D_MspInit
                0x080003d4       0x44 ./Core/Src/dma2d.o
                0x080003d4                HAL_DMA2D_MspInit
 .text.MX_FDCAN1_Init
                0x08000418       0xc8 ./Core/Src/fdcan.o
                0x08000418                MX_FDCAN1_Init
 .text.HAL_FDCAN_MspInit
                0x080004e0      0x104 ./Core/Src/fdcan.o
                0x080004e0                HAL_FDCAN_MspInit
 .text.MX_FMC_Init
                0x080005e4       0xa0 ./Core/Src/fmc.o
                0x080005e4                MX_FMC_Init
 .text.HAL_FMC_MspInit
                0x08000684      0x188 ./Core/Src/fmc.o
 .text.HAL_SDRAM_MspInit
                0x0800080c       0x14 ./Core/Src/fmc.o
                0x0800080c                HAL_SDRAM_MspInit
 .text.MX_GPIO_Init
                0x08000820      0x1a4 ./Core/Src/gpio.o
                0x08000820                MX_GPIO_Init
 .text.MX_I2C2_Init
                0x080009c4       0x7c ./Core/Src/i2c.o
                0x080009c4                MX_I2C2_Init
 .text.MX_I2C4_Init
                0x08000a40       0x7c ./Core/Src/i2c.o
                0x08000a40                MX_I2C4_Init
 .text.HAL_I2C_MspInit
                0x08000abc      0x1c4 ./Core/Src/i2c.o
                0x08000abc                HAL_I2C_MspInit
 .text.MX_LTDC_Init
                0x08000c80      0x104 ./Core/Src/ltdc.o
                0x08000c80                MX_LTDC_Init
 .text.HAL_LTDC_MspInit
                0x08000d84      0x280 ./Core/Src/ltdc.o
                0x08000d84                HAL_LTDC_MspInit
 .text.main     0x08001004      0x1a0 ./Core/Src/main.o
                0x08001004                main
 .text.SystemClock_Config
                0x080011a4      0x168 ./Core/Src/main.o
                0x080011a4                SystemClock_Config
 .text.HAL_FDCAN_RxFifo0Callback
                0x0800130c      0x328 ./Core/Src/main.o
                0x0800130c                HAL_FDCAN_RxFifo0Callback
 .text.VESC_SetCurrent
                0x08001634       0xc8 ./Core/Src/main.o
                0x08001634                VESC_SetCurrent
 .text.MPU6050_Init
                0x080016fc       0xce ./Core/Src/main.o
                0x080016fc                MPU6050_Init
 *fill*         0x080017ca        0x6 
 .text.MPU6050_Read_All
                0x080017d0      0x198 ./Core/Src/main.o
                0x080017d0                MPU6050_Read_All
 .text.MPU_Config
                0x08001968       0x58 ./Core/Src/main.o
 .text.Error_Handler
                0x080019c0        0xc ./Core/Src/main.o
                0x080019c0                Error_Handler
 .text.MX_QUADSPI_Init
                0x080019cc       0x58 ./Core/Src/quadspi.o
                0x080019cc                MX_QUADSPI_Init
 .text.HAL_QSPI_MspInit
                0x08001a24      0x174 ./Core/Src/quadspi.o
                0x08001a24                HAL_QSPI_MspInit
 .text.HAL_MspInit
                0x08001b98       0x34 ./Core/Src/stm32h7xx_hal_msp.o
                0x08001b98                HAL_MspInit
 .text.NMI_Handler
                0x08001bcc        0x8 ./Core/Src/stm32h7xx_it.o
                0x08001bcc                NMI_Handler
 .text.HardFault_Handler
                0x08001bd4        0x8 ./Core/Src/stm32h7xx_it.o
                0x08001bd4                HardFault_Handler
 .text.MemManage_Handler
                0x08001bdc        0x8 ./Core/Src/stm32h7xx_it.o
                0x08001bdc                MemManage_Handler
 .text.BusFault_Handler
                0x08001be4        0x8 ./Core/Src/stm32h7xx_it.o
                0x08001be4                BusFault_Handler
 .text.UsageFault_Handler
                0x08001bec        0x8 ./Core/Src/stm32h7xx_it.o
                0x08001bec                UsageFault_Handler
 .text.SVC_Handler
                0x08001bf4        0xe ./Core/Src/stm32h7xx_it.o
                0x08001bf4                SVC_Handler
 .text.DebugMon_Handler
                0x08001c02        0xe ./Core/Src/stm32h7xx_it.o
                0x08001c02                DebugMon_Handler
 .text.PendSV_Handler
                0x08001c10        0xe ./Core/Src/stm32h7xx_it.o
                0x08001c10                PendSV_Handler
 .text.SysTick_Handler
                0x08001c1e        0xc ./Core/Src/stm32h7xx_it.o
                0x08001c1e                SysTick_Handler
 *fill*         0x08001c2a        0x2 
 .text.FDCAN1_IT0_IRQHandler
                0x08001c2c       0x14 ./Core/Src/stm32h7xx_it.o
                0x08001c2c                FDCAN1_IT0_IRQHandler
 .text.FDCAN1_IT1_IRQHandler
                0x08001c40       0x14 ./Core/Src/stm32h7xx_it.o
                0x08001c40                FDCAN1_IT1_IRQHandler
 .text.FMC_IRQHandler
                0x08001c54       0x14 ./Core/Src/stm32h7xx_it.o
                0x08001c54                FMC_IRQHandler
 .text.FDCAN_CAL_IRQHandler
                0x08001c68       0x14 ./Core/Src/stm32h7xx_it.o
                0x08001c68                FDCAN_CAL_IRQHandler
 .text.SystemInit
                0x08001c7c      0x140 ./Core/Src/system_stm32h7xx.o
                0x08001c7c                SystemInit
 .text.ExitRun0Mode
                0x08001dbc       0x30 ./Core/Src/system_stm32h7xx.o
                0x08001dbc                ExitRun0Mode
 .text.Reset_Handler
                0x08001dec       0x54 ./Core/Startup/startup_stm32h743iitx.o
                0x08001dec                Reset_Handler
 .text.Default_Handler
                0x08001e40        0x2 ./Core/Startup/startup_stm32h743iitx.o
                0x08001e40                RTC_Alarm_IRQHandler
                0x08001e40                EXTI2_IRQHandler
                0x08001e40                TIM8_CC_IRQHandler
                0x08001e40                HRTIM1_Master_IRQHandler
                0x08001e40                UART8_IRQHandler
                0x08001e40                SPI4_IRQHandler
                0x08001e40                TIM1_CC_IRQHandler
                0x08001e40                BDMA_Channel6_IRQHandler
                0x08001e40                DMA2_Stream5_IRQHandler
                0x08001e40                HRTIM1_FLT_IRQHandler
                0x08001e40                JPEG_IRQHandler
                0x08001e40                DMA1_Stream5_IRQHandler
                0x08001e40                BDMA_Channel1_IRQHandler
                0x08001e40                HRTIM1_TIMD_IRQHandler
                0x08001e40                TAMP_STAMP_IRQHandler
                0x08001e40                EXTI3_IRQHandler
                0x08001e40                LPTIM4_IRQHandler
                0x08001e40                TIM8_TRG_COM_TIM14_IRQHandler
                0x08001e40                LPTIM2_IRQHandler
                0x08001e40                DFSDM1_FLT1_IRQHandler
                0x08001e40                DMAMUX2_OVR_IRQHandler
                0x08001e40                TIM8_UP_TIM13_IRQHandler
                0x08001e40                I2C3_ER_IRQHandler
                0x08001e40                DFSDM1_FLT2_IRQHandler
                0x08001e40                MDMA_IRQHandler
                0x08001e40                LPTIM3_IRQHandler
                0x08001e40                HSEM1_IRQHandler
                0x08001e40                EXTI0_IRQHandler
                0x08001e40                I2C2_EV_IRQHandler
                0x08001e40                DMA1_Stream2_IRQHandler
                0x08001e40                FPU_IRQHandler
                0x08001e40                OTG_HS_WKUP_IRQHandler
                0x08001e40                LTDC_ER_IRQHandler
                0x08001e40                DMA2_Stream2_IRQHandler
                0x08001e40                HRTIM1_TIME_IRQHandler
                0x08001e40                SPI1_IRQHandler
                0x08001e40                TIM6_DAC_IRQHandler
                0x08001e40                DCMI_IRQHandler
                0x08001e40                HRTIM1_TIMC_IRQHandler
                0x08001e40                DMA2_Stream3_IRQHandler
                0x08001e40                SAI2_IRQHandler
                0x08001e40                DFSDM1_FLT3_IRQHandler
                0x08001e40                USART6_IRQHandler
                0x08001e40                TIM17_IRQHandler
                0x08001e40                USART3_IRQHandler
                0x08001e40                BDMA_Channel7_IRQHandler
                0x08001e40                LPTIM5_IRQHandler
                0x08001e40                UART5_IRQHandler
                0x08001e40                ADC3_IRQHandler
                0x08001e40                DMA2_Stream0_IRQHandler
                0x08001e40                TIM4_IRQHandler
                0x08001e40                BDMA_Channel2_IRQHandler
                0x08001e40                QUADSPI_IRQHandler
                0x08001e40                I2C1_EV_IRQHandler
                0x08001e40                DMA1_Stream6_IRQHandler
                0x08001e40                DMAMUX1_OVR_IRQHandler
                0x08001e40                DMA1_Stream1_IRQHandler
                0x08001e40                TIM16_IRQHandler
                0x08001e40                UART4_IRQHandler
                0x08001e40                BDMA_Channel5_IRQHandler
                0x08001e40                TIM3_IRQHandler
                0x08001e40                RCC_IRQHandler
                0x08001e40                TIM8_BRK_TIM12_IRQHandler
                0x08001e40                TIM1_TRG_COM_IRQHandler
                0x08001e40                Default_Handler
                0x08001e40                ECC_IRQHandler
                0x08001e40                CEC_IRQHandler
                0x08001e40                EXTI15_10_IRQHandler
                0x08001e40                BDMA_Channel0_IRQHandler
                0x08001e40                ADC_IRQHandler
                0x08001e40                DMA1_Stream7_IRQHandler
                0x08001e40                HRTIM1_TIMA_IRQHandler
                0x08001e40                SPI5_IRQHandler
                0x08001e40                TIM7_IRQHandler
                0x08001e40                SDMMC1_IRQHandler
                0x08001e40                TIM5_IRQHandler
                0x08001e40                DMA2_Stream7_IRQHandler
                0x08001e40                TIM15_IRQHandler
                0x08001e40                PVD_AVD_IRQHandler
                0x08001e40                I2C3_EV_IRQHandler
                0x08001e40                EXTI9_5_IRQHandler
                0x08001e40                RTC_WKUP_IRQHandler
                0x08001e40                LTDC_IRQHandler
                0x08001e40                SAI3_IRQHandler
                0x08001e40                ETH_WKUP_IRQHandler
                0x08001e40                SPDIF_RX_IRQHandler
                0x08001e40                SPI2_IRQHandler
                0x08001e40                OTG_HS_EP1_IN_IRQHandler
                0x08001e40                DMA1_Stream0_IRQHandler
                0x08001e40                CRS_IRQHandler
                0x08001e40                EXTI4_IRQHandler
                0x08001e40                RNG_IRQHandler
                0x08001e40                HRTIM1_TIMB_IRQHandler
                0x08001e40                FDCAN2_IT1_IRQHandler
                0x08001e40                ETH_IRQHandler
                0x08001e40                TIM1_UP_IRQHandler
                0x08001e40                BDMA_Channel4_IRQHandler
                0x08001e40                OTG_HS_EP1_OUT_IRQHandler
                0x08001e40                WWDG_IRQHandler
                0x08001e40                SPI6_IRQHandler
                0x08001e40                MDIOS_IRQHandler
                0x08001e40                I2C4_EV_IRQHandler
                0x08001e40                FDCAN2_IT0_IRQHandler
                0x08001e40                LPUART1_IRQHandler
                0x08001e40                TIM2_IRQHandler
                0x08001e40                OTG_FS_WKUP_IRQHandler
                0x08001e40                OTG_HS_IRQHandler
                0x08001e40                DMA2D_IRQHandler
                0x08001e40                TIM1_BRK_IRQHandler
                0x08001e40                EXTI1_IRQHandler
                0x08001e40                SDMMC2_IRQHandler
                0x08001e40                OTG_FS_EP1_OUT_IRQHandler
                0x08001e40                BDMA_Channel3_IRQHandler
                0x08001e40                UART7_IRQHandler
                0x08001e40                MDIOS_WKUP_IRQHandler
                0x08001e40                USART2_IRQHandler
                0x08001e40                DFSDM1_FLT0_IRQHandler
                0x08001e40                SAI4_IRQHandler
                0x08001e40                I2C2_ER_IRQHandler
                0x08001e40                DMA2_Stream1_IRQHandler
                0x08001e40                FLASH_IRQHandler
                0x08001e40                DMA2_Stream4_IRQHandler
                0x08001e40                USART1_IRQHandler
                0x08001e40                OTG_FS_IRQHandler
                0x08001e40                SPI3_IRQHandler
                0x08001e40                WAKEUP_PIN_IRQHandler
                0x08001e40                DMA1_Stream4_IRQHandler
                0x08001e40                OTG_FS_EP1_IN_IRQHandler
                0x08001e40                I2C1_ER_IRQHandler
                0x08001e40                SWPMI1_IRQHandler
                0x08001e40                COMP1_IRQHandler
                0x08001e40                LPTIM1_IRQHandler
                0x08001e40                I2C4_ER_IRQHandler
                0x08001e40                DMA2_Stream6_IRQHandler
                0x08001e40                SAI1_IRQHandler
                0x08001e40                DMA1_Stream3_IRQHandler
 *fill*         0x08001e42        0x2 
 .text.HAL_Init
                0x08001e44       0x78 ./Drivers/STM32H7xx_HAL_Driver/Src/stm32h7xx_hal.o
                0x08001e44                HAL_Init
 .text.HAL_InitTick
                0x08001ebc       0x6c ./Drivers/STM32H7xx_HAL_Driver/Src/stm32h7xx_hal.o
                0x08001ebc                HAL_InitTick
 .text.HAL_IncTick
                0x08001f28       0x28 ./Drivers/STM32H7xx_HAL_Driver/Src/stm32h7xx_hal.o
                0x08001f28                HAL_IncTick
 .text.HAL_GetTick
                0x08001f50       0x18 ./Drivers/STM32H7xx_HAL_Driver/Src/stm32h7xx_hal.o
                0x08001f50                HAL_GetTick
 .text.HAL_Delay
                0x08001f68       0x48 ./Drivers/STM32H7xx_HAL_Driver/Src/stm32h7xx_hal.o
                0x08001f68                HAL_Delay
 .text.HAL_GetREVID
                0x08001fb0       0x18 ./Drivers/STM32H7xx_HAL_Driver/Src/stm32h7xx_hal.o
                0x08001fb0                HAL_GetREVID
 .text.__NVIC_SetPriorityGrouping
                0x08001fc8       0x48 ./Drivers/STM32H7xx_HAL_Driver/Src/stm32h7xx_hal_cortex.o
 .text.__NVIC_GetPriorityGrouping
                0x08002010       0x1c ./Drivers/STM32H7xx_HAL_Driver/Src/stm32h7xx_hal_cortex.o
 .text.__NVIC_EnableIRQ
                0x0800202c       0x3c ./Drivers/STM32H7xx_HAL_Driver/Src/stm32h7xx_hal_cortex.o
 .text.__NVIC_SetPriority
                0x08002068       0x54 ./Drivers/STM32H7xx_HAL_Driver/Src/stm32h7xx_hal_cortex.o
 .text.NVIC_EncodePriority
                0x080020bc       0x66 ./Drivers/STM32H7xx_HAL_Driver/Src/stm32h7xx_hal_cortex.o
 *fill*         0x08002122        0x2 
 .text.SysTick_Config
                0x08002124       0x44 ./Drivers/STM32H7xx_HAL_Driver/Src/stm32h7xx_hal_cortex.o
 .text.HAL_NVIC_SetPriorityGrouping
                0x08002168       0x16 ./Drivers/STM32H7xx_HAL_Driver/Src/stm32h7xx_hal_cortex.o
                0x08002168                HAL_NVIC_SetPriorityGrouping
 .text.HAL_NVIC_SetPriority
                0x0800217e       0x34 ./Drivers/STM32H7xx_HAL_Driver/Src/stm32h7xx_hal_cortex.o
                0x0800217e                HAL_NVIC_SetPriority
 .text.HAL_NVIC_EnableIRQ
                0x080021b2       0x1c ./Drivers/STM32H7xx_HAL_Driver/Src/stm32h7xx_hal_cortex.o
                0x080021b2                HAL_NVIC_EnableIRQ
 .text.HAL_SYSTICK_Config
                0x080021ce       0x18 ./Drivers/STM32H7xx_HAL_Driver/Src/stm32h7xx_hal_cortex.o
                0x080021ce                HAL_SYSTICK_Config
 *fill*         0x080021e6        0x2 
 .text.HAL_MPU_Disable
                0x080021e8       0x30 ./Drivers/STM32H7xx_HAL_Driver/Src/stm32h7xx_hal_cortex.o
                0x080021e8                HAL_MPU_Disable
 .text.HAL_MPU_Enable
                0x08002218       0x40 ./Drivers/STM32H7xx_HAL_Driver/Src/stm32h7xx_hal_cortex.o
                0x08002218                HAL_MPU_Enable
 .text.HAL_MPU_ConfigRegion
                0x08002258       0x80 ./Drivers/STM32H7xx_HAL_Driver/Src/stm32h7xx_hal_cortex.o
                0x08002258                HAL_MPU_ConfigRegion
 .text.HAL_CRC_Init
                0x080022d8       0xc8 ./Drivers/STM32H7xx_HAL_Driver/Src/stm32h7xx_hal_crc.o
                0x080022d8                HAL_CRC_Init
 .text.HAL_CRCEx_Polynomial_Set
                0x080023a0      0x11c ./Drivers/STM32H7xx_HAL_Driver/Src/stm32h7xx_hal_crc_ex.o
                0x080023a0                HAL_CRCEx_Polynomial_Set
 .text.HAL_DMA2D_Init
                0x080024bc       0xc8 ./Drivers/STM32H7xx_HAL_Driver/Src/stm32h7xx_hal_dma2d.o
                0x080024bc                HAL_DMA2D_Init
 .text.HAL_DMA2D_ConfigLayer
                0x08002584      0x15c ./Drivers/STM32H7xx_HAL_Driver/Src/stm32h7xx_hal_dma2d.o
                0x08002584                HAL_DMA2D_ConfigLayer
 .text.HAL_FDCAN_Init
                0x080026e0      0x3bc ./Drivers/STM32H7xx_HAL_Driver/Src/stm32h7xx_hal_fdcan.o
                0x080026e0                HAL_FDCAN_Init
 .text.HAL_FDCAN_ConfigFilter
                0x08002a9c       0xec ./Drivers/STM32H7xx_HAL_Driver/Src/stm32h7xx_hal_fdcan.o
                0x08002a9c                HAL_FDCAN_ConfigFilter
 .text.HAL_FDCAN_Start
                0x08002b88       0x56 ./Drivers/STM32H7xx_HAL_Driver/Src/stm32h7xx_hal_fdcan.o
                0x08002b88                HAL_FDCAN_Start
 .text.HAL_FDCAN_AddMessageToTxFifoQ
                0x08002bde       0xb6 ./Drivers/STM32H7xx_HAL_Driver/Src/stm32h7xx_hal_fdcan.o
                0x08002bde                HAL_FDCAN_AddMessageToTxFifoQ
 .text.HAL_FDCAN_GetRxMessage
                0x08002c94      0x2d8 ./Drivers/STM32H7xx_HAL_Driver/Src/stm32h7xx_hal_fdcan.o
                0x08002c94                HAL_FDCAN_GetRxMessage
 .text.HAL_FDCAN_GetTxFifoFreeLevel
                0x08002f6c       0x24 ./Drivers/STM32H7xx_HAL_Driver/Src/stm32h7xx_hal_fdcan.o
                0x08002f6c                HAL_FDCAN_GetTxFifoFreeLevel
 .text.HAL_FDCAN_ActivateNotification
                0x08002f90       0xf4 ./Drivers/STM32H7xx_HAL_Driver/Src/stm32h7xx_hal_fdcan.o
                0x08002f90                HAL_FDCAN_ActivateNotification
 .text.HAL_FDCAN_IRQHandler
                0x08003084      0x498 ./Drivers/STM32H7xx_HAL_Driver/Src/stm32h7xx_hal_fdcan.o
                0x08003084                HAL_FDCAN_IRQHandler
 .text.HAL_FDCAN_ClockCalibrationCallback
                0x0800351c       0x16 ./Drivers/STM32H7xx_HAL_Driver/Src/stm32h7xx_hal_fdcan.o
                0x0800351c                HAL_FDCAN_ClockCalibrationCallback
 .text.HAL_FDCAN_TxEventFifoCallback
                0x08003532       0x16 ./Drivers/STM32H7xx_HAL_Driver/Src/stm32h7xx_hal_fdcan.o
                0x08003532                HAL_FDCAN_TxEventFifoCallback
 .text.HAL_FDCAN_RxFifo1Callback
                0x08003548       0x16 ./Drivers/STM32H7xx_HAL_Driver/Src/stm32h7xx_hal_fdcan.o
                0x08003548                HAL_FDCAN_RxFifo1Callback
 .text.HAL_FDCAN_TxFifoEmptyCallback
                0x0800355e       0x14 ./Drivers/STM32H7xx_HAL_Driver/Src/stm32h7xx_hal_fdcan.o
                0x0800355e                HAL_FDCAN_TxFifoEmptyCallback
 .text.HAL_FDCAN_TxBufferCompleteCallback
                0x08003572       0x16 ./Drivers/STM32H7xx_HAL_Driver/Src/stm32h7xx_hal_fdcan.o
                0x08003572                HAL_FDCAN_TxBufferCompleteCallback
 .text.HAL_FDCAN_TxBufferAbortCallback
                0x08003588       0x16 ./Drivers/STM32H7xx_HAL_Driver/Src/stm32h7xx_hal_fdcan.o
                0x08003588                HAL_FDCAN_TxBufferAbortCallback
 .text.HAL_FDCAN_RxBufferNewMessageCallback
                0x0800359e       0x14 ./Drivers/STM32H7xx_HAL_Driver/Src/stm32h7xx_hal_fdcan.o
                0x0800359e                HAL_FDCAN_RxBufferNewMessageCallback
 .text.HAL_FDCAN_TimestampWraparoundCallback
                0x080035b2       0x14 ./Drivers/STM32H7xx_HAL_Driver/Src/stm32h7xx_hal_fdcan.o
                0x080035b2                HAL_FDCAN_TimestampWraparoundCallback
 .text.HAL_FDCAN_TimeoutOccurredCallback
                0x080035c6       0x14 ./Drivers/STM32H7xx_HAL_Driver/Src/stm32h7xx_hal_fdcan.o
                0x080035c6                HAL_FDCAN_TimeoutOccurredCallback
 .text.HAL_FDCAN_HighPriorityMessageCallback
                0x080035da       0x14 ./Drivers/STM32H7xx_HAL_Driver/Src/stm32h7xx_hal_fdcan.o
                0x080035da                HAL_FDCAN_HighPriorityMessageCallback
 .text.HAL_FDCAN_ErrorCallback
                0x080035ee       0x14 ./Drivers/STM32H7xx_HAL_Driver/Src/stm32h7xx_hal_fdcan.o
                0x080035ee                HAL_FDCAN_ErrorCallback
 .text.HAL_FDCAN_ErrorStatusCallback
                0x08003602       0x16 ./Drivers/STM32H7xx_HAL_Driver/Src/stm32h7xx_hal_fdcan.o
                0x08003602                HAL_FDCAN_ErrorStatusCallback
 .text.HAL_FDCAN_TT_ScheduleSyncCallback
                0x08003618       0x16 ./Drivers/STM32H7xx_HAL_Driver/Src/stm32h7xx_hal_fdcan.o
                0x08003618                HAL_FDCAN_TT_ScheduleSyncCallback
 .text.HAL_FDCAN_TT_TimeMarkCallback
                0x0800362e       0x16 ./Drivers/STM32H7xx_HAL_Driver/Src/stm32h7xx_hal_fdcan.o
                0x0800362e                HAL_FDCAN_TT_TimeMarkCallback
 .text.HAL_FDCAN_TT_StopWatchCallback
                0x08003644       0x18 ./Drivers/STM32H7xx_HAL_Driver/Src/stm32h7xx_hal_fdcan.o
                0x08003644                HAL_FDCAN_TT_StopWatchCallback
 .text.HAL_FDCAN_TT_GlobalTimeCallback
                0x0800365c       0x16 ./Drivers/STM32H7xx_HAL_Driver/Src/stm32h7xx_hal_fdcan.o
                0x0800365c                HAL_FDCAN_TT_GlobalTimeCallback
 *fill*         0x08003672        0x2 
 .text.FDCAN_CalcultateRamBlockAddresses
                0x08003674      0x30c ./Drivers/STM32H7xx_HAL_Driver/Src/stm32h7xx_hal_fdcan.o
 .text.FDCAN_CopyMessageToRAM
                0x08003980       0xfc ./Drivers/STM32H7xx_HAL_Driver/Src/stm32h7xx_hal_fdcan.o
 .text.HAL_GPIO_Init
                0x08003a7c      0x360 ./Drivers/STM32H7xx_HAL_Driver/Src/stm32h7xx_hal_gpio.o
                0x08003a7c                HAL_GPIO_Init
 .text.HAL_GPIO_WritePin
                0x08003ddc       0x32 ./Drivers/STM32H7xx_HAL_Driver/Src/stm32h7xx_hal_gpio.o
                0x08003ddc                HAL_GPIO_WritePin
 *fill*         0x08003e0e        0x2 
 .text.HAL_I2C_Init
                0x08003e10      0x138 ./Drivers/STM32H7xx_HAL_Driver/Src/stm32h7xx_hal_i2c.o
                0x08003e10                HAL_I2C_Init
 .text.HAL_I2C_Mem_Write
                0x08003f48      0x228 ./Drivers/STM32H7xx_HAL_Driver/Src/stm32h7xx_hal_i2c.o
                0x08003f48                HAL_I2C_Mem_Write
 .text.HAL_I2C_Mem_Read
                0x08004170      0x234 ./Drivers/STM32H7xx_HAL_Driver/Src/stm32h7xx_hal_i2c.o
                0x08004170                HAL_I2C_Mem_Read
 .text.I2C_RequestMemoryWrite
                0x080043a4       0xa8 ./Drivers/STM32H7xx_HAL_Driver/Src/stm32h7xx_hal_i2c.o
 .text.I2C_RequestMemoryRead
                0x0800444c       0xa8 ./Drivers/STM32H7xx_HAL_Driver/Src/stm32h7xx_hal_i2c.o
 .text.I2C_Flush_TXDR
                0x080044f4       0x48 ./Drivers/STM32H7xx_HAL_Driver/Src/stm32h7xx_hal_i2c.o
 .text.I2C_WaitOnFlagUntilTimeout
                0x0800453c       0xb2 ./Drivers/STM32H7xx_HAL_Driver/Src/stm32h7xx_hal_i2c.o
 .text.I2C_WaitOnTXISFlagUntilTimeout
                0x080045ee       0x8e ./Drivers/STM32H7xx_HAL_Driver/Src/stm32h7xx_hal_i2c.o
 .text.I2C_WaitOnSTOPFlagUntilTimeout
                0x0800467c       0x86 ./Drivers/STM32H7xx_HAL_Driver/Src/stm32h7xx_hal_i2c.o
 *fill*         0x08004702        0x2 
 .text.I2C_IsErrorOccurred
                0x08004704      0x1c0 ./Drivers/STM32H7xx_HAL_Driver/Src/stm32h7xx_hal_i2c.o
 .text.I2C_TransferConfig
                0x080048c4       0x64 ./Drivers/STM32H7xx_HAL_Driver/Src/stm32h7xx_hal_i2c.o
 .text.HAL_I2CEx_ConfigAnalogFilter
                0x08004928       0x96 ./Drivers/STM32H7xx_HAL_Driver/Src/stm32h7xx_hal_i2c_ex.o
                0x08004928                HAL_I2CEx_ConfigAnalogFilter
 .text.HAL_I2CEx_ConfigDigitalFilter
                0x080049be       0x98 ./Drivers/STM32H7xx_HAL_Driver/Src/stm32h7xx_hal_i2c_ex.o
                0x080049be                HAL_I2CEx_ConfigDigitalFilter
 .text.HAL_LTDC_Init
                0x08004a56      0x13a ./Drivers/STM32H7xx_HAL_Driver/Src/stm32h7xx_hal_ltdc.o
                0x08004a56                HAL_LTDC_Init
 .text.HAL_LTDC_ConfigLayer
                0x08004b90       0x7c ./Drivers/STM32H7xx_HAL_Driver/Src/stm32h7xx_hal_ltdc.o
                0x08004b90                HAL_LTDC_ConfigLayer
 .text.LTDC_SetConfig
                0x08004c0c      0x2ec ./Drivers/STM32H7xx_HAL_Driver/Src/stm32h7xx_hal_ltdc.o
 .text.HAL_PWR_EnableBkUpAccess
                0x08004ef8       0x20 ./Drivers/STM32H7xx_HAL_Driver/Src/stm32h7xx_hal_pwr.o
                0x08004ef8                HAL_PWR_EnableBkUpAccess
 .text.HAL_PWREx_ConfigSupply
                0x08004f18       0x74 ./Drivers/STM32H7xx_HAL_Driver/Src/stm32h7xx_hal_pwr_ex.o
                0x08004f18                HAL_PWREx_ConfigSupply
 .text.HAL_QSPI_Init
                0x08004f8c       0xe8 ./Drivers/STM32H7xx_HAL_Driver/Src/stm32h7xx_hal_qspi.o
                0x08004f8c                HAL_QSPI_Init
 .text.HAL_QSPI_SetTimeout
                0x08005074       0x1c ./Drivers/STM32H7xx_HAL_Driver/Src/stm32h7xx_hal_qspi.o
                0x08005074                HAL_QSPI_SetTimeout
 .text.QSPI_WaitFlagStateUntilTimeout
                0x08005090       0x6e ./Drivers/STM32H7xx_HAL_Driver/Src/stm32h7xx_hal_qspi.o
 *fill*         0x080050fe        0x2 
 .text.HAL_RCC_OscConfig
                0x08005100      0x8b4 ./Drivers/STM32H7xx_HAL_Driver/Src/stm32h7xx_hal_rcc.o
                0x08005100                HAL_RCC_OscConfig
 .text.HAL_RCC_ClockConfig
                0x080059b4      0x36c ./Drivers/STM32H7xx_HAL_Driver/Src/stm32h7xx_hal_rcc.o
                0x080059b4                HAL_RCC_ClockConfig
 .text.HAL_RCC_GetSysClockFreq
                0x08005d20      0x2f4 ./Drivers/STM32H7xx_HAL_Driver/Src/stm32h7xx_hal_rcc.o
                0x08005d20                HAL_RCC_GetSysClockFreq
 .text.HAL_RCCEx_PeriphCLKConfig
                0x08006014     0x1414 ./Drivers/STM32H7xx_HAL_Driver/Src/stm32h7xx_hal_rcc_ex.o
                0x08006014                HAL_RCCEx_PeriphCLKConfig
 .text.HAL_RCCEx_CRSConfig
                0x08007428       0xac ./Drivers/STM32H7xx_HAL_Driver/Src/stm32h7xx_hal_rcc_ex.o
                0x08007428                HAL_RCCEx_CRSConfig
 .text.RCCEx_PLL2_Config
                0x080074d4      0x164 ./Drivers/STM32H7xx_HAL_Driver/Src/stm32h7xx_hal_rcc_ex.o
 .text.RCCEx_PLL3_Config
                0x08007638      0x164 ./Drivers/STM32H7xx_HAL_Driver/Src/stm32h7xx_hal_rcc_ex.o
 .text.HAL_SDRAM_Init
                0x0800779c       0x78 ./Drivers/STM32H7xx_HAL_Driver/Src/stm32h7xx_hal_sdram.o
                0x0800779c                HAL_SDRAM_Init
 .text.HAL_SDRAM_IRQHandler
                0x08007814       0x34 ./Drivers/STM32H7xx_HAL_Driver/Src/stm32h7xx_hal_sdram.o
                0x08007814                HAL_SDRAM_IRQHandler
 .text.HAL_SDRAM_RefreshErrorCallback
                0x08007848       0x14 ./Drivers/STM32H7xx_HAL_Driver/Src/stm32h7xx_hal_sdram.o
                0x08007848                HAL_SDRAM_RefreshErrorCallback
 .text.FMC_SDRAM_Init
                0x0800785c       0xb8 ./Drivers/STM32H7xx_HAL_Driver/Src/stm32h7xx_ll_fmc.o
                0x0800785c                FMC_SDRAM_Init
 .text.FMC_SDRAM_Timing_Init
                0x08007914       0xd4 ./Drivers/STM32H7xx_HAL_Driver/Src/stm32h7xx_ll_fmc.o
                0x08007914                FMC_SDRAM_Timing_Init
 .text.memset   0x080079e8       0x10 C:/ST/STM32CubeIDE_1.17.0/STM32CubeIDE/plugins/com.st.stm32cube.ide.mcu.externaltools.gnu-tools-for-stm32.12.3.rel1.win32_1.1.0.202410251130/tools/bin/../lib/gcc/arm-none-eabi/12.3.1/../../../../arm-none-eabi/lib/thumb/v7e-m+dp/hard\libc_nano.a(libc_a-memset.o)
                0x080079e8                memset
 .text.__libc_init_array
                0x080079f8       0x48 C:/ST/STM32CubeIDE_1.17.0/STM32CubeIDE/plugins/com.st.stm32cube.ide.mcu.externaltools.gnu-tools-for-stm32.12.3.rel1.win32_1.1.0.202410251130/tools/bin/../lib/gcc/arm-none-eabi/12.3.1/../../../../arm-none-eabi/lib/thumb/v7e-m+dp/hard\libc_nano.a(libc_a-init.o)
                0x080079f8                __libc_init_array
 .text.memcpy   0x08007a40       0x1c C:/ST/STM32CubeIDE_1.17.0/STM32CubeIDE/plugins/com.st.stm32cube.ide.mcu.externaltools.gnu-tools-for-stm32.12.3.rel1.win32_1.1.0.202410251130/tools/bin/../lib/gcc/arm-none-eabi/12.3.1/../../../../arm-none-eabi/lib/thumb/v7e-m+dp/hard\libc_nano.a(libc_a-memcpy-stub.o)
                0x08007a40                memcpy
 *(.glue_7)
 .glue_7        0x08007a5c        0x0 linker stubs
 *(.glue_7t)
 .glue_7t       0x08007a5c        0x0 linker stubs
 *(.eh_frame)
 .eh_frame      0x08007a5c        0x0 C:/ST/STM32CubeIDE_1.17.0/STM32CubeIDE/plugins/com.st.stm32cube.ide.mcu.externaltools.gnu-tools-for-stm32.12.3.rel1.win32_1.1.0.202410251130/tools/bin/../lib/gcc/arm-none-eabi/12.3.1/thumb/v7e-m+dp/hard/crtbegin.o
 *(.init)
 .init          0x08007a5c        0x4 C:/ST/STM32CubeIDE_1.17.0/STM32CubeIDE/plugins/com.st.stm32cube.ide.mcu.externaltools.gnu-tools-for-stm32.12.3.rel1.win32_1.1.0.202410251130/tools/bin/../lib/gcc/arm-none-eabi/12.3.1/thumb/v7e-m+dp/hard/crti.o
                0x08007a5c                _init
 .init          0x08007a60        0x8 C:/ST/STM32CubeIDE_1.17.0/STM32CubeIDE/plugins/com.st.stm32cube.ide.mcu.externaltools.gnu-tools-for-stm32.12.3.rel1.win32_1.1.0.202410251130/tools/bin/../lib/gcc/arm-none-eabi/12.3.1/thumb/v7e-m+dp/hard/crtn.o
 *(.fini)
 .fini          0x08007a68        0x4 C:/ST/STM32CubeIDE_1.17.0/STM32CubeIDE/plugins/com.st.stm32cube.ide.mcu.externaltools.gnu-tools-for-stm32.12.3.rel1.win32_1.1.0.202410251130/tools/bin/../lib/gcc/arm-none-eabi/12.3.1/thumb/v7e-m+dp/hard/crti.o
                0x08007a68                _fini
 .fini          0x08007a6c        0x8 C:/ST/STM32CubeIDE_1.17.0/STM32CubeIDE/plugins/com.st.stm32cube.ide.mcu.externaltools.gnu-tools-for-stm32.12.3.rel1.win32_1.1.0.202410251130/tools/bin/../lib/gcc/arm-none-eabi/12.3.1/thumb/v7e-m+dp/hard/crtn.o
                0x08007a74                        . = ALIGN (0x4)
                0x08007a74                        _etext = .

.vfp11_veneer   0x08007a74        0x0
 .vfp11_veneer  0x08007a74        0x0 linker stubs

.v4_bx          0x08007a74        0x0
 .v4_bx         0x08007a74        0x0 linker stubs

.iplt           0x08007a74        0x0
 .iplt          0x08007a74        0x0 C:/ST/STM32CubeIDE_1.17.0/STM32CubeIDE/plugins/com.st.stm32cube.ide.mcu.externaltools.gnu-tools-for-stm32.12.3.rel1.win32_1.1.0.202410251130/tools/bin/../lib/gcc/arm-none-eabi/12.3.1/thumb/v7e-m+dp/hard/crtbegin.o

.rodata         0x08007a74       0x6c
                0x08007a74                        . = ALIGN (0x4)
 *(.rodata)
 .rodata        0x08007a74       0x4c ./Drivers/STM32H7xx_HAL_Driver/Src/stm32h7xx_hal_fdcan.o
 *(.rodata*)
 .rodata.D1CorePrescTable
                0x08007ac0       0x10 ./Core/Src/system_stm32h7xx.o
                0x08007ac0                D1CorePrescTable
 .rodata.DLCtoBytes
                0x08007ad0       0x10 ./Drivers/STM32H7xx_HAL_Driver/Src/stm32h7xx_hal_fdcan.o
                0x08007ae0                        . = ALIGN (0x4)

.ARM.extab
 *(.ARM.extab* .gnu.linkonce.armextab.*)

.ARM            0x08007ae0        0x0
                0x08007ae0                        __exidx_start = .
 *(.ARM.exidx*)
                0x08007ae0                        __exidx_end = .

.preinit_array  0x08007ae0        0x0
                0x08007ae0                        PROVIDE (__preinit_array_start = .)
 *(.preinit_array*)
                0x08007ae0                        PROVIDE (__preinit_array_end = .)

.init_array     0x08007ae0        0x4
                0x08007ae0                        PROVIDE (__init_array_start = .)
 *(SORT_BY_NAME(.init_array.*))
 *(.init_array*)
 .init_array    0x08007ae0        0x4 C:/ST/STM32CubeIDE_1.17.0/STM32CubeIDE/plugins/com.st.stm32cube.ide.mcu.externaltools.gnu-tools-for-stm32.12.3.rel1.win32_1.1.0.202410251130/tools/bin/../lib/gcc/arm-none-eabi/12.3.1/thumb/v7e-m+dp/hard/crtbegin.o
                0x08007ae4                        PROVIDE (__init_array_end = .)

.fini_array     0x08007ae4        0x4
                [!provide]                        PROVIDE (__fini_array_start = .)
 *(SORT_BY_NAME(.fini_array.*))
 *(.fini_array*)
 .fini_array    0x08007ae4        0x4 C:/ST/STM32CubeIDE_1.17.0/STM32CubeIDE/plugins/com.st.stm32cube.ide.mcu.externaltools.gnu-tools-for-stm32.12.3.rel1.win32_1.1.0.202410251130/tools/bin/../lib/gcc/arm-none-eabi/12.3.1/thumb/v7e-m+dp/hard/crtbegin.o
                [!provide]                        PROVIDE (__fini_array_end = .)
                0x08007ae8                        _sidata = LOADADDR (.data)

.rel.dyn        0x08007ae8        0x0
 .rel.iplt      0x08007ae8        0x0 C:/ST/STM32CubeIDE_1.17.0/STM32CubeIDE/plugins/com.st.stm32cube.ide.mcu.externaltools.gnu-tools-for-stm32.12.3.rel1.win32_1.1.0.202410251130/tools/bin/../lib/gcc/arm-none-eabi/12.3.1/thumb/v7e-m+dp/hard/crtbegin.o

.data           0x24000000       0x10 load address 0x08007ae8
                0x24000000                        . = ALIGN (0x4)
                0x24000000                        _sdata = .
 *(.data)
 *(.data*)
 .data.SystemCoreClock
                0x24000000        0x4 ./Core/Src/system_stm32h7xx.o
                0x24000000                SystemCoreClock
 .data.SystemD2Clock
                0x24000004        0x4 ./Core/Src/system_stm32h7xx.o
                0x24000004                SystemD2Clock
 .data.uwTickPrio
                0x24000008        0x4 ./Drivers/STM32H7xx_HAL_Driver/Src/stm32h7xx_hal.o
                0x24000008                uwTickPrio
 .data.uwTickFreq
                0x2400000c        0x1 ./Drivers/STM32H7xx_HAL_Driver/Src/stm32h7xx_hal.o
                0x2400000c                uwTickFreq
 *(.RamFunc)
 *(.RamFunc*)
                0x24000010                        . = ALIGN (0x4)
 *fill*         0x2400000d        0x3 
                0x24000010                        _edata = .

.igot.plt       0x24000010        0x0 load address 0x08007af8
 .igot.plt      0x24000010        0x0 C:/ST/STM32CubeIDE_1.17.0/STM32CubeIDE/plugins/com.st.stm32cube.ide.mcu.externaltools.gnu-tools-for-stm32.12.3.rel1.win32_1.1.0.202410251130/tools/bin/../lib/gcc/arm-none-eabi/12.3.1/thumb/v7e-m+dp/hard/crtbegin.o
                0x24000010                        . = ALIGN (0x4)

.bss            0x24000010      0x43c load address 0x08007af8
                0x24000010                        _sbss = .
                0x24000010                        __bss_start__ = _sbss
 *(.bss)
 .bss           0x24000010       0x1c C:/ST/STM32CubeIDE_1.17.0/STM32CubeIDE/plugins/com.st.stm32cube.ide.mcu.externaltools.gnu-tools-for-stm32.12.3.rel1.win32_1.1.0.202410251130/tools/bin/../lib/gcc/arm-none-eabi/12.3.1/thumb/v7e-m+dp/hard/crtbegin.o
 *(.bss*)
 .bss.hcrc      0x2400002c       0x24 ./Core/Src/crc.o
                0x2400002c                hcrc
 .bss.hdma2d    0x24000050       0x68 ./Core/Src/dma2d.o
                0x24000050                hdma2d
 .bss.hfdcan1   0x240000b8       0xa0 ./Core/Src/fdcan.o
                0x240000b8                hfdcan1
 .bss.hsdram1   0x24000158       0x34 ./Core/Src/fmc.o
                0x24000158                hsdram1
 .bss.FMC_Initialized
                0x2400018c        0x4 ./Core/Src/fmc.o
 .bss.hi2c2     0x24000190       0x54 ./Core/Src/i2c.o
                0x24000190                hi2c2
 .bss.hi2c4     0x240001e4       0x54 ./Core/Src/i2c.o
                0x240001e4                hi2c4
 .bss.hltdc     0x24000238       0xa8 ./Core/Src/ltdc.o
                0x24000238                hltdc
 .bss.RxHeader  0x240002e0       0x28 ./Core/Src/main.o
                0x240002e0                RxHeader
 .bss.RxData    0x24000308        0x8 ./Core/Src/main.o
                0x24000308                RxData
 .bss.vescL     0x24000310       0x34 ./Core/Src/main.o
                0x24000310                vescL
 .bss.vescM     0x24000344       0x34 ./Core/Src/main.o
                0x24000344                vescM
 .bss.vescR     0x24000378       0x34 ./Core/Src/main.o
                0x24000378                vescR
 *fill*         0x240003ac        0x4 
 .bss.MPU6050   0x240003b0       0x48 ./Core/Src/main.o
                0x240003b0                MPU6050
 .bss.current_filtered.0
                0x240003f8        0x4 ./Core/Src/main.o
 .bss.hqspi     0x240003fc       0x4c ./Core/Src/quadspi.o
                0x240003fc                hqspi
 .bss.uwTick    0x24000448        0x4 ./Drivers/STM32H7xx_HAL_Driver/Src/stm32h7xx_hal.o
                0x24000448                uwTick
 *(COMMON)
                0x2400044c                        . = ALIGN (0x4)
                0x2400044c                        _ebss = .
                0x2400044c                        __bss_end__ = _ebss

._user_heap_stack
                0x2400044c      0x604 load address 0x08007af8
                0x24000450                        . = ALIGN (0x8)
 *fill*         0x2400044c        0x4 
                [!provide]                        PROVIDE (end = .)
                0x24000450                        PROVIDE (_end = .)
                0x24000650                        . = (. + _Min_Heap_Size)
 *fill*         0x24000450      0x200 
                0x24000a50                        . = (. + _Min_Stack_Size)
 *fill*         0x24000650      0x400 
                0x24000a50                        . = ALIGN (0x8)

/DISCARD/
 libc.a(*)
 libm.a(*)
 libgcc.a(*)

.ARM.attributes
                0x00000000       0x2e
 *(.ARM.attributes)
 .ARM.attributes
                0x00000000       0x20 C:/ST/STM32CubeIDE_1.17.0/STM32CubeIDE/plugins/com.st.stm32cube.ide.mcu.externaltools.gnu-tools-for-stm32.12.3.rel1.win32_1.1.0.202410251130/tools/bin/../lib/gcc/arm-none-eabi/12.3.1/thumb/v7e-m+dp/hard/crti.o
 .ARM.attributes
                0x00000020       0x32 C:/ST/STM32CubeIDE_1.17.0/STM32CubeIDE/plugins/com.st.stm32cube.ide.mcu.externaltools.gnu-tools-for-stm32.12.3.rel1.win32_1.1.0.202410251130/tools/bin/../lib/gcc/arm-none-eabi/12.3.1/thumb/v7e-m+dp/hard/crtbegin.o
 .ARM.attributes
                0x00000052       0x32 ./Core/Src/crc.o
 .ARM.attributes
                0x00000084       0x32 ./Core/Src/dma2d.o
 .ARM.attributes
                0x000000b6       0x32 ./Core/Src/fdcan.o
 .ARM.attributes
                0x000000e8       0x32 ./Core/Src/fmc.o
 .ARM.attributes
                0x0000011a       0x32 ./Core/Src/gpio.o
 .ARM.attributes
                0x0000014c       0x32 ./Core/Src/i2c.o
 .ARM.attributes
                0x0000017e       0x32 ./Core/Src/ltdc.o
 .ARM.attributes
                0x000001b0       0x32 ./Core/Src/main.o
 .ARM.attributes
                0x000001e2       0x32 ./Core/Src/quadspi.o
 .ARM.attributes
                0x00000214       0x32 ./Core/Src/stm32h7xx_hal_msp.o
 .ARM.attributes
                0x00000246       0x32 ./Core/Src/stm32h7xx_it.o
 .ARM.attributes
                0x00000278       0x32 ./Core/Src/system_stm32h7xx.o
 .ARM.attributes
                0x000002aa       0x21 ./Core/Startup/startup_stm32h743iitx.o
 .ARM.attributes
                0x000002cb       0x32 ./Drivers/STM32H7xx_HAL_Driver/Src/stm32h7xx_hal.o
 .ARM.attributes
                0x000002fd       0x32 ./Drivers/STM32H7xx_HAL_Driver/Src/stm32h7xx_hal_cortex.o
 .ARM.attributes
                0x0000032f       0x32 ./Drivers/STM32H7xx_HAL_Driver/Src/stm32h7xx_hal_crc.o
 .ARM.attributes
                0x00000361       0x32 ./Drivers/STM32H7xx_HAL_Driver/Src/stm32h7xx_hal_crc_ex.o
 .ARM.attributes
                0x00000393       0x32 ./Drivers/STM32H7xx_HAL_Driver/Src/stm32h7xx_hal_dma2d.o
 .ARM.attributes
                0x000003c5       0x32 ./Drivers/STM32H7xx_HAL_Driver/Src/stm32h7xx_hal_fdcan.o
 .ARM.attributes
                0x000003f7       0x32 ./Drivers/STM32H7xx_HAL_Driver/Src/stm32h7xx_hal_gpio.o
 .ARM.attributes
                0x00000429       0x32 ./Drivers/STM32H7xx_HAL_Driver/Src/stm32h7xx_hal_i2c.o
 .ARM.attributes
                0x0000045b       0x32 ./Drivers/STM32H7xx_HAL_Driver/Src/stm32h7xx_hal_i2c_ex.o
 .ARM.attributes
                0x0000048d       0x32 ./Drivers/STM32H7xx_HAL_Driver/Src/stm32h7xx_hal_ltdc.o
 .ARM.attributes
                0x000004bf       0x32 ./Drivers/STM32H7xx_HAL_Driver/Src/stm32h7xx_hal_pwr.o
 .ARM.attributes
                0x000004f1       0x32 ./Drivers/STM32H7xx_HAL_Driver/Src/stm32h7xx_hal_pwr_ex.o
 .ARM.attributes
                0x00000523       0x32 ./Drivers/STM32H7xx_HAL_Driver/Src/stm32h7xx_hal_qspi.o
 .ARM.attributes
                0x00000555       0x32 ./Drivers/STM32H7xx_HAL_Driver/Src/stm32h7xx_hal_rcc.o
 .ARM.attributes
                0x00000587       0x32 ./Drivers/STM32H7xx_HAL_Driver/Src/stm32h7xx_hal_rcc_ex.o
 .ARM.attributes
                0x000005b9       0x32 ./Drivers/STM32H7xx_HAL_Driver/Src/stm32h7xx_hal_sdram.o
 .ARM.attributes
                0x000005eb       0x32 ./Drivers/STM32H7xx_HAL_Driver/Src/stm32h7xx_ll_fmc.o
 .ARM.attributes
                0x0000061d       0x32 C:/ST/STM32CubeIDE_1.17.0/STM32CubeIDE/plugins/com.st.stm32cube.ide.mcu.externaltools.gnu-tools-for-stm32.12.3.rel1.win32_1.1.0.202410251130/tools/bin/../lib/gcc/arm-none-eabi/12.3.1/../../../../arm-none-eabi/lib/thumb/v7e-m+dp/hard\libc_nano.a(libc_a-memset.o)
 .ARM.attributes
                0x0000064f       0x32 C:/ST/STM32CubeIDE_1.17.0/STM32CubeIDE/plugins/com.st.stm32cube.ide.mcu.externaltools.gnu-tools-for-stm32.12.3.rel1.win32_1.1.0.202410251130/tools/bin/../lib/gcc/arm-none-eabi/12.3.1/../../../../arm-none-eabi/lib/thumb/v7e-m+dp/hard\libc_nano.a(libc_a-init.o)
 .ARM.attributes
                0x00000681       0x32 C:/ST/STM32CubeIDE_1.17.0/STM32CubeIDE/plugins/com.st.stm32cube.ide.mcu.externaltools.gnu-tools-for-stm32.12.3.rel1.win32_1.1.0.202410251130/tools/bin/../lib/gcc/arm-none-eabi/12.3.1/../../../../arm-none-eabi/lib/thumb/v7e-m+dp/hard\libc_nano.a(libc_a-memcpy-stub.o)
 .ARM.attributes
                0x000006b3       0x20 C:/ST/STM32CubeIDE_1.17.0/STM32CubeIDE/plugins/com.st.stm32cube.ide.mcu.externaltools.gnu-tools-for-stm32.12.3.rel1.win32_1.1.0.202410251130/tools/bin/../lib/gcc/arm-none-eabi/12.3.1/thumb/v7e-m+dp/hard/crtn.o
OUTPUT(Rower_elektryczny.elf elf32-littlearm)
LOAD linker stubs
LOAD C:/ST/STM32CubeIDE_1.17.0/STM32CubeIDE/plugins/com.st.stm32cube.ide.mcu.externaltools.gnu-tools-for-stm32.12.3.rel1.win32_1.1.0.202410251130/tools/bin/../lib/gcc/arm-none-eabi/12.3.1/../../../../arm-none-eabi/lib/thumb/v7e-m+dp/hard\libc.a
LOAD C:/ST/STM32CubeIDE_1.17.0/STM32CubeIDE/plugins/com.st.stm32cube.ide.mcu.externaltools.gnu-tools-for-stm32.12.3.rel1.win32_1.1.0.202410251130/tools/bin/../lib/gcc/arm-none-eabi/12.3.1/../../../../arm-none-eabi/lib/thumb/v7e-m+dp/hard\libm.a
LOAD C:/ST/STM32CubeIDE_1.17.0/STM32CubeIDE/plugins/com.st.stm32cube.ide.mcu.externaltools.gnu-tools-for-stm32.12.3.rel1.win32_1.1.0.202410251130/tools/bin/../lib/gcc/arm-none-eabi/12.3.1/thumb/v7e-m+dp/hard\libgcc.a

.debug_info     0x00000000    0x1cfd4
 .debug_info    0x00000000      0x6ab ./Core/Src/crc.o
 .debug_info    0x000006ab      0x868 ./Core/Src/dma2d.o
 .debug_info    0x00000f13     0x1533 ./Core/Src/fdcan.o
 .debug_info    0x00002446     0x13de ./Core/Src/fmc.o
 .debug_info    0x00003824      0x6d8 ./Core/Src/gpio.o
 .debug_info    0x00003efc     0x106e ./Core/Src/i2c.o
 .debug_info    0x00004f6a      0xe46 ./Core/Src/ltdc.o
 .debug_info    0x00005db0     0x20d4 ./Core/Src/main.o
 .debug_info    0x00007e84     0x1015 ./Core/Src/quadspi.o
 .debug_info    0x00008e99      0x464 ./Core/Src/stm32h7xx_hal_msp.o
 .debug_info    0x000092fd      0xe82 ./Core/Src/stm32h7xx_it.o
 .debug_info    0x0000a17f      0xdb2 ./Core/Src/system_stm32h7xx.o
 .debug_info    0x0000af31       0x30 ./Core/Startup/startup_stm32h743iitx.o
 .debug_info    0x0000af61     0x153b ./Drivers/STM32H7xx_HAL_Driver/Src/stm32h7xx_hal.o
 .debug_info    0x0000c49c     0x10b1 ./Drivers/STM32H7xx_HAL_Driver/Src/stm32h7xx_hal_cortex.o
 .debug_info    0x0000d54d      0x528 ./Drivers/STM32H7xx_HAL_Driver/Src/stm32h7xx_hal_crc.o
 .debug_info    0x0000da75      0x33b ./Drivers/STM32H7xx_HAL_Driver/Src/stm32h7xx_hal_crc_ex.o
 .debug_info    0x0000ddb0     0x10ce ./Drivers/STM32H7xx_HAL_Driver/Src/stm32h7xx_hal_dma2d.o
 .debug_info    0x0000ee7e     0x2baf ./Drivers/STM32H7xx_HAL_Driver/Src/stm32h7xx_hal_fdcan.o
 .debug_info    0x00011a2d      0xc5a ./Drivers/STM32H7xx_HAL_Driver/Src/stm32h7xx_hal_gpio.o
 .debug_info    0x00012687     0x22c9 ./Drivers/STM32H7xx_HAL_Driver/Src/stm32h7xx_hal_i2c.o
 .debug_info    0x00014950      0xd84 ./Drivers/STM32H7xx_HAL_Driver/Src/stm32h7xx_hal_i2c_ex.o
 .debug_info    0x000156d4     0x1047 ./Drivers/STM32H7xx_HAL_Driver/Src/stm32h7xx_hal_ltdc.o
 .debug_info    0x0001671b      0x901 ./Drivers/STM32H7xx_HAL_Driver/Src/stm32h7xx_hal_pwr.o
 .debug_info    0x0001701c     0x1012 ./Drivers/STM32H7xx_HAL_Driver/Src/stm32h7xx_hal_pwr_ex.o
 .debug_info    0x0001802e     0x12b8 ./Drivers/STM32H7xx_HAL_Driver/Src/stm32h7xx_hal_qspi.o
 .debug_info    0x000192e6      0xe6a ./Drivers/STM32H7xx_HAL_Driver/Src/stm32h7xx_hal_rcc.o
 .debug_info    0x0001a150     0x1225 ./Drivers/STM32H7xx_HAL_Driver/Src/stm32h7xx_hal_rcc_ex.o
 .debug_info    0x0001b375     0x107c ./Drivers/STM32H7xx_HAL_Driver/Src/stm32h7xx_hal_sdram.o
 .debug_info    0x0001c3f1      0xbe3 ./Drivers/STM32H7xx_HAL_Driver/Src/stm32h7xx_ll_fmc.o

.debug_abbrev   0x00000000     0x3cf8
 .debug_abbrev  0x00000000      0x1ba ./Core/Src/crc.o
 .debug_abbrev  0x000001ba      0x1ca ./Core/Src/dma2d.o
 .debug_abbrev  0x00000384      0x20f ./Core/Src/fdcan.o
 .debug_abbrev  0x00000593      0x291 ./Core/Src/fmc.o
 .debug_abbrev  0x00000824      0x189 ./Core/Src/gpio.o
 .debug_abbrev  0x000009ad      0x252 ./Core/Src/i2c.o
 .debug_abbrev  0x00000bff      0x207 ./Core/Src/ltdc.o
 .debug_abbrev  0x00000e06      0x303 ./Core/Src/main.o
 .debug_abbrev  0x00001109      0x226 ./Core/Src/quadspi.o
 .debug_abbrev  0x0000132f       0xdb ./Core/Src/stm32h7xx_hal_msp.o
 .debug_abbrev  0x0000140a      0x1b2 ./Core/Src/stm32h7xx_it.o
 .debug_abbrev  0x000015bc      0x165 ./Core/Src/system_stm32h7xx.o
 .debug_abbrev  0x00001721       0x24 ./Core/Startup/startup_stm32h743iitx.o
 .debug_abbrev  0x00001745      0x295 ./Drivers/STM32H7xx_HAL_Driver/Src/stm32h7xx_hal.o
 .debug_abbrev  0x000019da      0x339 ./Drivers/STM32H7xx_HAL_Driver/Src/stm32h7xx_hal_cortex.o
 .debug_abbrev  0x00001d13      0x1ee ./Drivers/STM32H7xx_HAL_Driver/Src/stm32h7xx_hal_crc.o
 .debug_abbrev  0x00001f01      0x151 ./Drivers/STM32H7xx_HAL_Driver/Src/stm32h7xx_hal_crc_ex.o
 .debug_abbrev  0x00002052      0x225 ./Drivers/STM32H7xx_HAL_Driver/Src/stm32h7xx_hal_dma2d.o
 .debug_abbrev  0x00002277      0x288 ./Drivers/STM32H7xx_HAL_Driver/Src/stm32h7xx_hal_fdcan.o
 .debug_abbrev  0x000024ff      0x205 ./Drivers/STM32H7xx_HAL_Driver/Src/stm32h7xx_hal_gpio.o
 .debug_abbrev  0x00002704      0x25d ./Drivers/STM32H7xx_HAL_Driver/Src/stm32h7xx_hal_i2c.o
 .debug_abbrev  0x00002961      0x1f5 ./Drivers/STM32H7xx_HAL_Driver/Src/stm32h7xx_hal_i2c_ex.o
 .debug_abbrev  0x00002b56      0x23a ./Drivers/STM32H7xx_HAL_Driver/Src/stm32h7xx_hal_ltdc.o
 .debug_abbrev  0x00002d90      0x18e ./Drivers/STM32H7xx_HAL_Driver/Src/stm32h7xx_hal_pwr.o
 .debug_abbrev  0x00002f1e      0x2a7 ./Drivers/STM32H7xx_HAL_Driver/Src/stm32h7xx_hal_pwr_ex.o
 .debug_abbrev  0x000031c5      0x24d ./Drivers/STM32H7xx_HAL_Driver/Src/stm32h7xx_hal_qspi.o
 .debug_abbrev  0x00003412      0x2c8 ./Drivers/STM32H7xx_HAL_Driver/Src/stm32h7xx_hal_rcc.o
 .debug_abbrev  0x000036da      0x269 ./Drivers/STM32H7xx_HAL_Driver/Src/stm32h7xx_hal_rcc_ex.o
 .debug_abbrev  0x00003943      0x209 ./Drivers/STM32H7xx_HAL_Driver/Src/stm32h7xx_hal_sdram.o
 .debug_abbrev  0x00003b4c      0x1ac ./Drivers/STM32H7xx_HAL_Driver/Src/stm32h7xx_ll_fmc.o

.debug_aranges  0x00000000     0x1588
 .debug_aranges
                0x00000000       0x30 ./Core/Src/crc.o
 .debug_aranges
                0x00000030       0x30 ./Core/Src/dma2d.o
 .debug_aranges
                0x00000060       0x30 ./Core/Src/fdcan.o
 .debug_aranges
                0x00000090       0x40 ./Core/Src/fmc.o
 .debug_aranges
                0x000000d0       0x20 ./Core/Src/gpio.o
 .debug_aranges
                0x000000f0       0x38 ./Core/Src/i2c.o
 .debug_aranges
                0x00000128       0x30 ./Core/Src/ltdc.o
 .debug_aranges
                0x00000158       0x58 ./Core/Src/main.o
 .debug_aranges
                0x000001b0       0x30 ./Core/Src/quadspi.o
 .debug_aranges
                0x000001e0       0x20 ./Core/Src/stm32h7xx_hal_msp.o
 .debug_aranges
                0x00000200       0x80 ./Core/Src/stm32h7xx_it.o
 .debug_aranges
                0x00000280       0x30 ./Core/Src/system_stm32h7xx.o
 .debug_aranges
                0x000002b0       0x28 ./Core/Startup/startup_stm32h743iitx.o
 .debug_aranges
                0x000002d8      0x198 ./Drivers/STM32H7xx_HAL_Driver/Src/stm32h7xx_hal.o
 .debug_aranges
                0x00000470      0x130 ./Drivers/STM32H7xx_HAL_Driver/Src/stm32h7xx_hal_cortex.o
 .debug_aranges
                0x000005a0       0x60 ./Drivers/STM32H7xx_HAL_Driver/Src/stm32h7xx_hal_crc.o
 .debug_aranges
                0x00000600       0x30 ./Drivers/STM32H7xx_HAL_Driver/Src/stm32h7xx_hal_crc_ex.o
 .debug_aranges
                0x00000630      0x118 ./Drivers/STM32H7xx_HAL_Driver/Src/stm32h7xx_hal_dma2d.o
 .debug_aranges
                0x00000748      0x338 ./Drivers/STM32H7xx_HAL_Driver/Src/stm32h7xx_hal_fdcan.o
 .debug_aranges
                0x00000a80       0x58 ./Drivers/STM32H7xx_HAL_Driver/Src/stm32h7xx_hal_gpio.o
 .debug_aranges
                0x00000ad8      0x2a0 ./Drivers/STM32H7xx_HAL_Driver/Src/stm32h7xx_hal_i2c.o
 .debug_aranges
                0x00000d78       0x48 ./Drivers/STM32H7xx_HAL_Driver/Src/stm32h7xx_hal_i2c_ex.o
 .debug_aranges
                0x00000dc0      0x158 ./Drivers/STM32H7xx_HAL_Driver/Src/stm32h7xx_hal_ltdc.o
 .debug_aranges
                0x00000f18       0xa0 ./Drivers/STM32H7xx_HAL_Driver/Src/stm32h7xx_hal_pwr.o
 .debug_aranges
                0x00000fb8      0x158 ./Drivers/STM32H7xx_HAL_Driver/Src/stm32h7xx_hal_pwr_ex.o
 .debug_aranges
                0x00001110      0x148 ./Drivers/STM32H7xx_HAL_Driver/Src/stm32h7xx_hal_qspi.o
 .debug_aranges
                0x00001258       0x88 ./Drivers/STM32H7xx_HAL_Driver/Src/stm32h7xx_hal_rcc.o
 .debug_aranges
                0x000012e0       0xf8 ./Drivers/STM32H7xx_HAL_Driver/Src/stm32h7xx_hal_rcc_ex.o
 .debug_aranges
                0x000013d8       0xe8 ./Drivers/STM32H7xx_HAL_Driver/Src/stm32h7xx_hal_sdram.o
 .debug_aranges
                0x000014c0       0xc8 ./Drivers/STM32H7xx_HAL_Driver/Src/stm32h7xx_ll_fmc.o

.debug_rnglists
                0x00000000     0x1062
 .debug_rnglists
                0x00000000       0x1f ./Core/Src/crc.o
 .debug_rnglists
                0x0000001f       0x1f ./Core/Src/dma2d.o
 .debug_rnglists
                0x0000003e       0x21 ./Core/Src/fdcan.o
 .debug_rnglists
                0x0000005f       0x2d ./Core/Src/fmc.o
 .debug_rnglists
                0x0000008c       0x14 ./Core/Src/gpio.o
 .debug_rnglists
                0x000000a0       0x27 ./Core/Src/i2c.o
 .debug_rnglists
                0x000000c7       0x21 ./Core/Src/ltdc.o
 .debug_rnglists
                0x000000e8       0x43 ./Core/Src/main.o
 .debug_rnglists
                0x0000012b       0x20 ./Core/Src/quadspi.o
 .debug_rnglists
                0x0000014b       0x13 ./Core/Src/stm32h7xx_hal_msp.o
 .debug_rnglists
                0x0000015e       0x5b ./Core/Src/stm32h7xx_it.o
 .debug_rnglists
                0x000001b9       0x21 ./Core/Src/system_stm32h7xx.o
 .debug_rnglists
                0x000001da       0x19 ./Core/Startup/startup_stm32h743iitx.o
 .debug_rnglists
                0x000001f3      0x131 ./Drivers/STM32H7xx_HAL_Driver/Src/stm32h7xx_hal.o
 .debug_rnglists
                0x00000324       0xe0 ./Drivers/STM32H7xx_HAL_Driver/Src/stm32h7xx_hal_cortex.o
 .debug_rnglists
                0x00000404       0x47 ./Drivers/STM32H7xx_HAL_Driver/Src/stm32h7xx_hal_crc.o
 .debug_rnglists
                0x0000044b       0x20 ./Drivers/STM32H7xx_HAL_Driver/Src/stm32h7xx_hal_crc_ex.o
 .debug_rnglists
                0x0000046b       0xde ./Drivers/STM32H7xx_HAL_Driver/Src/stm32h7xx_hal_dma2d.o
 .debug_rnglists
                0x00000549      0x28b ./Drivers/STM32H7xx_HAL_Driver/Src/stm32h7xx_hal_fdcan.o
 .debug_rnglists
                0x000007d4       0x3f ./Drivers/STM32H7xx_HAL_Driver/Src/stm32h7xx_hal_gpio.o
 .debug_rnglists
                0x00000813      0x22a ./Drivers/STM32H7xx_HAL_Driver/Src/stm32h7xx_hal_i2c.o
 .debug_rnglists
                0x00000a3d       0x35 ./Drivers/STM32H7xx_HAL_Driver/Src/stm32h7xx_hal_i2c_ex.o
 .debug_rnglists
                0x00000a72      0x10a ./Drivers/STM32H7xx_HAL_Driver/Src/stm32h7xx_hal_ltdc.o
 .debug_rnglists
                0x00000b7c       0x74 ./Drivers/STM32H7xx_HAL_Driver/Src/stm32h7xx_hal_pwr.o
 .debug_rnglists
                0x00000bf0      0x103 ./Drivers/STM32H7xx_HAL_Driver/Src/stm32h7xx_hal_pwr_ex.o
 .debug_rnglists
                0x00000cf3      0x101 ./Drivers/STM32H7xx_HAL_Driver/Src/stm32h7xx_hal_qspi.o
 .debug_rnglists
                0x00000df4       0x68 ./Drivers/STM32H7xx_HAL_Driver/Src/stm32h7xx_hal_rcc.o
 .debug_rnglists
                0x00000e5c       0xc0 ./Drivers/STM32H7xx_HAL_Driver/Src/stm32h7xx_hal_rcc_ex.o
 .debug_rnglists
                0x00000f1c       0xb1 ./Drivers/STM32H7xx_HAL_Driver/Src/stm32h7xx_hal_sdram.o
 .debug_rnglists
                0x00000fcd       0x95 ./Drivers/STM32H7xx_HAL_Driver/Src/stm32h7xx_ll_fmc.o

.debug_macro    0x00000000    0x3a64f
 .debug_macro   0x00000000      0x30e ./Core/Src/crc.o
 .debug_macro   0x0000030e      0xad2 ./Core/Src/crc.o
 .debug_macro   0x00000de0      0x250 ./Core/Src/crc.o
 .debug_macro   0x00001030       0x2e ./Core/Src/crc.o
 .debug_macro   0x0000105e       0x3b ./Core/Src/crc.o
 .debug_macro   0x00001099       0x22 ./Core/Src/crc.o
 .debug_macro   0x000010bb       0x8e ./Core/Src/crc.o
 .debug_macro   0x00001149       0x51 ./Core/Src/crc.o
 .debug_macro   0x0000119a      0x103 ./Core/Src/crc.o
 .debug_macro   0x0000129d       0x6a ./Core/Src/crc.o
 .debug_macro   0x00001307      0x1df ./Core/Src/crc.o
 .debug_macro   0x000014e6       0x1c ./Core/Src/crc.o
 .debug_macro   0x00001502       0x22 ./Core/Src/crc.o
 .debug_macro   0x00001524       0xfb ./Core/Src/crc.o
 .debug_macro   0x0000161f     0x1305 ./Core/Src/crc.o
 .debug_macro   0x00002924      0x11f ./Core/Src/crc.o
 .debug_macro   0x00002a43       0x27 ./Core/Src/crc.o
 .debug_macro   0x00002a6a    0x25b9b ./Core/Src/crc.o
 .debug_macro   0x00028605       0x6d ./Core/Src/crc.o
 .debug_macro   0x00028672     0x3d79 ./Core/Src/crc.o
 .debug_macro   0x0002c3eb      0x189 ./Core/Src/crc.o
 .debug_macro   0x0002c574       0x61 ./Core/Src/crc.o
 .debug_macro   0x0002c5d5       0x29 ./Core/Src/crc.o
 .debug_macro   0x0002c5fe       0x43 ./Core/Src/crc.o
 .debug_macro   0x0002c641       0x34 ./Core/Src/crc.o
 .debug_macro   0x0002c675       0x16 ./Core/Src/crc.o
 .debug_macro   0x0002c68b       0x43 ./Core/Src/crc.o
 .debug_macro   0x0002c6ce       0x34 ./Core/Src/crc.o
 .debug_macro   0x0002c702       0x10 ./Core/Src/crc.o
 .debug_macro   0x0002c712       0x58 ./Core/Src/crc.o
 .debug_macro   0x0002c76a       0x8e ./Core/Src/crc.o
 .debug_macro   0x0002c7f8       0x1c ./Core/Src/crc.o
 .debug_macro   0x0002c814      0x177 ./Core/Src/crc.o
 .debug_macro   0x0002c98b      0x369 ./Core/Src/crc.o
 .debug_macro   0x0002ccf4      0x19b ./Core/Src/crc.o
 .debug_macro   0x0002ce8f       0x5d ./Core/Src/crc.o
 .debug_macro   0x0002ceec     0x2382 ./Core/Src/crc.o
 .debug_macro   0x0002f26e     0x102c ./Core/Src/crc.o
 .debug_macro   0x0003029a      0x154 ./Core/Src/crc.o
 .debug_macro   0x000303ee      0x114 ./Core/Src/crc.o
 .debug_macro   0x00030502      0x3b6 ./Core/Src/crc.o
 .debug_macro   0x000308b8       0xac ./Core/Src/crc.o
 .debug_macro   0x00030964      0x72d ./Core/Src/crc.o
 .debug_macro   0x00031091      0x228 ./Core/Src/crc.o
 .debug_macro   0x000312b9       0x66 ./Core/Src/crc.o
 .debug_macro   0x0003131f      0x3bb ./Core/Src/crc.o
 .debug_macro   0x000316da      0x28d ./Core/Src/crc.o
 .debug_macro   0x00031967      0x3e4 ./Core/Src/crc.o
 .debug_macro   0x00031d4b      0x275 ./Core/Src/crc.o
 .debug_macro   0x00031fc0      0xe42 ./Core/Src/crc.o
 .debug_macro   0x00032e02       0xc7 ./Core/Src/crc.o
 .debug_macro   0x00032ec9       0x4c ./Core/Src/crc.o
 .debug_macro   0x00032f15      0x3ca ./Core/Src/crc.o
 .debug_macro   0x000332df      0x408 ./Core/Src/crc.o
 .debug_macro   0x000336e7       0x51 ./Core/Src/crc.o
 .debug_macro   0x00033738       0x4a ./Core/Src/crc.o
 .debug_macro   0x00033782      0x22c ./Core/Src/crc.o
 .debug_macro   0x000339ae       0x67 ./Core/Src/crc.o
 .debug_macro   0x00033a15       0xa5 ./Core/Src/crc.o
 .debug_macro   0x00033aba      0x198 ./Core/Src/crc.o
 .debug_macro   0x00033c52       0xd6 ./Core/Src/crc.o
 .debug_macro   0x00033d28      0x1c4 ./Core/Src/crc.o
 .debug_macro   0x00033eec      0x25e ./Core/Src/crc.o
 .debug_macro   0x0003414a       0x35 ./Core/Src/crc.o
 .debug_macro   0x0003417f       0x16 ./Core/Src/crc.o
 .debug_macro   0x00034195      0x2ce ./Core/Src/crc.o
 .debug_macro   0x00034463      0x512 ./Core/Src/crc.o
 .debug_macro   0x00034975      0x5ac ./Core/Src/crc.o
 .debug_macro   0x00034f21       0x10 ./Core/Src/crc.o
 .debug_macro   0x00034f31      0x30e ./Core/Src/dma2d.o
 .debug_macro   0x0003523f      0x30e ./Core/Src/fdcan.o
 .debug_macro   0x0003554d      0x30e ./Core/Src/fmc.o
 .debug_macro   0x0003585b      0x30e ./Core/Src/gpio.o
 .debug_macro   0x00035b69      0x30e ./Core/Src/i2c.o
 .debug_macro   0x00035e77      0x30e ./Core/Src/ltdc.o
 .debug_macro   0x00036185      0x3aa ./Core/Src/main.o
 .debug_macro   0x0003652f      0x30e ./Core/Src/quadspi.o
 .debug_macro   0x0003683d      0x304 ./Core/Src/stm32h7xx_hal_msp.o
 .debug_macro   0x00036b41      0x30e ./Core/Src/stm32h7xx_it.o
 .debug_macro   0x00036e4f      0x2f5 ./Core/Src/system_stm32h7xx.o
 .debug_macro   0x00037144      0x31f ./Drivers/STM32H7xx_HAL_Driver/Src/stm32h7xx_hal.o
 .debug_macro   0x00037463      0x2f5 ./Drivers/STM32H7xx_HAL_Driver/Src/stm32h7xx_hal_cortex.o
 .debug_macro   0x00037758      0x2f5 ./Drivers/STM32H7xx_HAL_Driver/Src/stm32h7xx_hal_crc.o
 .debug_macro   0x00037a4d      0x2f5 ./Drivers/STM32H7xx_HAL_Driver/Src/stm32h7xx_hal_crc_ex.o
 .debug_macro   0x00037d42      0x304 ./Drivers/STM32H7xx_HAL_Driver/Src/stm32h7xx_hal_dma2d.o
 .debug_macro   0x00038046      0x3ba ./Drivers/STM32H7xx_HAL_Driver/Src/stm32h7xx_hal_fdcan.o
 .debug_macro   0x00038400      0x2fc ./Drivers/STM32H7xx_HAL_Driver/Src/stm32h7xx_hal_gpio.o
 .debug_macro   0x000386fc      0x3c1 ./Drivers/STM32H7xx_HAL_Driver/Src/stm32h7xx_hal_i2c.o
 .debug_macro   0x00038abd      0x2f5 ./Drivers/STM32H7xx_HAL_Driver/Src/stm32h7xx_hal_i2c_ex.o
 .debug_macro   0x00038db2      0x2fd ./Drivers/STM32H7xx_HAL_Driver/Src/stm32h7xx_hal_ltdc.o
 .debug_macro   0x000390af      0x319 ./Drivers/STM32H7xx_HAL_Driver/Src/stm32h7xx_hal_pwr.o
 .debug_macro   0x000393c8      0x32e ./Drivers/STM32H7xx_HAL_Driver/Src/stm32h7xx_hal_pwr_ex.o
 .debug_macro   0x000396f6      0x319 ./Drivers/STM32H7xx_HAL_Driver/Src/stm32h7xx_hal_qspi.o
 .debug_macro   0x00039a0f      0x319 ./Drivers/STM32H7xx_HAL_Driver/Src/stm32h7xx_hal_rcc.o
 .debug_macro   0x00039d28      0x313 ./Drivers/STM32H7xx_HAL_Driver/Src/stm32h7xx_hal_rcc_ex.o
 .debug_macro   0x0003a03b      0x2f5 ./Drivers/STM32H7xx_HAL_Driver/Src/stm32h7xx_hal_sdram.o
 .debug_macro   0x0003a330      0x31f ./Drivers/STM32H7xx_HAL_Driver/Src/stm32h7xx_ll_fmc.o

.debug_line     0x00000000    0x1e9bc
 .debug_line    0x00000000      0x9bb ./Core/Src/crc.o
 .debug_line    0x000009bb      0x9d8 ./Core/Src/dma2d.o
 .debug_line    0x00001393      0xa26 ./Core/Src/fdcan.o
 .debug_line    0x00001db9      0xa9e ./Core/Src/fmc.o
 .debug_line    0x00002857      0x9a5 ./Core/Src/gpio.o
 .debug_line    0x000031fc      0xa9f ./Core/Src/i2c.o
 .debug_line    0x00003c9b      0xaa1 ./Core/Src/ltdc.o
 .debug_line    0x0000473c      0xede ./Core/Src/main.o
 .debug_line    0x0000561a      0xa2b ./Core/Src/quadspi.o
 .debug_line    0x00006045      0x96f ./Core/Src/stm32h7xx_hal_msp.o
 .debug_line    0x000069b4      0xa93 ./Core/Src/stm32h7xx_it.o
 .debug_line    0x00007447      0xb6d ./Core/Src/system_stm32h7xx.o
 .debug_line    0x00007fb4       0x7b ./Core/Startup/startup_stm32h743iitx.o
 .debug_line    0x0000802f      0xf21 ./Drivers/STM32H7xx_HAL_Driver/Src/stm32h7xx_hal.o
 .debug_line    0x00008f50      0xf50 ./Drivers/STM32H7xx_HAL_Driver/Src/stm32h7xx_hal_cortex.o
 .debug_line    0x00009ea0      0xcb1 ./Drivers/STM32H7xx_HAL_Driver/Src/stm32h7xx_hal_crc.o
 .debug_line    0x0000ab51      0xa2d ./Drivers/STM32H7xx_HAL_Driver/Src/stm32h7xx_hal_crc_ex.o
 .debug_line    0x0000b57e     0x14ac ./Drivers/STM32H7xx_HAL_Driver/Src/stm32h7xx_hal_dma2d.o
 .debug_line    0x0000ca2a     0x29df ./Drivers/STM32H7xx_HAL_Driver/Src/stm32h7xx_hal_fdcan.o
 .debug_line    0x0000f409      0xdf9 ./Drivers/STM32H7xx_HAL_Driver/Src/stm32h7xx_hal_gpio.o
 .debug_line    0x00010202     0x3fc8 ./Drivers/STM32H7xx_HAL_Driver/Src/stm32h7xx_hal_i2c.o
 .debug_line    0x000141ca      0xb8e ./Drivers/STM32H7xx_HAL_Driver/Src/stm32h7xx_hal_i2c_ex.o
 .debug_line    0x00014d58     0x1975 ./Drivers/STM32H7xx_HAL_Driver/Src/stm32h7xx_hal_ltdc.o
 .debug_line    0x000166cd      0xb8b ./Drivers/STM32H7xx_HAL_Driver/Src/stm32h7xx_hal_pwr.o
 .debug_line    0x00017258     0x1044 ./Drivers/STM32H7xx_HAL_Driver/Src/stm32h7xx_hal_pwr_ex.o
 .debug_line    0x0001829c     0x15d6 ./Drivers/STM32H7xx_HAL_Driver/Src/stm32h7xx_hal_qspi.o
 .debug_line    0x00019872     0x14f1 ./Drivers/STM32H7xx_HAL_Driver/Src/stm32h7xx_hal_rcc.o
 .debug_line    0x0001ad63     0x1e8d ./Drivers/STM32H7xx_HAL_Driver/Src/stm32h7xx_hal_rcc_ex.o
 .debug_line    0x0001cbf0     0x1064 ./Drivers/STM32H7xx_HAL_Driver/Src/stm32h7xx_hal_sdram.o
 .debug_line    0x0001dc54      0xd68 ./Drivers/STM32H7xx_HAL_Driver/Src/stm32h7xx_ll_fmc.o

.debug_str      0x00000000   0x165a34
 .debug_str     0x00000000   0x15ca81 ./Core/Src/crc.o
                             0x15cee0 (size before relaxing)
 .debug_str     0x0015ca81      0x261 ./Core/Src/dma2d.o
                             0x15cff1 (size before relaxing)
 .debug_str     0x0015cce2     0x1069 ./Core/Src/fdcan.o
                             0x15de98 (size before relaxing)
 .debug_str     0x0015dd4b      0x540 ./Core/Src/fmc.o
                             0x15df70 (size before relaxing)
 .debug_str     0x0015e28b       0x68 ./Core/Src/gpio.o
                             0x15cdab (size before relaxing)
 .debug_str     0x0015e2f3      0x50c ./Core/Src/i2c.o
                             0x15d754 (size before relaxing)
 .debug_str     0x0015e7ff      0x2b6 ./Core/Src/ltdc.o
                             0x15d440 (size before relaxing)
 .debug_str     0x0015eab5      0x8f7 ./Core/Src/main.o
                             0x15e168 (size before relaxing)
 .debug_str     0x0015f3ac      0x22f ./Core/Src/quadspi.o
                             0x15d6ad (size before relaxing)
 .debug_str     0x0015f5db       0x2c ./Core/Src/stm32h7xx_hal_msp.o
                             0x15ccce (size before relaxing)
 .debug_str     0x0015f607      0x143 ./Core/Src/stm32h7xx_it.o
                             0x15d532 (size before relaxing)
 .debug_str     0x0015f74a      0x335 ./Core/Src/system_stm32h7xx.o
                             0x15d013 (size before relaxing)
 .debug_str     0x0015fa7f       0x44 ./Core/Startup/startup_stm32h743iitx.o
                                 0x89 (size before relaxing)
 .debug_str     0x0015fac3      0x7e2 ./Drivers/STM32H7xx_HAL_Driver/Src/stm32h7xx_hal.o
                             0x15deea (size before relaxing)
 .debug_str     0x001602a5      0x2af ./Drivers/STM32H7xx_HAL_Driver/Src/stm32h7xx_hal_cortex.o
                             0x15d925 (size before relaxing)
 .debug_str     0x00160554       0xd1 ./Drivers/STM32H7xx_HAL_Driver/Src/stm32h7xx_hal_crc.o
                             0x15cd37 (size before relaxing)
 .debug_str     0x00160625       0x69 ./Drivers/STM32H7xx_HAL_Driver/Src/stm32h7xx_hal_crc_ex.o
                             0x15ccdd (size before relaxing)
 .debug_str     0x0016068e      0x38c ./Drivers/STM32H7xx_HAL_Driver/Src/stm32h7xx_hal_dma2d.o
                             0x15d36c (size before relaxing)
 .debug_str     0x00160a1a     0x19cc ./Drivers/STM32H7xx_HAL_Driver/Src/stm32h7xx_hal_fdcan.o
                             0x15ecc2 (size before relaxing)
 .debug_str     0x001623e6       0xec ./Drivers/STM32H7xx_HAL_Driver/Src/stm32h7xx_hal_gpio.o
                             0x15cf8b (size before relaxing)
 .debug_str     0x001624d2      0xe30 ./Drivers/STM32H7xx_HAL_Driver/Src/stm32h7xx_hal_i2c.o
                             0x15e02c (size before relaxing)
 .debug_str     0x00163302       0xb8 ./Drivers/STM32H7xx_HAL_Driver/Src/stm32h7xx_hal_i2c_ex.o
                             0x15d3d0 (size before relaxing)
 .debug_str     0x001633ba      0x474 ./Drivers/STM32H7xx_HAL_Driver/Src/stm32h7xx_hal_ltdc.o
                             0x15d2a1 (size before relaxing)
 .debug_str     0x0016382e      0x285 ./Drivers/STM32H7xx_HAL_Driver/Src/stm32h7xx_hal_pwr.o
                             0x15cf52 (size before relaxing)
 .debug_str     0x00163ab3      0x5e9 ./Drivers/STM32H7xx_HAL_Driver/Src/stm32h7xx_hal_pwr_ex.o
                             0x15d44c (size before relaxing)
 .debug_str     0x0016409c      0x68e ./Drivers/STM32H7xx_HAL_Driver/Src/stm32h7xx_hal_qspi.o
                             0x15d6e5 (size before relaxing)
 .debug_str     0x0016472a      0x22e ./Drivers/STM32H7xx_HAL_Driver/Src/stm32h7xx_hal_rcc.o
                             0x15d36f (size before relaxing)
 .debug_str     0x00164958      0x5e0 ./Drivers/STM32H7xx_HAL_Driver/Src/stm32h7xx_hal_rcc_ex.o
                             0x15d850 (size before relaxing)
 .debug_str     0x00164f38      0x3b4 ./Drivers/STM32H7xx_HAL_Driver/Src/stm32h7xx_hal_sdram.o
                             0x15d459 (size before relaxing)
 .debug_str     0x001652ec      0x748 ./Drivers/STM32H7xx_HAL_Driver/Src/stm32h7xx_ll_fmc.o
                             0x15d509 (size before relaxing)

.comment        0x00000000       0x43
 .comment       0x00000000       0x43 ./Core/Src/crc.o
                                 0x44 (size before relaxing)
 .comment       0x00000043       0x44 ./Core/Src/dma2d.o
 .comment       0x00000043       0x44 ./Core/Src/fdcan.o
 .comment       0x00000043       0x44 ./Core/Src/fmc.o
 .comment       0x00000043       0x44 ./Core/Src/gpio.o
 .comment       0x00000043       0x44 ./Core/Src/i2c.o
 .comment       0x00000043       0x44 ./Core/Src/ltdc.o
 .comment       0x00000043       0x44 ./Core/Src/main.o
 .comment       0x00000043       0x44 ./Core/Src/quadspi.o
 .comment       0x00000043       0x44 ./Core/Src/stm32h7xx_hal_msp.o
 .comment       0x00000043       0x44 ./Core/Src/stm32h7xx_it.o
 .comment       0x00000043       0x44 ./Core/Src/system_stm32h7xx.o
 .comment       0x00000043       0x44 ./Drivers/STM32H7xx_HAL_Driver/Src/stm32h7xx_hal.o
 .comment       0x00000043       0x44 ./Drivers/STM32H7xx_HAL_Driver/Src/stm32h7xx_hal_cortex.o
 .comment       0x00000043       0x44 ./Drivers/STM32H7xx_HAL_Driver/Src/stm32h7xx_hal_crc.o
 .comment       0x00000043       0x44 ./Drivers/STM32H7xx_HAL_Driver/Src/stm32h7xx_hal_crc_ex.o
 .comment       0x00000043       0x44 ./Drivers/STM32H7xx_HAL_Driver/Src/stm32h7xx_hal_dma2d.o
 .comment       0x00000043       0x44 ./Drivers/STM32H7xx_HAL_Driver/Src/stm32h7xx_hal_fdcan.o
 .comment       0x00000043       0x44 ./Drivers/STM32H7xx_HAL_Driver/Src/stm32h7xx_hal_gpio.o
 .comment       0x00000043       0x44 ./Drivers/STM32H7xx_HAL_Driver/Src/stm32h7xx_hal_i2c.o
 .comment       0x00000043       0x44 ./Drivers/STM32H7xx_HAL_Driver/Src/stm32h7xx_hal_i2c_ex.o
 .comment       0x00000043       0x44 ./Drivers/STM32H7xx_HAL_Driver/Src/stm32h7xx_hal_ltdc.o
 .comment       0x00000043       0x44 ./Drivers/STM32H7xx_HAL_Driver/Src/stm32h7xx_hal_pwr.o
 .comment       0x00000043       0x44 ./Drivers/STM32H7xx_HAL_Driver/Src/stm32h7xx_hal_pwr_ex.o
 .comment       0x00000043       0x44 ./Drivers/STM32H7xx_HAL_Driver/Src/stm32h7xx_hal_qspi.o
 .comment       0x00000043       0x44 ./Drivers/STM32H7xx_HAL_Driver/Src/stm32h7xx_hal_rcc.o
 .comment       0x00000043       0x44 ./Drivers/STM32H7xx_HAL_Driver/Src/stm32h7xx_hal_rcc_ex.o
 .comment       0x00000043       0x44 ./Drivers/STM32H7xx_HAL_Driver/Src/stm32h7xx_hal_sdram.o
 .comment       0x00000043       0x44 ./Drivers/STM32H7xx_HAL_Driver/Src/stm32h7xx_ll_fmc.o

.debug_frame    0x00000000     0x59a4
 .debug_frame   0x00000000       0x7c ./Core/Src/crc.o
 .debug_frame   0x0000007c       0x7c ./Core/Src/dma2d.o
 .debug_frame   0x000000f8       0x78 ./Core/Src/fdcan.o
 .debug_frame   0x00000170       0xc0 ./Core/Src/fmc.o
 .debug_frame   0x00000230       0x34 ./Core/Src/gpio.o
 .debug_frame   0x00000264       0x94 ./Core/Src/i2c.o
 .debug_frame   0x000002f8       0x80 ./Core/Src/ltdc.o
 .debug_frame   0x00000378      0x130 ./Core/Src/main.o
 .debug_frame   0x000004a8       0x78 ./Core/Src/quadspi.o
 .debug_frame   0x00000520       0x38 ./Core/Src/stm32h7xx_hal_msp.o
 .debug_frame   0x00000558      0x174 ./Core/Src/stm32h7xx_it.o
 .debug_frame   0x000006cc       0x78 ./Core/Src/system_stm32h7xx.o
 .debug_frame   0x00000744      0x690 ./Drivers/STM32H7xx_HAL_Driver/Src/stm32h7xx_hal.o
 .debug_frame   0x00000dd4      0x508 ./Drivers/STM32H7xx_HAL_Driver/Src/stm32h7xx_hal_cortex.o
 .debug_frame   0x000012dc      0x168 ./Drivers/STM32H7xx_HAL_Driver/Src/stm32h7xx_hal_crc.o
 .debug_frame   0x00001444       0x88 ./Drivers/STM32H7xx_HAL_Driver/Src/stm32h7xx_hal_crc_ex.o
 .debug_frame   0x000014cc      0x4e8 ./Drivers/STM32H7xx_HAL_Driver/Src/stm32h7xx_hal_dma2d.o
 .debug_frame   0x000019b4      0xf9c ./Drivers/STM32H7xx_HAL_Driver/Src/stm32h7xx_hal_fdcan.o
 .debug_frame   0x00002950      0x14c ./Drivers/STM32H7xx_HAL_Driver/Src/stm32h7xx_hal_gpio.o
 .debug_frame   0x00002a9c      0xc40 ./Drivers/STM32H7xx_HAL_Driver/Src/stm32h7xx_hal_i2c.o
 .debug_frame   0x000036dc      0x100 ./Drivers/STM32H7xx_HAL_Driver/Src/stm32h7xx_hal_i2c_ex.o
 .debug_frame   0x000037dc      0x61c ./Drivers/STM32H7xx_HAL_Driver/Src/stm32h7xx_hal_ltdc.o
 .debug_frame   0x00003df8      0x254 ./Drivers/STM32H7xx_HAL_Driver/Src/stm32h7xx_hal_pwr.o
 .debug_frame   0x0000404c      0x580 ./Drivers/STM32H7xx_HAL_Driver/Src/stm32h7xx_hal_pwr_ex.o
 .debug_frame   0x000045cc      0x5ec ./Drivers/STM32H7xx_HAL_Driver/Src/stm32h7xx_hal_qspi.o
 .debug_frame   0x00004bb8      0x1f8 ./Drivers/STM32H7xx_HAL_Driver/Src/stm32h7xx_hal_rcc.o
 .debug_frame   0x00004db0      0x414 ./Drivers/STM32H7xx_HAL_Driver/Src/stm32h7xx_hal_rcc_ex.o
 .debug_frame   0x000051c4      0x3f0 ./Drivers/STM32H7xx_HAL_Driver/Src/stm32h7xx_hal_sdram.o
 .debug_frame   0x000055b4      0x37c ./Drivers/STM32H7xx_HAL_Driver/Src/stm32h7xx_ll_fmc.o
 .debug_frame   0x00005930       0x20 C:/ST/STM32CubeIDE_1.17.0/STM32CubeIDE/plugins/com.st.stm32cube.ide.mcu.externaltools.gnu-tools-for-stm32.12.3.rel1.win32_1.1.0.202410251130/tools/bin/../lib/gcc/arm-none-eabi/12.3.1/../../../../arm-none-eabi/lib/thumb/v7e-m+dp/hard\libc_nano.a(libc_a-memset.o)
 .debug_frame   0x00005950       0x2c C:/ST/STM32CubeIDE_1.17.0/STM32CubeIDE/plugins/com.st.stm32cube.ide.mcu.externaltools.gnu-tools-for-stm32.12.3.rel1.win32_1.1.0.202410251130/tools/bin/../lib/gcc/arm-none-eabi/12.3.1/../../../../arm-none-eabi/lib/thumb/v7e-m+dp/hard\libc_nano.a(libc_a-init.o)
 .debug_frame   0x0000597c       0x28 C:/ST/STM32CubeIDE_1.17.0/STM32CubeIDE/plugins/com.st.stm32cube.ide.mcu.externaltools.gnu-tools-for-stm32.12.3.rel1.win32_1.1.0.202410251130/tools/bin/../lib/gcc/arm-none-eabi/12.3.1/../../../../arm-none-eabi/lib/thumb/v7e-m+dp/hard\libc_nano.a(libc_a-memcpy-stub.o)

.debug_line_str
                0x00000000       0x6d
 .debug_line_str
                0x00000000       0x6d ./Core/Startup/startup_stm32h743iitx.o
