../Core/Src/main.c:835:6:MPU_Config	1
../Core/Src/main.c:767:13:MX_GPIO_Init	1
../Core/Src/main.c:866:6:Error_Handler	1
../Core/Src/main.c:716:13:MX_FMC_Init	1
../Core/Src/main.c:654:13:MX_QUADSPI_Init	1
../Core/Src/main.c:572:13:MX_LTDC_Init	1
../Core/Src/main.c:346:13:MX_DCMI_Init	1
../Core/Src/main.c:383:13:MX_DMA2D_Init	1
../Core/Src/main.c:423:13:MX_FDCAN1_Init	1
../Core/Src/main.c:524:13:MX_I2C4_Init	1
../Core/Src/main.c:689:13:MX_SDMMC2_SD_Init	1
../Core/Src/main.c:476:13:MX_I2C1_Init	1
../Core/Src/main.c:258:6:SystemClock_Config	2
../Core/Src/main.c:114:5:main	2
