../Core/Src/main.c:835:6:MPU_Config	1
../Core/Src/main.c:696:13:MX_GPIO_Init	1
../Core/Src/main.c:728:6:HAL_FDCAN_RxFifo0Callback	6
../Core/Src/main.c:866:6:Error_Handler	1
../Core/Src/main.c:645:13:MX_FMC_Init	1
../Core/Src/main.c:583:13:MX_QUADSPI_Init	1
../Core/Src/main.c:501:13:MX_LTDC_Init	1
../Core/Src/main.c:275:13:MX_DCMI_Init	1
../Core/Src/main.c:312:13:MX_DMA2D_Init	1
../Core/Src/main.c:352:13:MX_FDCAN1_Init	1
../Core/Src/main.c:453:13:MX_I2C4_Init	1
../Core/Src/main.c:618:13:MX_SDMMC2_SD_Init	1
../Core/Src/main.c:405:13:MX_I2C1_Init	1
../Core/Src/main.c:187:6:SystemClock_Config	2
../Core/Src/main.c:105:5:main	1
