../Core/Src/main.c:835:6:MPU_Config	24	static
../Core/Src/main.c:696:13:MX_GPIO_Init	72	static
../Core/Src/main.c:728:6:HAL_FDCAN_RxFifo0Callback	8	static
../Core/Src/main.c:866:6:Error_Handler	0	static,ignoring_inline_asm
../Core/Src/main.c:645:13:MX_FMC_Init	40	static
../Core/Src/main.c:583:13:MX_QUADSPI_Init	8	static
../Core/Src/main.c:501:13:MX_LTDC_Init	112	static
../Core/Src/main.c:275:13:MX_DCMI_Init	8	static
../Core/Src/main.c:312:13:MX_DMA2D_Init	8	static
../Core/Src/main.c:352:13:MX_FDCAN1_Init	8	static
../Core/Src/main.c:453:13:MX_I2C4_Init	8	static
../Core/Src/main.c:618:13:MX_SDMMC2_SD_Init	8	static
../Core/Src/main.c:405:13:MX_I2C1_Init	8	static
../Core/Src/main.c:187:6:SystemClock_Config	152	static
../Core/Src/main.c:105:5:main	40	static
