../Core/Src/stm32h7xx_hal_msp.c:971:13:HAL_FMC_MspDeInit	8	static
../Core/Src/stm32h7xx_hal_msp.c:849:13:HAL_FMC_MspInit	248	static
../Core/Src/stm32h7xx_hal_msp.c:63:6:HAL_MspInit	8	static
../Core/Src/stm32h7xx_hal_msp.c:85:6:HAL_DCMI_MspInit	64	static
../Core/Src/stm32h7xx_hal_msp.c:171:6:HAL_DCMI_MspDeInit	8	static
../Core/Src/stm32h7xx_hal_msp.c:219:6:HAL_DMA2D_MspInit	8	static
../Core/Src/stm32h7xx_hal_msp.c:242:6:HAL_DMA2D_MspDeInit	0	static
../Core/Src/stm32h7xx_hal_msp.c:264:6:HAL_FDCAN_MspInit	232	static
../Core/Src/stm32h7xx_hal_msp.c:312:6:HAL_FDCAN_MspDeInit	8	static
../Core/Src/stm32h7xx_hal_msp.c:341:6:HAL_I2C_MspInit	240	static
../Core/Src/stm32h7xx_hal_msp.c:420:6:HAL_I2C_MspDeInit	8	static
../Core/Src/stm32h7xx_hal_msp.c:471:6:HAL_LTDC_MspInit	264	static
../Core/Src/stm32h7xx_hal_msp.c:592:6:HAL_LTDC_MspDeInit	8	static
../Core/Src/stm32h7xx_hal_msp.c:649:6:HAL_QSPI_MspInit	256	static
../Core/Src/stm32h7xx_hal_msp.c:723:6:HAL_QSPI_MspDeInit	8	static
../Core/Src/stm32h7xx_hal_msp.c:758:6:HAL_SD_MspInit	248	static
../Core/Src/stm32h7xx_hal_msp.c:818:6:HAL_SD_MspDeInit	8	static
../Core/Src/stm32h7xx_hal_msp.c:959:6:HAL_SDRAM_MspInit	8	static
../Core/Src/stm32h7xx_hal_msp.c:1044:6:HAL_SDRAM_MspDeInit	8	static
