Archive member included to satisfy reference by file (symbol)

C:/ST/STM32CubeIDE_1.17.0/STM32CubeIDE/plugins/com.st.stm32cube.ide.mcu.externaltools.gnu-tools-for-stm32.12.3.rel1.win32_1.1.0.202410251130/tools/bin/../lib/gcc/arm-none-eabi/12.3.1/../../../../arm-none-eabi/lib/thumb/v7e-m+dp/hard\libc_nano.a(libc_a-exit.o)
                              C:/ST/STM32CubeIDE_1.17.0/STM32CubeIDE/plugins/com.st.stm32cube.ide.mcu.externaltools.gnu-tools-for-stm32.12.3.rel1.win32_1.1.0.202410251130/tools/bin/../lib/gcc/arm-none-eabi/12.3.1/../../../../arm-none-eabi/lib/thumb/v7e-m+dp/hard/crt0.o (exit)
C:/ST/STM32CubeIDE_1.17.0/STM32CubeIDE/plugins/com.st.stm32cube.ide.mcu.externaltools.gnu-tools-for-stm32.12.3.rel1.win32_1.1.0.202410251130/tools/bin/../lib/gcc/arm-none-eabi/12.3.1/../../../../arm-none-eabi/lib/thumb/v7e-m+dp/hard\libc_nano.a(libc_a-findfp.o)
                              C:/ST/STM32CubeIDE_1.17.0/STM32CubeIDE/plugins/com.st.stm32cube.ide.mcu.externaltools.gnu-tools-for-stm32.12.3.rel1.win32_1.1.0.202410251130/tools/bin/../lib/gcc/arm-none-eabi/12.3.1/../../../../arm-none-eabi/lib/thumb/v7e-m+dp/hard\libc_nano.a(libc_a-exit.o) (__stdio_exit_handler)
C:/ST/STM32CubeIDE_1.17.0/STM32CubeIDE/plugins/com.st.stm32cube.ide.mcu.externaltools.gnu-tools-for-stm32.12.3.rel1.win32_1.1.0.202410251130/tools/bin/../lib/gcc/arm-none-eabi/12.3.1/../../../../arm-none-eabi/lib/thumb/v7e-m+dp/hard\libc_nano.a(libc_a-fwalk.o)
                              C:/ST/STM32CubeIDE_1.17.0/STM32CubeIDE/plugins/com.st.stm32cube.ide.mcu.externaltools.gnu-tools-for-stm32.12.3.rel1.win32_1.1.0.202410251130/tools/bin/../lib/gcc/arm-none-eabi/12.3.1/../../../../arm-none-eabi/lib/thumb/v7e-m+dp/hard\libc_nano.a(libc_a-findfp.o) (_fwalk_sglue)
C:/ST/STM32CubeIDE_1.17.0/STM32CubeIDE/plugins/com.st.stm32cube.ide.mcu.externaltools.gnu-tools-for-stm32.12.3.rel1.win32_1.1.0.202410251130/tools/bin/../lib/gcc/arm-none-eabi/12.3.1/../../../../arm-none-eabi/lib/thumb/v7e-m+dp/hard\libc_nano.a(libc_a-stdio.o)
                              C:/ST/STM32CubeIDE_1.17.0/STM32CubeIDE/plugins/com.st.stm32cube.ide.mcu.externaltools.gnu-tools-for-stm32.12.3.rel1.win32_1.1.0.202410251130/tools/bin/../lib/gcc/arm-none-eabi/12.3.1/../../../../arm-none-eabi/lib/thumb/v7e-m+dp/hard\libc_nano.a(libc_a-findfp.o) (__sread)
C:/ST/STM32CubeIDE_1.17.0/STM32CubeIDE/plugins/com.st.stm32cube.ide.mcu.externaltools.gnu-tools-for-stm32.12.3.rel1.win32_1.1.0.202410251130/tools/bin/../lib/gcc/arm-none-eabi/12.3.1/../../../../arm-none-eabi/lib/thumb/v7e-m+dp/hard\libc_nano.a(libc_a-memset.o)
                              C:/ST/STM32CubeIDE_1.17.0/STM32CubeIDE/plugins/com.st.stm32cube.ide.mcu.externaltools.gnu-tools-for-stm32.12.3.rel1.win32_1.1.0.202410251130/tools/bin/../lib/gcc/arm-none-eabi/12.3.1/../../../../arm-none-eabi/lib/thumb/v7e-m+dp/hard/crt0.o (memset)
C:/ST/STM32CubeIDE_1.17.0/STM32CubeIDE/plugins/com.st.stm32cube.ide.mcu.externaltools.gnu-tools-for-stm32.12.3.rel1.win32_1.1.0.202410251130/tools/bin/../lib/gcc/arm-none-eabi/12.3.1/../../../../arm-none-eabi/lib/thumb/v7e-m+dp/hard\libc_nano.a(libc_a-closer.o)
                              C:/ST/STM32CubeIDE_1.17.0/STM32CubeIDE/plugins/com.st.stm32cube.ide.mcu.externaltools.gnu-tools-for-stm32.12.3.rel1.win32_1.1.0.202410251130/tools/bin/../lib/gcc/arm-none-eabi/12.3.1/../../../../arm-none-eabi/lib/thumb/v7e-m+dp/hard\libc_nano.a(libc_a-stdio.o) (_close_r)
C:/ST/STM32CubeIDE_1.17.0/STM32CubeIDE/plugins/com.st.stm32cube.ide.mcu.externaltools.gnu-tools-for-stm32.12.3.rel1.win32_1.1.0.202410251130/tools/bin/../lib/gcc/arm-none-eabi/12.3.1/../../../../arm-none-eabi/lib/thumb/v7e-m+dp/hard\libc_nano.a(libc_a-reent.o)
                              C:/ST/STM32CubeIDE_1.17.0/STM32CubeIDE/plugins/com.st.stm32cube.ide.mcu.externaltools.gnu-tools-for-stm32.12.3.rel1.win32_1.1.0.202410251130/tools/bin/../lib/gcc/arm-none-eabi/12.3.1/../../../../arm-none-eabi/lib/thumb/v7e-m+dp/hard\libc_nano.a(libc_a-closer.o) (errno)
C:/ST/STM32CubeIDE_1.17.0/STM32CubeIDE/plugins/com.st.stm32cube.ide.mcu.externaltools.gnu-tools-for-stm32.12.3.rel1.win32_1.1.0.202410251130/tools/bin/../lib/gcc/arm-none-eabi/12.3.1/../../../../arm-none-eabi/lib/thumb/v7e-m+dp/hard\libc_nano.a(libc_a-impure.o)
                              C:/ST/STM32CubeIDE_1.17.0/STM32CubeIDE/plugins/com.st.stm32cube.ide.mcu.externaltools.gnu-tools-for-stm32.12.3.rel1.win32_1.1.0.202410251130/tools/bin/../lib/gcc/arm-none-eabi/12.3.1/../../../../arm-none-eabi/lib/thumb/v7e-m+dp/hard\libc_nano.a(libc_a-reent.o) (_impure_ptr)
C:/ST/STM32CubeIDE_1.17.0/STM32CubeIDE/plugins/com.st.stm32cube.ide.mcu.externaltools.gnu-tools-for-stm32.12.3.rel1.win32_1.1.0.202410251130/tools/bin/../lib/gcc/arm-none-eabi/12.3.1/../../../../arm-none-eabi/lib/thumb/v7e-m+dp/hard\libc_nano.a(libc_a-lseekr.o)
[...]
Memory Configuration

Name             Origin             Length             Attributes
FLASH            0x08000000         0x00200000         xr
DTCMRAM          0x20000000         0x00020000         xrw
RAM_D1           0x24000000         0x00080000         xrw
RAM_D2           0x30000000         0x00048000         xrw
RAM_D3           0x38000000         0x00010000         xrw
ITCMRAM          0x00000000         0x00010000         xrw
*default*        0x00000000         0xffffffff

Linker script and memory map

LOAD C:/ST/STM32CubeIDE_1.17.0/STM32CubeIDE/plugins/com.st.stm32cube.ide.mcu.externaltools.gnu-tools-for-stm32.12.3.rel1.win32_1.1.0.202410251130/tools/bin/../lib/gcc/arm-none-eabi/12.3.1/thumb/v7e-m+dp/hard/crti.o
LOAD C:/ST/STM32CubeIDE_1.17.0/STM32CubeIDE/plugins/com.st.stm32cube.ide.mcu.externaltools.gnu-tools-for-stm32.12.3.rel1.win32_1.1.0.202410251130/tools/bin/../lib/gcc/arm-none-eabi/12.3.1/thumb/v7e-m+dp/hard/crtbegin.o
LOAD C:/ST/STM32CubeIDE_1.17.0/STM32CubeIDE/plugins/com.st.stm32cube.ide.mcu.externaltools.gnu-tools-for-stm32.12.3.rel1.win32_1.1.0.202410251130/tools/bin/../lib/gcc/arm-none-eabi/12.3.1/../../../../arm-none-eabi/lib/thumb/v7e-m+dp/hard/crt0.o
LOAD ./Core/Src/main.o
LOAD ./Core/Src/stm32h7xx_hal_msp.o
LOAD ./Core/Src/stm32h7xx_it.o
LOAD ./Core/Src/syscalls.o
LOAD ./Core/Src/sysmem.o
LOAD ./Core/Src/system_stm32h7xx.o
LOAD ./Core/Startup/startup_stm32h743iitx.o
LOAD ./Drivers/STM32H7xx_HAL_Driver/Src/stm32h7xx_hal.o
LOAD ./Drivers/STM32H7xx_HAL_Driver/Src/stm32h7xx_hal_cortex.o
LOAD ./Drivers/STM32H7xx_HAL_Driver/Src/stm32h7xx_hal_dma.o
LOAD ./Drivers/STM32H7xx_HAL_Driver/Src/stm32h7xx_hal_dma_ex.o
LOAD ./Drivers/STM32H7xx_HAL_Driver/Src/stm32h7xx_hal_exti.o
LOAD ./Drivers/STM32H7xx_HAL_Driver/Src/stm32h7xx_hal_fdcan.o
LOAD ./Drivers/STM32H7xx_HAL_Driver/Src/stm32h7xx_hal_flash.o
LOAD ./Drivers/STM32H7xx_HAL_Driver/Src/stm32h7xx_hal_flash_ex.o
LOAD ./Drivers/STM32H7xx_HAL_Driver/Src/stm32h7xx_hal_gpio.o
LOAD ./Drivers/STM32H7xx_HAL_Driver/Src/stm32h7xx_hal_hsem.o
LOAD ./Drivers/STM32H7xx_HAL_Driver/Src/stm32h7xx_hal_i2c.o
LOAD ./Drivers/STM32H7xx_HAL_Driver/Src/stm32h7xx_hal_i2c_ex.o
LOAD ./Drivers/STM32H7xx_HAL_Driver/Src/stm32h7xx_hal_mdma.o
LOAD ./Drivers/STM32H7xx_HAL_Driver/Src/stm32h7xx_hal_pwr.o
LOAD ./Drivers/STM32H7xx_HAL_Driver/Src/stm32h7xx_hal_pwr_ex.o
LOAD ./Drivers/STM32H7xx_HAL_Driver/Src/stm32h7xx_hal_rcc.o
LOAD ./Drivers/STM32H7xx_HAL_Driver/Src/stm32h7xx_hal_rcc_ex.o
START GROUP
LOAD C:/ST/STM32CubeIDE_1.17.0/STM32CubeIDE/plugins/com.st.stm32cube.ide.mcu.externaltools.gnu-tools-for-stm32.12.3.rel1.win32_1.1.0.202410251130/tools/bin/../lib/gcc/arm-none-eabi/12.3.1/../../../../arm-none-eabi/lib/thumb/v7e-m+dp/hard\libc_nano.a
LOAD C:/ST/STM32CubeIDE_1.17.0/STM32CubeIDE/plugins/com.st.stm32cube.ide.mcu.externaltools.gnu-tools-for-stm32.12.3.rel1.win32_1.1.0.202410251130/tools/bin/../lib/gcc/arm-none-eabi/12.3.1/../../../../arm-none-eabi/lib/thumb/v7e-m+dp/hard\libm.a
END GROUP
START GROUP
LOAD C:/ST/STM32CubeIDE_1.17.0/STM32CubeIDE/plugins/com.st.stm32cube.ide.mcu.externaltools.gnu-tools-for-stm32.12.3.rel1.win32_1.1.0.202410251130/tools/bin/../lib/gcc/arm-none-eabi/12.3.1/thumb/v7e-m+dp/hard\libgcc.a
LOAD C:/ST/STM32CubeIDE_1.17.0/STM32CubeIDE/plugins/com.st.stm32cube.ide.mcu.externaltools.gnu-tools-for-stm32.12.3.rel1.win32_1.1.0.202410251130/tools/bin/../lib/gcc/arm-none-eabi/12.3.1/../../../../arm-none-eabi/lib/thumb/v7e-m+dp/hard\libc_nano.a
END GROUP
START GROUP
LOAD C:/ST/STM32CubeIDE_1.17.0/STM32CubeIDE/plugins/com.st.stm32cube.ide.mcu.externaltools.gnu-tools-for-stm32.12.3.rel1.win32_1.1.0.202410251130/tools/bin/../lib/gcc/arm-none-eabi/12.3.1/thumb/v7e-m+dp/hard\libgcc.a
LOAD C:/ST/STM32CubeIDE_1.17.0/STM32CubeIDE/plugins/com.st.stm32cube.ide.mcu.externaltools.gnu-tools-for-stm32.12.3.rel1.win32_1.1.0.202410251130/tools/bin/../lib/gcc/arm-none-eabi/12.3.1/../../../../arm-none-eabi/lib/thumb/v7e-m+dp/hard\libc_nano.a
LOAD C:/ST/STM32CubeIDE_1.17.0/STM32CubeIDE/plugins/com.st.stm32cube.ide.mcu.externaltools.gnu-tools-for-stm32.12.3.rel1.win32_1.1.0.202410251130/tools/bin/../lib/gcc/arm-none-eabi/12.3.1/../../../../arm-none-eabi/lib/thumb/v7e-m+dp/hard\libnosys.a
END GROUP
START GROUP
LOAD C:/ST/STM32CubeIDE_1.17.0/STM32CubeIDE/plugins/com.st.stm32cube.ide.mcu.externaltools.gnu-tools-for-stm32.12.3.rel1.win32_1.1.0.202410251130/tools/bin/../lib/gcc/arm-none-eabi/12.3.1/thumb/v7e-m+dp/hard\libgcc.a
LOAD C:/ST/STM32CubeIDE_1.17.0/STM32CubeIDE/plugins/com.st.stm32cube.ide.mcu.externaltools.gnu-tools-for-stm32.12.3.rel1.win32_1.1.0.202410251130/tools/bin/../lib/gcc/arm-none-eabi/12.3.1/../../../../arm-none-eabi/lib/thumb/v7e-m+dp/hard\libc_nano.a
LOAD C:/ST/STM32CubeIDE_1.17.0/STM32CubeIDE/plugins/com.st.stm32cube.ide.mcu.externaltools.gnu-tools-for-stm32.12.3.rel1.win32_1.1.0.202410251130/tools/bin/../lib/gcc/arm-none-eabi/12.3.1/../../../../arm-none-eabi/lib/thumb/v7e-m+dp/hard\libnosys.a
END GROUP
LOAD C:/ST/STM32CubeIDE_1.17.0/STM32CubeIDE/plugins/com.st.stm32cube.ide.mcu.externaltools.gnu-tools-for-stm32.12.3.rel1.win32_1.1.0.202410251130/tools/bin/../lib/gcc/arm-none-eabi/12.3.1/thumb/v7e-m+dp/hard/crtend.o
LOAD C:/ST/STM32CubeIDE_1.17.0/STM32CubeIDE/plugins/com.st.stm32cube.ide.mcu.externaltools.gnu-tools-for-stm32.12.3.rel1.win32_1.1.0.202410251130/tools/bin/../lib/gcc/arm-none-eabi/12.3.1/thumb/v7e-m+dp/hard/crtn.o
                0x24080000                        _estack = (ORIGIN (RAM_D1) + LENGTH (RAM_D1))
                0x00000200                        _Min_Heap_Size = 0x200
                0x00000400                        _Min_Stack_Size = 0x400

.isr_vector     0x08000000      0x298
                0x08000000                        . = ALIGN (0x4)
 *(.isr_vector)
 .isr_vector    0x08000000      0x298 ./Core/Startup/startup_stm32h743iitx.o
                0x08000000                g_pfnVectors
                0x08000298                        . = ALIGN (0x4)

.text           0x08000298     0x473c
                0x08000298                        . = ALIGN (0x4)
 *(.text)
 .text          0x08000298       0x40 C:/ST/STM32CubeIDE_1.17.0/STM32CubeIDE/plugins/com.st.stm32cube.ide.mcu.externaltools.gnu-tools-for-stm32.12.3.rel1.win32_1.1.0.202410251130/tools/bin/../lib/gcc/arm-none-eabi/12.3.1/thumb/v7e-m+dp/hard/crtbegin.o
 *(.text*)
 .text.main     0x080002d8       0x8c ./Core/Src/main.o
                0x080002d8                main
 .text.SystemClock_Config
                0x08000364       0xfc ./Core/Src/main.o
                0x08000364                SystemClock_Config
 .text.MX_FDCAN1_Init
                0x08000460       0xc8 ./Core/Src/main.o
 .text.MX_GPIO_Init
                0x08000528       0x34 ./Core/Src/main.o
 .text.HAL_FDCAN_RxFifo0Callback
                0x0800055c       0xd8 ./Core/Src/main.o
                0x0800055c                HAL_FDCAN_RxFifo0Callback
 .text.Error_Handler
                0x08000634        0xc ./Core/Src/main.o
                0x08000634                Error_Handler
 .text.HAL_MspInit
                0x08000640       0x34 ./Core/Src/stm32h7xx_hal_msp.o
                0x08000640                HAL_MspInit
 .text.HAL_FDCAN_MspInit
                0x08000674      0x130 ./Core/Src/stm32h7xx_hal_msp.o
                0x08000674                HAL_FDCAN_MspInit
 .text.NMI_Handler
                0x080007a4        0x8 ./Core/Src/stm32h7xx_it.o
                0x080007a4                NMI_Handler
 .text.HardFault_Handler
                0x080007ac        0x8 ./Core/Src/stm32h7xx_it.o
                0x080007ac                HardFault_Handler
 .text.MemManage_Handler
                0x080007b4        0x8 ./Core/Src/stm32h7xx_it.o
                0x080007b4                MemManage_Handler
 .text.BusFault_Handler
                0x080007bc        0x8 ./Core/Src/stm32h7xx_it.o
                0x080007bc                BusFault_Handler
 .text.UsageFault_Handler
                0x080007c4        0x8 ./Core/Src/stm32h7xx_it.o
                0x080007c4                UsageFault_Handler
 .text.SVC_Handler
                0x080007cc        0xe ./Core/Src/stm32h7xx_it.o
                0x080007cc                SVC_Handler
 .text.DebugMon_Handler
                0x080007da        0xe ./Core/Src/stm32h7xx_it.o
                0x080007da                DebugMon_Handler
 .text.PendSV_Handler
                0x080007e8        0xe ./Core/Src/stm32h7xx_it.o
                0x080007e8                PendSV_Handler
 .text.SysTick_Handler
                0x080007f6        0xc ./Core/Src/stm32h7xx_it.o
                0x080007f6                SysTick_Handler
 *fill*         0x08000802        0x2 
 .text.FDCAN1_IT0_IRQHandler
                0x08000804       0x14 ./Core/Src/stm32h7xx_it.o
                0x08000804                FDCAN1_IT0_IRQHandler
 .text.FDCAN1_IT1_IRQHandler
                0x08000818       0x14 ./Core/Src/stm32h7xx_it.o
                0x08000818                FDCAN1_IT1_IRQHandler
 .text.FDCAN_CAL_IRQHandler
                0x0800082c       0x14 ./Core/Src/stm32h7xx_it.o
                0x0800082c                FDCAN_CAL_IRQHandler
 .text.SystemInit
                0x08000840      0x140 ./Core/Src/system_stm32h7xx.o
                0x08000840                SystemInit
 .text.ExitRun0Mode
                0x08000980       0x30 ./Core/Src/system_stm32h7xx.o
                0x08000980                ExitRun0Mode
 .text.Reset_Handler
                0x080009b0       0x54 ./Core/Startup/startup_stm32h743iitx.o
                0x080009b0                Reset_Handler
 .text.Default_Handler
                0x08000a04        0x2 ./Core/Startup/startup_stm32h743iitx.o
                0x08000a04                RTC_Alarm_IRQHandler
                0x08000a04                EXTI2_IRQHandler
                0x08000a04                TIM8_CC_IRQHandler
                0x08000a04                HRTIM1_Master_IRQHandler
                0x08000a04                UART8_IRQHandler
                0x08000a04                SPI4_IRQHandler
                0x08000a04                TIM1_CC_IRQHandler
                0x08000a04                BDMA_Channel6_IRQHandler
                0x08000a04                DMA2_Stream5_IRQHandler
                0x08000a04                HRTIM1_FLT_IRQHandler
                0x08000a04                JPEG_IRQHandler
                0x08000a04                DMA1_Stream5_IRQHandler
                0x08000a04                BDMA_Channel1_IRQHandler
                0x08000a04                HRTIM1_TIMD_IRQHandler
                0x08000a04                TAMP_STAMP_IRQHandler
                0x08000a04                EXTI3_IRQHandler
                0x08000a04                LPTIM4_IRQHandler
                0x08000a04                TIM8_TRG_COM_TIM14_IRQHandler
                0x08000a04                LPTIM2_IRQHandler
                0x08000a04                DFSDM1_FLT1_IRQHandler
                0x08000a04                DMAMUX2_OVR_IRQHandler
                0x08000a04                TIM8_UP_TIM13_IRQHandler
                0x08000a04                I2C3_ER_IRQHandler
                0x08000a04                DFSDM1_FLT2_IRQHandler
                0x08000a04                MDMA_IRQHandler
                0x08000a04                LPTIM3_IRQHandler
                0x08000a04                HSEM1_IRQHandler
                0x08000a04                EXTI0_IRQHandler
                0x08000a04                I2C2_EV_IRQHandler
                0x08000a04                DMA1_Stream2_IRQHandler
                0x08000a04                FPU_IRQHandler
                0x08000a04                OTG_HS_WKUP_IRQHandler
                0x08000a04                LTDC_ER_IRQHandler
                0x08000a04                DMA2_Stream2_IRQHandler
                0x08000a04                HRTIM1_TIME_IRQHandler
                0x08000a04                SPI1_IRQHandler
                0x08000a04                TIM6_DAC_IRQHandler
                0x08000a04                DCMI_IRQHandler
                0x08000a04                HRTIM1_TIMC_IRQHandler
                0x08000a04                DMA2_Stream3_IRQHandler
                0x08000a04                SAI2_IRQHandler
                0x08000a04                DFSDM1_FLT3_IRQHandler
                0x08000a04                USART6_IRQHandler
                0x08000a04                TIM17_IRQHandler
                0x08000a04                USART3_IRQHandler
                0x08000a04                BDMA_Channel7_IRQHandler
                0x08000a04                LPTIM5_IRQHandler
                0x08000a04                UART5_IRQHandler
                0x08000a04                ADC3_IRQHandler
                0x08000a04                DMA2_Stream0_IRQHandler
                0x08000a04                TIM4_IRQHandler
                0x08000a04                BDMA_Channel2_IRQHandler
                0x08000a04                QUADSPI_IRQHandler
                0x08000a04                I2C1_EV_IRQHandler
                0x08000a04                DMA1_Stream6_IRQHandler
                0x08000a04                DMAMUX1_OVR_IRQHandler
                0x08000a04                DMA1_Stream1_IRQHandler
                0x08000a04                TIM16_IRQHandler
                0x08000a04                UART4_IRQHandler
                0x08000a04                BDMA_Channel5_IRQHandler
                0x08000a04                TIM3_IRQHandler
                0x08000a04                RCC_IRQHandler
                0x08000a04                TIM8_BRK_TIM12_IRQHandler
                0x08000a04                TIM1_TRG_COM_IRQHandler
                0x08000a04                Default_Handler
                0x08000a04                ECC_IRQHandler
                0x08000a04                CEC_IRQHandler
                0x08000a04                EXTI15_10_IRQHandler
                0x08000a04                BDMA_Channel0_IRQHandler
                0x08000a04                ADC_IRQHandler
                0x08000a04                DMA1_Stream7_IRQHandler
                0x08000a04                HRTIM1_TIMA_IRQHandler
                0x08000a04                SPI5_IRQHandler
                0x08000a04                TIM7_IRQHandler
                0x08000a04                SDMMC1_IRQHandler
                0x08000a04                TIM5_IRQHandler
                0x08000a04                DMA2_Stream7_IRQHandler
                0x08000a04                TIM15_IRQHandler
                0x08000a04                PVD_AVD_IRQHandler
                0x08000a04                I2C3_EV_IRQHandler
                0x08000a04                EXTI9_5_IRQHandler
                0x08000a04                RTC_WKUP_IRQHandler
                0x08000a04                LTDC_IRQHandler
                0x08000a04                SAI3_IRQHandler
                0x08000a04                ETH_WKUP_IRQHandler
                0x08000a04                SPDIF_RX_IRQHandler
                0x08000a04                SPI2_IRQHandler
                0x08000a04                OTG_HS_EP1_IN_IRQHandler
                0x08000a04                DMA1_Stream0_IRQHandler
                0x08000a04                CRS_IRQHandler
                0x08000a04                EXTI4_IRQHandler
                0x08000a04                RNG_IRQHandler
                0x08000a04                HRTIM1_TIMB_IRQHandler
                0x08000a04                FDCAN2_IT1_IRQHandler
                0x08000a04                ETH_IRQHandler
                0x08000a04                TIM1_UP_IRQHandler
                0x08000a04                BDMA_Channel4_IRQHandler
                0x08000a04                OTG_HS_EP1_OUT_IRQHandler
                0x08000a04                WWDG_IRQHandler
                0x08000a04                SPI6_IRQHandler
                0x08000a04                MDIOS_IRQHandler
                0x08000a04                I2C4_EV_IRQHandler
                0x08000a04                FDCAN2_IT0_IRQHandler
                0x08000a04                LPUART1_IRQHandler
                0x08000a04                TIM2_IRQHandler
                0x08000a04                OTG_FS_WKUP_IRQHandler
                0x08000a04                OTG_HS_IRQHandler
                0x08000a04                DMA2D_IRQHandler
                0x08000a04                TIM1_BRK_IRQHandler
                0x08000a04                EXTI1_IRQHandler
                0x08000a04                SDMMC2_IRQHandler
                0x08000a04                OTG_FS_EP1_OUT_IRQHandler
                0x08000a04                BDMA_Channel3_IRQHandler
                0x08000a04                UART7_IRQHandler
                0x08000a04                MDIOS_WKUP_IRQHandler
                0x08000a04                USART2_IRQHandler
                0x08000a04                DFSDM1_FLT0_IRQHandler
                0x08000a04                SAI4_IRQHandler
                0x08000a04                I2C2_ER_IRQHandler
                0x08000a04                DMA2_Stream1_IRQHandler
                0x08000a04                FLASH_IRQHandler
                0x08000a04                DMA2_Stream4_IRQHandler
                0x08000a04                USART1_IRQHandler
                0x08000a04                OTG_FS_IRQHandler
                0x08000a04                SPI3_IRQHandler
                0x08000a04                WAKEUP_PIN_IRQHandler
                0x08000a04                DMA1_Stream4_IRQHandler
                0x08000a04                OTG_FS_EP1_IN_IRQHandler
                0x08000a04                I2C1_ER_IRQHandler
                0x08000a04                FMC_IRQHandler
                0x08000a04                SWPMI1_IRQHandler
                0x08000a04                COMP1_IRQHandler
                0x08000a04                LPTIM1_IRQHandler
                0x08000a04                I2C4_ER_IRQHandler
                0x08000a04                DMA2_Stream6_IRQHandler
                0x08000a04                SAI1_IRQHandler
                0x08000a04                DMA1_Stream3_IRQHandler
 *fill*         0x08000a06        0x2 
 .text.HAL_Init
                0x08000a08       0x78 ./Drivers/STM32H7xx_HAL_Driver/Src/stm32h7xx_hal.o
                0x08000a08                HAL_Init
 .text.HAL_InitTick
                0x08000a80       0x6c ./Drivers/STM32H7xx_HAL_Driver/Src/stm32h7xx_hal.o
                0x08000a80                HAL_InitTick
 .text.HAL_IncTick
                0x08000aec       0x28 ./Drivers/STM32H7xx_HAL_Driver/Src/stm32h7xx_hal.o
                0x08000aec                HAL_IncTick
 .text.HAL_GetTick
                0x08000b14       0x18 ./Drivers/STM32H7xx_HAL_Driver/Src/stm32h7xx_hal.o
                0x08000b14                HAL_GetTick
 .text.HAL_GetREVID
                0x08000b2c       0x18 ./Drivers/STM32H7xx_HAL_Driver/Src/stm32h7xx_hal.o
                0x08000b2c                HAL_GetREVID
 .text.__NVIC_SetPriorityGrouping
                0x08000b44       0x48 ./Drivers/STM32H7xx_HAL_Driver/Src/stm32h7xx_hal_cortex.o
 .text.__NVIC_GetPriorityGrouping
                0x08000b8c       0x1c ./Drivers/STM32H7xx_HAL_Driver/Src/stm32h7xx_hal_cortex.o
 .text.__NVIC_EnableIRQ
                0x08000ba8       0x3c ./Drivers/STM32H7xx_HAL_Driver/Src/stm32h7xx_hal_cortex.o
 .text.__NVIC_SetPriority
                0x08000be4       0x54 ./Drivers/STM32H7xx_HAL_Driver/Src/stm32h7xx_hal_cortex.o
 .text.NVIC_EncodePriority
                0x08000c38       0x66 ./Drivers/STM32H7xx_HAL_Driver/Src/stm32h7xx_hal_cortex.o
 *fill*         0x08000c9e        0x2 
 .text.SysTick_Config
                0x08000ca0       0x44 ./Drivers/STM32H7xx_HAL_Driver/Src/stm32h7xx_hal_cortex.o
 .text.HAL_NVIC_SetPriorityGrouping
                0x08000ce4       0x16 ./Drivers/STM32H7xx_HAL_Driver/Src/stm32h7xx_hal_cortex.o
                0x08000ce4                HAL_NVIC_SetPriorityGrouping
 .text.HAL_NVIC_SetPriority
                0x08000cfa       0x34 ./Drivers/STM32H7xx_HAL_Driver/Src/stm32h7xx_hal_cortex.o
                0x08000cfa                HAL_NVIC_SetPriority
 .text.HAL_NVIC_EnableIRQ
                0x08000d2e       0x1c ./Drivers/STM32H7xx_HAL_Driver/Src/stm32h7xx_hal_cortex.o
                0x08000d2e                HAL_NVIC_EnableIRQ
 .text.HAL_SYSTICK_Config
                0x08000d4a       0x18 ./Drivers/STM32H7xx_HAL_Driver/Src/stm32h7xx_hal_cortex.o
                0x08000d4a                HAL_SYSTICK_Config
 *fill*         0x08000d62        0x2 
 .text.HAL_FDCAN_Init
                0x08000d64      0x3bc ./Drivers/STM32H7xx_HAL_Driver/Src/stm32h7xx_hal_fdcan.o
                0x08000d64                HAL_FDCAN_Init
 .text.HAL_FDCAN_ConfigFilter
                0x08001120       0xec ./Drivers/STM32H7xx_HAL_Driver/Src/stm32h7xx_hal_fdcan.o
                0x08001120                HAL_FDCAN_ConfigFilter
 .text.HAL_FDCAN_ConfigGlobalFilter
                0x0800120c       0x5a ./Drivers/STM32H7xx_HAL_Driver/Src/stm32h7xx_hal_fdcan.o
                0x0800120c                HAL_FDCAN_ConfigGlobalFilter
 .text.HAL_FDCAN_Start
                0x08001266       0x56 ./Drivers/STM32H7xx_HAL_Driver/Src/stm32h7xx_hal_fdcan.o
                0x08001266                HAL_FDCAN_Start
 .text.HAL_FDCAN_GetRxMessage
                0x080012bc      0x2d8 ./Drivers/STM32H7xx_HAL_Driver/Src/stm32h7xx_hal_fdcan.o
                0x080012bc                HAL_FDCAN_GetRxMessage
 .text.HAL_FDCAN_ActivateNotification
                0x08001594       0xf4 ./Drivers/STM32H7xx_HAL_Driver/Src/stm32h7xx_hal_fdcan.o
                0x08001594                HAL_FDCAN_ActivateNotification
 .text.HAL_FDCAN_IRQHandler
                0x08001688      0x498 ./Drivers/STM32H7xx_HAL_Driver/Src/stm32h7xx_hal_fdcan.o
                0x08001688                HAL_FDCAN_IRQHandler
 .text.HAL_FDCAN_ClockCalibrationCallback
                0x08001b20       0x16 ./Drivers/STM32H7xx_HAL_Driver/Src/stm32h7xx_hal_fdcan.o
                0x08001b20                HAL_FDCAN_ClockCalibrationCallback
 .text.HAL_FDCAN_TxEventFifoCallback
                0x08001b36       0x16 ./Drivers/STM32H7xx_HAL_Driver/Src/stm32h7xx_hal_fdcan.o
                0x08001b36                HAL_FDCAN_TxEventFifoCallback
 .text.HAL_FDCAN_RxFifo1Callback
                0x08001b4c       0x16 ./Drivers/STM32H7xx_HAL_Driver/Src/stm32h7xx_hal_fdcan.o
                0x08001b4c                HAL_FDCAN_RxFifo1Callback
 .text.HAL_FDCAN_TxFifoEmptyCallback
                0x08001b62       0x14 ./Drivers/STM32H7xx_HAL_Driver/Src/stm32h7xx_hal_fdcan.o
                0x08001b62                HAL_FDCAN_TxFifoEmptyCallback
 .text.HAL_FDCAN_TxBufferCompleteCallback
                0x08001b76       0x16 ./Drivers/STM32H7xx_HAL_Driver/Src/stm32h7xx_hal_fdcan.o
                0x08001b76                HAL_FDCAN_TxBufferCompleteCallback
 .text.HAL_FDCAN_TxBufferAbortCallback
                0x08001b8c       0x16 ./Drivers/STM32H7xx_HAL_Driver/Src/stm32h7xx_hal_fdcan.o
                0x08001b8c                HAL_FDCAN_TxBufferAbortCallback
 .text.HAL_FDCAN_RxBufferNewMessageCallback
                0x08001ba2       0x14 ./Drivers/STM32H7xx_HAL_Driver/Src/stm32h7xx_hal_fdcan.o
                0x08001ba2                HAL_FDCAN_RxBufferNewMessageCallback
 .text.HAL_FDCAN_TimestampWraparoundCallback
                0x08001bb6       0x14 ./Drivers/STM32H7xx_HAL_Driver/Src/stm32h7xx_hal_fdcan.o
                0x08001bb6                HAL_FDCAN_TimestampWraparoundCallback
 .text.HAL_FDCAN_TimeoutOccurredCallback
                0x08001bca       0x14 ./Drivers/STM32H7xx_HAL_Driver/Src/stm32h7xx_hal_fdcan.o
                0x08001bca                HAL_FDCAN_TimeoutOccurredCallback
 .text.HAL_FDCAN_HighPriorityMessageCallback
                0x08001bde       0x14 ./Drivers/STM32H7xx_HAL_Driver/Src/stm32h7xx_hal_fdcan.o
                0x08001bde                HAL_FDCAN_HighPriorityMessageCallback
 .text.HAL_FDCAN_ErrorCallback
                0x08001bf2       0x14 ./Drivers/STM32H7xx_HAL_Driver/Src/stm32h7xx_hal_fdcan.o
                0x08001bf2                HAL_FDCAN_ErrorCallback
 .text.HAL_FDCAN_ErrorStatusCallback
                0x08001c06       0x16 ./Drivers/STM32H7xx_HAL_Driver/Src/stm32h7xx_hal_fdcan.o
                0x08001c06                HAL_FDCAN_ErrorStatusCallback
 .text.HAL_FDCAN_TT_ScheduleSyncCallback
                0x08001c1c       0x16 ./Drivers/STM32H7xx_HAL_Driver/Src/stm32h7xx_hal_fdcan.o
                0x08001c1c                HAL_FDCAN_TT_ScheduleSyncCallback
 .text.HAL_FDCAN_TT_TimeMarkCallback
                0x08001c32       0x16 ./Drivers/STM32H7xx_HAL_Driver/Src/stm32h7xx_hal_fdcan.o
                0x08001c32                HAL_FDCAN_TT_TimeMarkCallback
 .text.HAL_FDCAN_TT_StopWatchCallback
                0x08001c48       0x18 ./Drivers/STM32H7xx_HAL_Driver/Src/stm32h7xx_hal_fdcan.o
                0x08001c48                HAL_FDCAN_TT_StopWatchCallback
 .text.HAL_FDCAN_TT_GlobalTimeCallback
                0x08001c60       0x16 ./Drivers/STM32H7xx_HAL_Driver/Src/stm32h7xx_hal_fdcan.o
                0x08001c60                HAL_FDCAN_TT_GlobalTimeCallback
 *fill*         0x08001c76        0x2 
 .text.FDCAN_CalcultateRamBlockAddresses
                0x08001c78      0x30c ./Drivers/STM32H7xx_HAL_Driver/Src/stm32h7xx_hal_fdcan.o
 .text.HAL_GPIO_Init
                0x08001f84      0x360 ./Drivers/STM32H7xx_HAL_Driver/Src/stm32h7xx_hal_gpio.o
                0x08001f84                HAL_GPIO_Init
 .text.HAL_PWREx_ConfigSupply
                0x080022e4       0x74 ./Drivers/STM32H7xx_HAL_Driver/Src/stm32h7xx_hal_pwr_ex.o
                0x080022e4                HAL_PWREx_ConfigSupply
 .text.HAL_RCC_OscConfig
                0x08002358      0x8b4 ./Drivers/STM32H7xx_HAL_Driver/Src/stm32h7xx_hal_rcc.o
                0x08002358                HAL_RCC_OscConfig
 .text.HAL_RCC_ClockConfig
                0x08002c0c      0x36c ./Drivers/STM32H7xx_HAL_Driver/Src/stm32h7xx_hal_rcc.o
                0x08002c0c                HAL_RCC_ClockConfig
 .text.HAL_RCC_GetSysClockFreq
                0x08002f78      0x2f4 ./Drivers/STM32H7xx_HAL_Driver/Src/stm32h7xx_hal_rcc.o
                0x08002f78                HAL_RCC_GetSysClockFreq
 .text.HAL_RCCEx_PeriphCLKConfig
                0x0800326c     0x1414 ./Drivers/STM32H7xx_HAL_Driver/Src/stm32h7xx_hal_rcc_ex.o
                0x0800326c                HAL_RCCEx_PeriphCLKConfig
 .text.RCCEx_PLL2_Config
                0x08004680      0x164 ./Drivers/STM32H7xx_HAL_Driver/Src/stm32h7xx_hal_rcc_ex.o
 .text.RCCEx_PLL3_Config
                0x080047e4      0x164 ./Drivers/STM32H7xx_HAL_Driver/Src/stm32h7xx_hal_rcc_ex.o
 .text.memset   0x08004948       0x10 C:/ST/STM32CubeIDE_1.17.0/STM32CubeIDE/plugins/com.st.stm32cube.ide.mcu.externaltools.gnu-tools-for-stm32.12.3.rel1.win32_1.1.0.202410251130/tools/bin/../lib/gcc/arm-none-eabi/12.3.1/../../../../arm-none-eabi/lib/thumb/v7e-m+dp/hard\libc_nano.a(libc_a-memset.o)
                0x08004948                memset
 .text.__libc_init_array
                0x08004958       0x48 C:/ST/STM32CubeIDE_1.17.0/STM32CubeIDE/plugins/com.st.stm32cube.ide.mcu.externaltools.gnu-tools-for-stm32.12.3.rel1.win32_1.1.0.202410251130/tools/bin/../lib/gcc/arm-none-eabi/12.3.1/../../../../arm-none-eabi/lib/thumb/v7e-m+dp/hard\libc_nano.a(libc_a-init.o)
                0x08004958                __libc_init_array
 .text.memcpy   0x080049a0       0x1c C:/ST/STM32CubeIDE_1.17.0/STM32CubeIDE/plugins/com.st.stm32cube.ide.mcu.externaltools.gnu-tools-for-stm32.12.3.rel1.win32_1.1.0.202410251130/tools/bin/../lib/gcc/arm-none-eabi/12.3.1/../../../../arm-none-eabi/lib/thumb/v7e-m+dp/hard\libc_nano.a(libc_a-memcpy-stub.o)
                0x080049a0                memcpy
 *(.glue_7)
 .glue_7        0x080049bc        0x0 linker stubs
 *(.glue_7t)
 .glue_7t       0x080049bc        0x0 linker stubs
 *(.eh_frame)
 .eh_frame      0x080049bc        0x0 C:/ST/STM32CubeIDE_1.17.0/STM32CubeIDE/plugins/com.st.stm32cube.ide.mcu.externaltools.gnu-tools-for-stm32.12.3.rel1.win32_1.1.0.202410251130/tools/bin/../lib/gcc/arm-none-eabi/12.3.1/thumb/v7e-m+dp/hard/crtbegin.o
 *(.init)
 .init          0x080049bc        0x4 C:/ST/STM32CubeIDE_1.17.0/STM32CubeIDE/plugins/com.st.stm32cube.ide.mcu.externaltools.gnu-tools-for-stm32.12.3.rel1.win32_1.1.0.202410251130/tools/bin/../lib/gcc/arm-none-eabi/12.3.1/thumb/v7e-m+dp/hard/crti.o
                0x080049bc                _init
 .init          0x080049c0        0x8 C:/ST/STM32CubeIDE_1.17.0/STM32CubeIDE/plugins/com.st.stm32cube.ide.mcu.externaltools.gnu-tools-for-stm32.12.3.rel1.win32_1.1.0.202410251130/tools/bin/../lib/gcc/arm-none-eabi/12.3.1/thumb/v7e-m+dp/hard/crtn.o
 *(.fini)
 .fini          0x080049c8        0x4 C:/ST/STM32CubeIDE_1.17.0/STM32CubeIDE/plugins/com.st.stm32cube.ide.mcu.externaltools.gnu-tools-for-stm32.12.3.rel1.win32_1.1.0.202410251130/tools/bin/../lib/gcc/arm-none-eabi/12.3.1/thumb/v7e-m+dp/hard/crti.o
                0x080049c8                _fini
 .fini          0x080049cc        0x8 C:/ST/STM32CubeIDE_1.17.0/STM32CubeIDE/plugins/com.st.stm32cube.ide.mcu.externaltools.gnu-tools-for-stm32.12.3.rel1.win32_1.1.0.202410251130/tools/bin/../lib/gcc/arm-none-eabi/12.3.1/thumb/v7e-m+dp/hard/crtn.o
                0x080049d4                        . = ALIGN (0x4)
                0x080049d4                        _etext = .

.vfp11_veneer   0x080049d4        0x0
 .vfp11_veneer  0x080049d4        0x0 linker stubs

.v4_bx          0x080049d4        0x0
 .v4_bx         0x080049d4        0x0 linker stubs

.iplt           0x080049d4        0x0
 .iplt          0x080049d4        0x0 C:/ST/STM32CubeIDE_1.17.0/STM32CubeIDE/plugins/com.st.stm32cube.ide.mcu.externaltools.gnu-tools-for-stm32.12.3.rel1.win32_1.1.0.202410251130/tools/bin/../lib/gcc/arm-none-eabi/12.3.1/thumb/v7e-m+dp/hard/crtbegin.o

.rodata         0x080049d4       0x6c
                0x080049d4                        . = ALIGN (0x4)
 *(.rodata)
 .rodata        0x080049d4       0x4c ./Drivers/STM32H7xx_HAL_Driver/Src/stm32h7xx_hal_fdcan.o
 *(.rodata*)
 .rodata.D1CorePrescTable
                0x08004a20       0x10 ./Core/Src/system_stm32h7xx.o
                0x08004a20                D1CorePrescTable
 .rodata.DLCtoBytes
                0x08004a30       0x10 ./Drivers/STM32H7xx_HAL_Driver/Src/stm32h7xx_hal_fdcan.o
                0x08004a40                        . = ALIGN (0x4)

.ARM.extab
 *(.ARM.extab* .gnu.linkonce.armextab.*)

.ARM            0x08004a40        0x0
                0x08004a40                        __exidx_start = .
 *(.ARM.exidx*)
                0x08004a40                        __exidx_end = .

.preinit_array  0x08004a40        0x0
                0x08004a40                        PROVIDE (__preinit_array_start = .)
 *(.preinit_array*)
                0x08004a40                        PROVIDE (__preinit_array_end = .)

.init_array     0x08004a40        0x4
                0x08004a40                        PROVIDE (__init_array_start = .)
 *(SORT_BY_NAME(.init_array.*))
 *(.init_array*)
 .init_array    0x08004a40        0x4 C:/ST/STM32CubeIDE_1.17.0/STM32CubeIDE/plugins/com.st.stm32cube.ide.mcu.externaltools.gnu-tools-for-stm32.12.3.rel1.win32_1.1.0.202410251130/tools/bin/../lib/gcc/arm-none-eabi/12.3.1/thumb/v7e-m+dp/hard/crtbegin.o
                0x08004a44                        PROVIDE (__init_array_end = .)

.fini_array     0x08004a44        0x4
                [!provide]                        PROVIDE (__fini_array_start = .)
 *(SORT_BY_NAME(.fini_array.*))
 *(.fini_array*)
 .fini_array    0x08004a44        0x4 C:/ST/STM32CubeIDE_1.17.0/STM32CubeIDE/plugins/com.st.stm32cube.ide.mcu.externaltools.gnu-tools-for-stm32.12.3.rel1.win32_1.1.0.202410251130/tools/bin/../lib/gcc/arm-none-eabi/12.3.1/thumb/v7e-m+dp/hard/crtbegin.o
                [!provide]                        PROVIDE (__fini_array_end = .)
                0x08004a48                        _sidata = LOADADDR (.data)

.rel.dyn        0x08004a48        0x0
 .rel.iplt      0x08004a48        0x0 C:/ST/STM32CubeIDE_1.17.0/STM32CubeIDE/plugins/com.st.stm32cube.ide.mcu.externaltools.gnu-tools-for-stm32.12.3.rel1.win32_1.1.0.202410251130/tools/bin/../lib/gcc/arm-none-eabi/12.3.1/thumb/v7e-m+dp/hard/crtbegin.o

.data           0x24000000       0x10 load address 0x08004a48
                0x24000000                        . = ALIGN (0x4)
                0x24000000                        _sdata = .
 *(.data)
 *(.data*)
 .data.SystemCoreClock
                0x24000000        0x4 ./Core/Src/system_stm32h7xx.o
                0x24000000                SystemCoreClock
 .data.SystemD2Clock
                0x24000004        0x4 ./Core/Src/system_stm32h7xx.o
                0x24000004                SystemD2Clock
 .data.uwTickPrio
                0x24000008        0x4 ./Drivers/STM32H7xx_HAL_Driver/Src/stm32h7xx_hal.o
                0x24000008                uwTickPrio
 .data.uwTickFreq
                0x2400000c        0x1 ./Drivers/STM32H7xx_HAL_Driver/Src/stm32h7xx_hal.o
                0x2400000c                uwTickFreq
 *(.RamFunc)
 *(.RamFunc*)
                0x24000010                        . = ALIGN (0x4)
 *fill*         0x2400000d        0x3 
                0x24000010                        _edata = .

.igot.plt       0x24000010        0x0 load address 0x08004a58
 .igot.plt      0x24000010        0x0 C:/ST/STM32CubeIDE_1.17.0/STM32CubeIDE/plugins/com.st.stm32cube.ide.mcu.externaltools.gnu-tools-for-stm32.12.3.rel1.win32_1.1.0.202410251130/tools/bin/../lib/gcc/arm-none-eabi/12.3.1/thumb/v7e-m+dp/hard/crtbegin.o
                0x24000010                        . = ALIGN (0x4)

.bss            0x24000010       0xcc load address 0x08004a58
                0x24000010                        _sbss = .
                0x24000010                        __bss_start__ = _sbss
 *(.bss)
 .bss           0x24000010       0x1c C:/ST/STM32CubeIDE_1.17.0/STM32CubeIDE/plugins/com.st.stm32cube.ide.mcu.externaltools.gnu-tools-for-stm32.12.3.rel1.win32_1.1.0.202410251130/tools/bin/../lib/gcc/arm-none-eabi/12.3.1/thumb/v7e-m+dp/hard/crtbegin.o
 *(.bss*)
 .bss.hfdcan1   0x2400002c       0xa0 ./Core/Src/main.o
                0x2400002c                hfdcan1
 .bss.VESC_Voltage
                0x240000cc        0x4 ./Core/Src/main.o
                0x240000cc                VESC_Voltage
 .bss.VESC_MosfetTemp
                0x240000d0        0x4 ./Core/Src/main.o
                0x240000d0                VESC_MosfetTemp
 .bss.VESC_MotorTemp
                0x240000d4        0x4 ./Core/Src/main.o
                0x240000d4                VESC_MotorTemp
 .bss.uwTick    0x240000d8        0x4 ./Drivers/STM32H7xx_HAL_Driver/Src/stm32h7xx_hal.o
                0x240000d8                uwTick
 *(COMMON)
                0x240000dc                        . = ALIGN (0x4)
                0x240000dc                        _ebss = .
                0x240000dc                        __bss_end__ = _ebss

._user_heap_stack
                0x240000dc      0x604 load address 0x08004a58
                0x240000e0                        . = ALIGN (0x8)
 *fill*         0x240000dc        0x4 
                [!provide]                        PROVIDE (end = .)
                0x240000e0                        PROVIDE (_end = .)
                0x240002e0                        . = (. + _Min_Heap_Size)
 *fill*         0x240000e0      0x200 
                0x240006e0                        . = (. + _Min_Stack_Size)
 *fill*         0x240002e0      0x400 
                0x240006e0                        . = ALIGN (0x8)

/DISCARD/
 libc.a(*)
 libm.a(*)
 libgcc.a(*)

.ARM.attributes
                0x00000000       0x2e
 *(.ARM.attributes)
 .ARM.attributes
                0x00000000       0x20 C:/ST/STM32CubeIDE_1.17.0/STM32CubeIDE/plugins/com.st.stm32cube.ide.mcu.externaltools.gnu-tools-for-stm32.12.3.rel1.win32_1.1.0.202410251130/tools/bin/../lib/gcc/arm-none-eabi/12.3.1/thumb/v7e-m+dp/hard/crti.o
 .ARM.attributes
                0x00000020       0x32 C:/ST/STM32CubeIDE_1.17.0/STM32CubeIDE/plugins/com.st.stm32cube.ide.mcu.externaltools.gnu-tools-for-stm32.12.3.rel1.win32_1.1.0.202410251130/tools/bin/../lib/gcc/arm-none-eabi/12.3.1/thumb/v7e-m+dp/hard/crtbegin.o
 .ARM.attributes
                0x00000052       0x32 ./Core/Src/main.o
 .ARM.attributes
                0x00000084       0x32 ./Core/Src/stm32h7xx_hal_msp.o
 .ARM.attributes
                0x000000b6       0x32 ./Core/Src/stm32h7xx_it.o
 .ARM.attributes
                0x000000e8       0x32 ./Core/Src/system_stm32h7xx.o
 .ARM.attributes
                0x0000011a       0x21 ./Core/Startup/startup_stm32h743iitx.o
 .ARM.attributes
                0x0000013b       0x32 ./Drivers/STM32H7xx_HAL_Driver/Src/stm32h7xx_hal.o
 .ARM.attributes
                0x0000016d       0x32 ./Drivers/STM32H7xx_HAL_Driver/Src/stm32h7xx_hal_cortex.o
 .ARM.attributes
                0x0000019f       0x32 ./Drivers/STM32H7xx_HAL_Driver/Src/stm32h7xx_hal_fdcan.o
 .ARM.attributes
                0x000001d1       0x32 ./Drivers/STM32H7xx_HAL_Driver/Src/stm32h7xx_hal_gpio.o
 .ARM.attributes
                0x00000203       0x32 ./Drivers/STM32H7xx_HAL_Driver/Src/stm32h7xx_hal_pwr_ex.o
 .ARM.attributes
                0x00000235       0x32 ./Drivers/STM32H7xx_HAL_Driver/Src/stm32h7xx_hal_rcc.o
 .ARM.attributes
                0x00000267       0x32 ./Drivers/STM32H7xx_HAL_Driver/Src/stm32h7xx_hal_rcc_ex.o
 .ARM.attributes
                0x00000299       0x32 C:/ST/STM32CubeIDE_1.17.0/STM32CubeIDE/plugins/com.st.stm32cube.ide.mcu.externaltools.gnu-tools-for-stm32.12.3.rel1.win32_1.1.0.202410251130/tools/bin/../lib/gcc/arm-none-eabi/12.3.1/../../../../arm-none-eabi/lib/thumb/v7e-m+dp/hard\libc_nano.a(libc_a-memset.o)
 .ARM.attributes
                0x000002cb       0x32 C:/ST/STM32CubeIDE_1.17.0/STM32CubeIDE/plugins/com.st.stm32cube.ide.mcu.externaltools.gnu-tools-for-stm32.12.3.rel1.win32_1.1.0.202410251130/tools/bin/../lib/gcc/arm-none-eabi/12.3.1/../../../../arm-none-eabi/lib/thumb/v7e-m+dp/hard\libc_nano.a(libc_a-init.o)
 .ARM.attributes
                0x000002fd       0x32 C:/ST/STM32CubeIDE_1.17.0/STM32CubeIDE/plugins/com.st.stm32cube.ide.mcu.externaltools.gnu-tools-for-stm32.12.3.rel1.win32_1.1.0.202410251130/tools/bin/../lib/gcc/arm-none-eabi/12.3.1/../../../../arm-none-eabi/lib/thumb/v7e-m+dp/hard\libc_nano.a(libc_a-memcpy-stub.o)
 .ARM.attributes
                0x0000032f       0x20 C:/ST/STM32CubeIDE_1.17.0/STM32CubeIDE/plugins/com.st.stm32cube.ide.mcu.externaltools.gnu-tools-for-stm32.12.3.rel1.win32_1.1.0.202410251130/tools/bin/../lib/gcc/arm-none-eabi/12.3.1/thumb/v7e-m+dp/hard/crtn.o
OUTPUT(NAJWIEKSZY_TEST.elf elf32-littlearm)
LOAD linker stubs
LOAD C:/ST/STM32CubeIDE_1.17.0/STM32CubeIDE/plugins/com.st.stm32cube.ide.mcu.externaltools.gnu-tools-for-stm32.12.3.rel1.win32_1.1.0.202410251130/tools/bin/../lib/gcc/arm-none-eabi/12.3.1/../../../../arm-none-eabi/lib/thumb/v7e-m+dp/hard\libc.a
LOAD C:/ST/STM32CubeIDE_1.17.0/STM32CubeIDE/plugins/com.st.stm32cube.ide.mcu.externaltools.gnu-tools-for-stm32.12.3.rel1.win32_1.1.0.202410251130/tools/bin/../lib/gcc/arm-none-eabi/12.3.1/../../../../arm-none-eabi/lib/thumb/v7e-m+dp/hard\libm.a
LOAD C:/ST/STM32CubeIDE_1.17.0/STM32CubeIDE/plugins/com.st.stm32cube.ide.mcu.externaltools.gnu-tools-for-stm32.12.3.rel1.win32_1.1.0.202410251130/tools/bin/../lib/gcc/arm-none-eabi/12.3.1/thumb/v7e-m+dp/hard\libgcc.a

.debug_info     0x00000000     0xd05d
 .debug_info    0x00000000     0x15cb ./Core/Src/main.o
 .debug_info    0x000015cb     0x151d ./Core/Src/stm32h7xx_hal_msp.o
 .debug_info    0x00002ae8      0x8fd ./Core/Src/stm32h7xx_it.o
 .debug_info    0x000033e5      0xdb2 ./Core/Src/system_stm32h7xx.o
 .debug_info    0x00004197       0x30 ./Core/Startup/startup_stm32h743iitx.o
 .debug_info    0x000041c7     0x153b ./Drivers/STM32H7xx_HAL_Driver/Src/stm32h7xx_hal.o
 .debug_info    0x00005702     0x10b1 ./Drivers/STM32H7xx_HAL_Driver/Src/stm32h7xx_hal_cortex.o
 .debug_info    0x000067b3     0x2baf ./Drivers/STM32H7xx_HAL_Driver/Src/stm32h7xx_hal_fdcan.o
 .debug_info    0x00009362      0xc5a ./Drivers/STM32H7xx_HAL_Driver/Src/stm32h7xx_hal_gpio.o
 .debug_info    0x00009fbc     0x1012 ./Drivers/STM32H7xx_HAL_Driver/Src/stm32h7xx_hal_pwr_ex.o
 .debug_info    0x0000afce      0xe6a ./Drivers/STM32H7xx_HAL_Driver/Src/stm32h7xx_hal_rcc.o
 .debug_info    0x0000be38     0x1225 ./Drivers/STM32H7xx_HAL_Driver/Src/stm32h7xx_hal_rcc_ex.o

.debug_abbrev   0x00000000     0x19b1
 .debug_abbrev  0x00000000      0x28c ./Core/Src/main.o
 .debug_abbrev  0x0000028c      0x1ec ./Core/Src/stm32h7xx_hal_msp.o
 .debug_abbrev  0x00000478      0x17d ./Core/Src/stm32h7xx_it.o
 .debug_abbrev  0x000005f5      0x165 ./Core/Src/system_stm32h7xx.o
 .debug_abbrev  0x0000075a       0x24 ./Core/Startup/startup_stm32h743iitx.o
 .debug_abbrev  0x0000077e      0x295 ./Drivers/STM32H7xx_HAL_Driver/Src/stm32h7xx_hal.o
 .debug_abbrev  0x00000a13      0x339 ./Drivers/STM32H7xx_HAL_Driver/Src/stm32h7xx_hal_cortex.o
 .debug_abbrev  0x00000d4c      0x288 ./Drivers/STM32H7xx_HAL_Driver/Src/stm32h7xx_hal_fdcan.o
 .debug_abbrev  0x00000fd4      0x205 ./Drivers/STM32H7xx_HAL_Driver/Src/stm32h7xx_hal_gpio.o
 .debug_abbrev  0x000011d9      0x2a7 ./Drivers/STM32H7xx_HAL_Driver/Src/stm32h7xx_hal_pwr_ex.o
 .debug_abbrev  0x00001480      0x2c8 ./Drivers/STM32H7xx_HAL_Driver/Src/stm32h7xx_hal_rcc.o
 .debug_abbrev  0x00001748      0x269 ./Drivers/STM32H7xx_HAL_Driver/Src/stm32h7xx_hal_rcc_ex.o

.debug_aranges  0x00000000      0xa80
 .debug_aranges
                0x00000000       0x50 ./Core/Src/main.o
 .debug_aranges
                0x00000050       0x30 ./Core/Src/stm32h7xx_hal_msp.o
 .debug_aranges
                0x00000080       0x78 ./Core/Src/stm32h7xx_it.o
 .debug_aranges
                0x000000f8       0x30 ./Core/Src/system_stm32h7xx.o
 .debug_aranges
                0x00000128       0x28 ./Core/Startup/startup_stm32h743iitx.o
 .debug_aranges
                0x00000150      0x198 ./Drivers/STM32H7xx_HAL_Driver/Src/stm32h7xx_hal.o
 .debug_aranges
                0x000002e8      0x130 ./Drivers/STM32H7xx_HAL_Driver/Src/stm32h7xx_hal_cortex.o
 .debug_aranges
                0x00000418      0x338 ./Drivers/STM32H7xx_HAL_Driver/Src/stm32h7xx_hal_fdcan.o
 .debug_aranges
                0x00000750       0x58 ./Drivers/STM32H7xx_HAL_Driver/Src/stm32h7xx_hal_gpio.o
 .debug_aranges
                0x000007a8      0x158 ./Drivers/STM32H7xx_HAL_Driver/Src/stm32h7xx_hal_pwr_ex.o
 .debug_aranges
                0x00000900       0x88 ./Drivers/STM32H7xx_HAL_Driver/Src/stm32h7xx_hal_rcc.o
 .debug_aranges
                0x00000988       0xf8 ./Drivers/STM32H7xx_HAL_Driver/Src/stm32h7xx_hal_rcc_ex.o

.debug_rnglists
                0x00000000      0x7fd
 .debug_rnglists
                0x00000000       0x48 ./Core/Src/main.o
 .debug_rnglists
                0x00000048       0x20 ./Core/Src/stm32h7xx_hal_msp.o
 .debug_rnglists
                0x00000068       0x55 ./Core/Src/stm32h7xx_it.o
 .debug_rnglists
                0x000000bd       0x21 ./Core/Src/system_stm32h7xx.o
 .debug_rnglists
                0x000000de       0x19 ./Core/Startup/startup_stm32h743iitx.o
 .debug_rnglists
                0x000000f7      0x131 ./Drivers/STM32H7xx_HAL_Driver/Src/stm32h7xx_hal.o
 .debug_rnglists
                0x00000228       0xe0 ./Drivers/STM32H7xx_HAL_Driver/Src/stm32h7xx_hal_cortex.o
 .debug_rnglists
                0x00000308      0x28b ./Drivers/STM32H7xx_HAL_Driver/Src/stm32h7xx_hal_fdcan.o
 .debug_rnglists
                0x00000593       0x3f ./Drivers/STM32H7xx_HAL_Driver/Src/stm32h7xx_hal_gpio.o
 .debug_rnglists
                0x000005d2      0x103 ./Drivers/STM32H7xx_HAL_Driver/Src/stm32h7xx_hal_pwr_ex.o
 .debug_rnglists
                0x000006d5       0x68 ./Drivers/STM32H7xx_HAL_Driver/Src/stm32h7xx_hal_rcc.o
 .debug_rnglists
                0x0000073d       0xc0 ./Drivers/STM32H7xx_HAL_Driver/Src/stm32h7xx_hal_rcc_ex.o

.debug_macro    0x00000000    0x35b6d
 .debug_macro   0x00000000      0x293 ./Core/Src/main.o
 .debug_macro   0x00000293      0xad2 ./Core/Src/main.o
 .debug_macro   0x00000d65      0x232 ./Core/Src/main.o
 .debug_macro   0x00000f97       0x2e ./Core/Src/main.o
 .debug_macro   0x00000fc5       0x3b ./Core/Src/main.o
 .debug_macro   0x00001000       0x22 ./Core/Src/main.o
 .debug_macro   0x00001022       0x8e ./Core/Src/main.o
 .debug_macro   0x000010b0       0x51 ./Core/Src/main.o
 .debug_macro   0x00001101      0x103 ./Core/Src/main.o
 .debug_macro   0x00001204       0x6a ./Core/Src/main.o
 .debug_macro   0x0000126e      0x1df ./Core/Src/main.o
 .debug_macro   0x0000144d       0x1c ./Core/Src/main.o
 .debug_macro   0x00001469       0x22 ./Core/Src/main.o
 .debug_macro   0x0000148b       0xfb ./Core/Src/main.o
 .debug_macro   0x00001586     0x1305 ./Core/Src/main.o
 .debug_macro   0x0000288b      0x11f ./Core/Src/main.o
 .debug_macro   0x000029aa       0x27 ./Core/Src/main.o
 .debug_macro   0x000029d1    0x25b9b ./Core/Src/main.o
 .debug_macro   0x0002856c       0x6d ./Core/Src/main.o
 .debug_macro   0x000285d9     0x3d79 ./Core/Src/main.o
 .debug_macro   0x0002c352      0x189 ./Core/Src/main.o
 .debug_macro   0x0002c4db       0x61 ./Core/Src/main.o
 .debug_macro   0x0002c53c       0x29 ./Core/Src/main.o
 .debug_macro   0x0002c565       0x43 ./Core/Src/main.o
 .debug_macro   0x0002c5a8       0x34 ./Core/Src/main.o
 .debug_macro   0x0002c5dc       0x16 ./Core/Src/main.o
 .debug_macro   0x0002c5f2       0x43 ./Core/Src/main.o
 .debug_macro   0x0002c635       0x34 ./Core/Src/main.o
 .debug_macro   0x0002c669       0x10 ./Core/Src/main.o
 .debug_macro   0x0002c679       0x58 ./Core/Src/main.o
 .debug_macro   0x0002c6d1       0x8e ./Core/Src/main.o
 .debug_macro   0x0002c75f       0x1c ./Core/Src/main.o
 .debug_macro   0x0002c77b      0x177 ./Core/Src/main.o
 .debug_macro   0x0002c8f2      0x369 ./Core/Src/main.o
 .debug_macro   0x0002cc5b      0x19b ./Core/Src/main.o
 .debug_macro   0x0002cdf6       0x5d ./Core/Src/main.o
 .debug_macro   0x0002ce53     0x2382 ./Core/Src/main.o
 .debug_macro   0x0002f1d5     0x102c ./Core/Src/main.o
 .debug_macro   0x00030201      0x154 ./Core/Src/main.o
 .debug_macro   0x00030355      0x114 ./Core/Src/main.o
 .debug_macro   0x00030469      0x3b6 ./Core/Src/main.o
 .debug_macro   0x0003081f       0xac ./Core/Src/main.o
 .debug_macro   0x000308cb      0x72d ./Core/Src/main.o
 .debug_macro   0x00030ff8      0x228 ./Core/Src/main.o
 .debug_macro   0x00031220       0x66 ./Core/Src/main.o
 .debug_macro   0x00031286      0x3bb ./Core/Src/main.o
 .debug_macro   0x00031641      0x3e4 ./Core/Src/main.o
 .debug_macro   0x00031a25      0x275 ./Core/Src/main.o
 .debug_macro   0x00031c9a      0xe42 ./Core/Src/main.o
 .debug_macro   0x00032adc      0x3ca ./Core/Src/main.o
 .debug_macro   0x00032ea6      0x408 ./Core/Src/main.o
 .debug_macro   0x000332ae       0x51 ./Core/Src/main.o
 .debug_macro   0x000332ff       0x4a ./Core/Src/main.o
 .debug_macro   0x00033349      0x22c ./Core/Src/main.o
 .debug_macro   0x00033575       0x67 ./Core/Src/main.o
 .debug_macro   0x000335dc       0xa5 ./Core/Src/main.o
 .debug_macro   0x00033681      0x1c4 ./Core/Src/main.o
 .debug_macro   0x00033845      0x25e ./Core/Src/main.o
 .debug_macro   0x00033aa3       0x35 ./Core/Src/main.o
 .debug_macro   0x00033ad8      0x5ac ./Core/Src/main.o
 .debug_macro   0x00034084      0x293 ./Core/Src/stm32h7xx_hal_msp.o
 .debug_macro   0x00034317      0x29d ./Core/Src/stm32h7xx_it.o
 .debug_macro   0x000345b4      0x289 ./Core/Src/system_stm32h7xx.o
 .debug_macro   0x0003483d      0x2b3 ./Drivers/STM32H7xx_HAL_Driver/Src/stm32h7xx_hal.o
 .debug_macro   0x00034af0      0x289 ./Drivers/STM32H7xx_HAL_Driver/Src/stm32h7xx_hal_cortex.o
 .debug_macro   0x00034d79      0x34e ./Drivers/STM32H7xx_HAL_Driver/Src/stm32h7xx_hal_fdcan.o
 .debug_macro   0x000350c7      0x290 ./Drivers/STM32H7xx_HAL_Driver/Src/stm32h7xx_hal_gpio.o
 .debug_macro   0x00035357      0x2c2 ./Drivers/STM32H7xx_HAL_Driver/Src/stm32h7xx_hal_pwr_ex.o
 .debug_macro   0x00035619      0x2ad ./Drivers/STM32H7xx_HAL_Driver/Src/stm32h7xx_hal_rcc.o
 .debug_macro   0x000358c6      0x2a7 ./Drivers/STM32H7xx_HAL_Driver/Src/stm32h7xx_hal_rcc_ex.o

.debug_line     0x00000000     0xbc18
 .debug_line    0x00000000      0xa8b ./Core/Src/main.o
 .debug_line    0x00000a8b      0x908 ./Core/Src/stm32h7xx_hal_msp.o
 .debug_line    0x00001393      0x99a ./Core/Src/stm32h7xx_it.o
 .debug_line    0x00001d2d      0xa8c ./Core/Src/system_stm32h7xx.o
 .debug_line    0x000027b9       0x7b ./Core/Startup/startup_stm32h743iitx.o
 .debug_line    0x00002834      0xe40 ./Drivers/STM32H7xx_HAL_Driver/Src/stm32h7xx_hal.o
 .debug_line    0x00003674      0xe6f ./Drivers/STM32H7xx_HAL_Driver/Src/stm32h7xx_hal_cortex.o
 .debug_line    0x000044e3     0x28fe ./Drivers/STM32H7xx_HAL_Driver/Src/stm32h7xx_hal_fdcan.o
 .debug_line    0x00006de1      0xd18 ./Drivers/STM32H7xx_HAL_Driver/Src/stm32h7xx_hal_gpio.o
 .debug_line    0x00007af9      0xf63 ./Drivers/STM32H7xx_HAL_Driver/Src/stm32h7xx_hal_pwr_ex.o
 .debug_line    0x00008a5c     0x1410 ./Drivers/STM32H7xx_HAL_Driver/Src/stm32h7xx_hal_rcc.o
 .debug_line    0x00009e6c     0x1dac ./Drivers/STM32H7xx_HAL_Driver/Src/stm32h7xx_hal_rcc_ex.o

.debug_str      0x00000000   0x159641
 .debug_str     0x00000000   0x1550a3 ./Core/Src/main.o
                             0x15554c (size before relaxing)
 .debug_str     0x001550a3      0xbf6 ./Core/Src/stm32h7xx_hal_msp.o
                             0x155c94 (size before relaxing)
 .debug_str     0x00155c99      0x11f ./Core/Src/stm32h7xx_it.o
                             0x154eac (size before relaxing)
 .debug_str     0x00155db8      0x347 ./Core/Src/system_stm32h7xx.o
                             0x154e5c (size before relaxing)
 .debug_str     0x001560ff       0x44 ./Core/Startup/startup_stm32h743iitx.o
                                 0x87 (size before relaxing)
 .debug_str     0x00156143      0x7f9 ./Drivers/STM32H7xx_HAL_Driver/Src/stm32h7xx_hal.o
                             0x155d33 (size before relaxing)
 .debug_str     0x0015693c      0x370 ./Drivers/STM32H7xx_HAL_Driver/Src/stm32h7xx_hal_cortex.o
                             0x15576e (size before relaxing)
 .debug_str     0x00156cac     0x19b9 ./Drivers/STM32H7xx_HAL_Driver/Src/stm32h7xx_hal_fdcan.o
                             0x156b0b (size before relaxing)
 .debug_str     0x00158665      0x12d ./Drivers/STM32H7xx_HAL_Driver/Src/stm32h7xx_hal_gpio.o
                             0x154dd4 (size before relaxing)
 .debug_str     0x00158792      0x62e ./Drivers/STM32H7xx_HAL_Driver/Src/stm32h7xx_hal_pwr_ex.o
                             0x155295 (size before relaxing)
 .debug_str     0x00158dc0      0x22e ./Drivers/STM32H7xx_HAL_Driver/Src/stm32h7xx_hal_rcc.o
                             0x1551b8 (size before relaxing)
 .debug_str     0x00158fee      0x653 ./Drivers/STM32H7xx_HAL_Driver/Src/stm32h7xx_hal_rcc_ex.o
                             0x155699 (size before relaxing)

.comment        0x00000000       0x43
 .comment       0x00000000       0x43 ./Core/Src/main.o
                                 0x44 (size before relaxing)
 .comment       0x00000043       0x44 ./Core/Src/stm32h7xx_hal_msp.o
 .comment       0x00000043       0x44 ./Core/Src/stm32h7xx_it.o
 .comment       0x00000043       0x44 ./Core/Src/system_stm32h7xx.o
 .comment       0x00000043       0x44 ./Drivers/STM32H7xx_HAL_Driver/Src/stm32h7xx_hal.o
 .comment       0x00000043       0x44 ./Drivers/STM32H7xx_HAL_Driver/Src/stm32h7xx_hal_cortex.o
 .comment       0x00000043       0x44 ./Drivers/STM32H7xx_HAL_Driver/Src/stm32h7xx_hal_fdcan.o
 .comment       0x00000043       0x44 ./Drivers/STM32H7xx_HAL_Driver/Src/stm32h7xx_hal_gpio.o
 .comment       0x00000043       0x44 ./Drivers/STM32H7xx_HAL_Driver/Src/stm32h7xx_hal_pwr_ex.o
 .comment       0x00000043       0x44 ./Drivers/STM32H7xx_HAL_Driver/Src/stm32h7xx_hal_rcc.o
 .comment       0x00000043       0x44 ./Drivers/STM32H7xx_HAL_Driver/Src/stm32h7xx_hal_rcc_ex.o

.debug_frame    0x00000000     0x2bcc
 .debug_frame   0x00000000       0xf8 ./Core/Src/main.o
 .debug_frame   0x000000f8       0x84 ./Core/Src/stm32h7xx_hal_msp.o
 .debug_frame   0x0000017c      0x158 ./Core/Src/stm32h7xx_it.o
 .debug_frame   0x000002d4       0x78 ./Core/Src/system_stm32h7xx.o
 .debug_frame   0x0000034c      0x690 ./Drivers/STM32H7xx_HAL_Driver/Src/stm32h7xx_hal.o
 .debug_frame   0x000009dc      0x508 ./Drivers/STM32H7xx_HAL_Driver/Src/stm32h7xx_hal_cortex.o
 .debug_frame   0x00000ee4      0xf9c ./Drivers/STM32H7xx_HAL_Driver/Src/stm32h7xx_hal_fdcan.o
 .debug_frame   0x00001e80      0x14c ./Drivers/STM32H7xx_HAL_Driver/Src/stm32h7xx_hal_gpio.o
 .debug_frame   0x00001fcc      0x580 ./Drivers/STM32H7xx_HAL_Driver/Src/stm32h7xx_hal_pwr_ex.o
 .debug_frame   0x0000254c      0x1f8 ./Drivers/STM32H7xx_HAL_Driver/Src/stm32h7xx_hal_rcc.o
 .debug_frame   0x00002744      0x414 ./Drivers/STM32H7xx_HAL_Driver/Src/stm32h7xx_hal_rcc_ex.o
 .debug_frame   0x00002b58       0x20 C:/ST/STM32CubeIDE_1.17.0/STM32CubeIDE/plugins/com.st.stm32cube.ide.mcu.externaltools.gnu-tools-for-stm32.12.3.rel1.win32_1.1.0.202410251130/tools/bin/../lib/gcc/arm-none-eabi/12.3.1/../../../../arm-none-eabi/lib/thumb/v7e-m+dp/hard\libc_nano.a(libc_a-memset.o)
 .debug_frame   0x00002b78       0x2c C:/ST/STM32CubeIDE_1.17.0/STM32CubeIDE/plugins/com.st.stm32cube.ide.mcu.externaltools.gnu-tools-for-stm32.12.3.rel1.win32_1.1.0.202410251130/tools/bin/../lib/gcc/arm-none-eabi/12.3.1/../../../../arm-none-eabi/lib/thumb/v7e-m+dp/hard\libc_nano.a(libc_a-init.o)
 .debug_frame   0x00002ba4       0x28 C:/ST/STM32CubeIDE_1.17.0/STM32CubeIDE/plugins/com.st.stm32cube.ide.mcu.externaltools.gnu-tools-for-stm32.12.3.rel1.win32_1.1.0.202410251130/tools/bin/../lib/gcc/arm-none-eabi/12.3.1/../../../../arm-none-eabi/lib/thumb/v7e-m+dp/hard\libc_nano.a(libc_a-memcpy-stub.o)

.debug_line_str
                0x00000000       0x6b
 .debug_line_str
                0x00000000       0x6b ./Core/Startup/startup_stm32h743iitx.o
