../Core/Src/stm32h7xx_it.c:74:6:NMI_Handler	4	static
../Core/Src/stm32h7xx_it.c:89:6:HardFault_Handler	4	static
../Core/Src/stm32h7xx_it.c:104:6:MemManage_Handler	4	static
../Core/Src/stm32h7xx_it.c:119:6:BusFault_Handler	4	static
../Core/Src/stm32h7xx_it.c:134:6:UsageFault_Handler	4	static
../Core/Src/stm32h7xx_it.c:149:6:DebugMon_Handler	4	static
../Core/Src/stm32h7xx_it.c:169:6:FDCAN1_IT0_IRQHandler	8	static
../Core/Src/stm32h7xx_it.c:183:6:FDCAN1_IT1_IRQHandler	8	static
../Core/Src/stm32h7xx_it.c:197:6:FMC_IRQHandler	8	static
../Core/Src/stm32h7xx_it.c:211:6:TIM6_DAC_IRQHandler	8	static
../Core/Src/stm32h7xx_it.c:225:6:FDCAN_CAL_IRQHandler	8	static
../Core/Src/stm32h7xx_it.c:239:6:LTDC_IRQHandler	8	static
../Core/Src/stm32h7xx_it.c:253:6:LTDC_ER_IRQHandler	8	static
../Core/Src/stm32h7xx_it.c:267:6:DMA2D_IRQHandler	8	static
