../UserLibrary/Bsp/Bsp_Lcd.c:19:6:Bsp_LcdInit	8	static
../UserLibrary/Bsp/Bsp_Lcd.c:40:6:Bsp_LcdSetBrightness	16	static
../UserLibrary/Bsp/Bsp_Lcd.c:53:6:Bsp_LcdSetLayer	16	static
../UserLibrary/Bsp/Bsp_Lcd.c:77:6:Bsp_LcdSetColor	24	static
../UserLibrary/Bsp/Bsp_Lcd.c:115:6:Bsp_LcdSetBackColor	24	static
../UserLibrary/Bsp/Bsp_Lcd.c:153:6:Bsp_LcdClear	4	static
../UserLibrary/Bsp/Bsp_Lcd.c:177:6:Bsp_LcdClearRect	16	static
../UserLibrary/Bsp/Bsp_Lcd.c:201:6:Bsp_LcdSetDisplayDirection	16	static
../UserLibrary/Bsp/Bsp_Lcd.c:206:6:Bsp_LcdDrawPoint	16	static
../UserLibrary/Bsp/Bsp_Lcd.c:248:10:Bsp_LcdReadPoint	24	static
../UserLibrary/Bsp/Bsp_Lcd.c:291:6:Bsp_LcdDrawLine	56	static
../UserLibrary/Bsp/Bsp_Lcd.c:357:6:BsP_LcdDrawRect	24	static
../UserLibrary/Bsp/Bsp_Lcd.c:368:6:Bsl_LcdDrawCircle	32	static
../UserLibrary/Bsp/Bsp_Lcd.c:388:6:Bsp_LcdDrawEllipse	56	static
../UserLibrary/Bsp/Bsp_Lcd.c:440:6:Bsp_LcdFillRect	16	static
../UserLibrary/Bsp/Bsp_Lcd.c:463:6:Bsp_LcdFillCircle	40	static
../UserLibrary/Bsp/Bsp_Lcd.c:502:6:Bsp_LcdDrawImage	40	static
../UserLibrary/Bsp/Bsp_Lcd.c:539:6:Bsp_LcdDma2dTransferCompleteCallback	16	static
../UserLibrary/Bsp/Bsp_Lcd.c:544:6:Bsp_LcdDrawBitmap	40	static
