2026-01-12 12:02:25,509 [INFO] Activator:176 - 


2026-01-12 12:02:25,525 [INFO] Activator:177 - !SESSION log4j initialized
2026-01-12 12:02:40,917 [INFO] LogOutputStream:77 - [STDOUT_REDIRECT] 
2026-01-12 12:02:45,181 [INFO] ApplicationProperties:184 - Using Application install path: C:\ST\STM32CubeIDE_1.17.0\STM32CubeIDE\plugins\com.st.stm32cube.common.mx_6.13.0.202411220809
2026-01-12 12:02:45,212 [INFO] DbMcusXml:78 - Set database path to: C:\ST\STM32CubeIDE_1.17.0\STM32CubeIDE\plugins\com.st.stm32cube.common.mx_6.13.0.202411220809\\db\/mcu/
2026-01-12 12:02:45,213 [INFO] ApiDb:274 - Set plugin database path to: C:\ST\STM32CubeIDE_1.17.0\STM32CubeIDE\plugins\com.st.stm32cube.common.mx_6.13.0.202411220809\\db\/plugins/boardmanager/
2026-01-12 12:02:45,214 [WARN] ApiDb:259 - Overriding images path with different value:  => C:\ST\STM32CubeIDE_1.17.0\STM32CubeIDE\plugins\com.st.stm32cube.common.mx_6.13.0.202411220809\\db\/plugins/mcufinder/images/
2026-01-12 12:02:45,231 [INFO] ApiDb:250 - Set database path to: C:\Users\kamil\.stmcufinder\plugins\mcufinder//mcu/
2026-01-12 12:02:45,234 [INFO] DbMcusAds:125 - Set database path to: C:\Users\kamil\.stmcufinder\plugins\mcufinder//mcu/
2026-01-12 12:02:45,239 [INFO] CrossReferenceDbSqlite:203 - Set database path to: C:\Users\kamil\.stmcufinder\plugins\mcufinder//mcu/cs/
2026-01-12 12:02:45,456 [INFO] RulesReader:64 - Compatibility file has been processed (297 Rules)
2026-01-12 12:02:45,569 [INFO] DbMcusXml:78 - Set database path to: C:\ST\STM32CubeIDE_1.17.0\STM32CubeIDE\plugins\com.st.stm32cube.common.mx_6.13.0.202411220809\\db\/mcu/
2026-01-12 12:02:45,569 [INFO] ApiDb:274 - Set plugin database path to: C:\ST\STM32CubeIDE_1.17.0\STM32CubeIDE\plugins\com.st.stm32cube.common.mx_6.13.0.202411220809\\db\/plugins/boardmanager/
2026-01-12 12:02:45,569 [INFO] ApiDb:261 - Set plugin images path to: C:\ST\STM32CubeIDE_1.17.0\STM32CubeIDE\plugins\com.st.stm32cube.common.mx_6.13.0.202411220809\\db\/plugins/mcufinder/images/
2026-01-12 12:02:45,570 [WARN] DbFile:41 - Overriding database path with different value: C:\Users\kamil\.stmcufinder\plugins\mcufinder/ => C:\Users\kamil\.stmcufinder\plugins\mcufinder
2026-01-12 12:02:45,570 [INFO] ApiDb:250 - Set database path to: C:\Users\kamil\.stmcufinder\plugins\mcufinder//mcu/
2026-01-12 12:02:45,570 [WARN] DbFile:41 - Overriding database path with different value: C:\Users\kamil\.stmcufinder\plugins\mcufinder/ => C:\Users\kamil\.stmcufinder\plugins\mcufinder
2026-01-12 12:02:45,570 [INFO] DbMcusAds:125 - Set database path to: C:\Users\kamil\.stmcufinder\plugins\mcufinder//mcu/
2026-01-12 12:02:45,570 [WARN] DbFile:41 - Overriding database path with different value: C:\Users\kamil\.stmcufinder\plugins\mcufinder/ => C:\Users\kamil\.stmcufinder\plugins\mcufinder
2026-01-12 12:02:45,570 [WARN] DbFile:41 - Overriding database path with different value: C:\Users\kamil\.stmcufinder\plugins\mcufinder/ => C:\Users\kamil\.stmcufinder\plugins\mcufinder
2026-01-12 12:02:45,570 [INFO] CrossReferenceDbSqlite:203 - Set database path to: C:\Users\kamil\.stmcufinder\plugins\mcufinder//mcu/cs/
2026-01-12 12:02:45,683 [INFO] MainPanel:272 - HeapMemory: 268435456
2026-01-12 12:02:45,831 [INFO] DbMcusXml:78 - Set database path to: C:\ST\STM32CubeIDE_1.17.0\STM32CubeIDE\plugins\com.st.stm32cube.common.mx_6.13.0.202411220809\\db\/mcu/
2026-01-12 12:02:45,831 [INFO] ApiDb:274 - Set plugin database path to: C:\ST\STM32CubeIDE_1.17.0\STM32CubeIDE\plugins\com.st.stm32cube.common.mx_6.13.0.202411220809\\db\/plugins/boardmanager/
2026-01-12 12:02:45,831 [INFO] ApiDb:261 - Set plugin images path to: C:\ST\STM32CubeIDE_1.17.0\STM32CubeIDE\plugins\com.st.stm32cube.common.mx_6.13.0.202411220809\\db\/plugins/mcufinder/images/
2026-01-12 12:02:45,832 [WARN] DbFile:41 - Overriding database path with different value: C:\Users\kamil\.stmcufinder\plugins\mcufinder/ => C:\Users\kamil\.stmcufinder\plugins\mcufinder
2026-01-12 12:02:45,832 [INFO] ApiDb:250 - Set database path to: C:\Users\kamil\.stmcufinder\plugins\mcufinder//mcu/
2026-01-12 12:02:45,832 [WARN] DbFile:41 - Overriding database path with different value: C:\Users\kamil\.stmcufinder\plugins\mcufinder/ => C:\Users\kamil\.stmcufinder\plugins\mcufinder
2026-01-12 12:02:45,832 [INFO] DbMcusAds:125 - Set database path to: C:\Users\kamil\.stmcufinder\plugins\mcufinder//mcu/
2026-01-12 12:02:45,833 [WARN] DbFile:41 - Overriding database path with different value: C:\Users\kamil\.stmcufinder\plugins\mcufinder/ => C:\Users\kamil\.stmcufinder\plugins\mcufinder
2026-01-12 12:02:45,833 [WARN] DbFile:41 - Overriding database path with different value: C:\Users\kamil\.stmcufinder\plugins\mcufinder/ => C:\Users\kamil\.stmcufinder\plugins\mcufinder
2026-01-12 12:02:45,833 [INFO] CrossReferenceDbSqlite:203 - Set database path to: C:\Users\kamil\.stmcufinder\plugins\mcufinder//mcu/cs/
2026-01-12 12:02:45,863 [INFO] ApplicationProperties:184 - Using Application install path: C:\ST\STM32CubeIDE_1.17.0\STM32CubeIDE\plugins\com.st.stm32cube.common.mx_6.13.0.202411220809
2026-01-12 12:02:45,865 [INFO] PluginManage:196 - Search for loadable plugins [exclusion list=, ]
2026-01-12 12:02:45,868 [INFO] PluginManage:310 - Check plugin analytics
2026-01-12 12:02:46,202 [INFO] AnalyticsPlugin:253 - Accepted Software Licenses: 
2026-01-12 12:02:46,202 [INFO] AnalyticsPlugin:255 - Accepted CMSIS Pack Licenses: 
2026-01-12 12:02:46,203 [INFO] AnalyticsPlugin:257 - Accepted Firmware Licenses: FW.F7.1.17.0,FW.H7.1.12.0
2026-01-12 12:02:46,206 [INFO] PluginManage:359 - Loaded plugin analytics (category:tool,tabindex:-1)
2026-01-12 12:02:46,206 [INFO] PluginManage:310 - Check plugin cadmodel
2026-01-12 12:02:46,238 [INFO] CADModel:105 - Init CAD model plugin
2026-01-12 12:02:46,238 [INFO] PluginManage:359 - Loaded plugin cadmodel (category:power,tabindex:5)
2026-01-12 12:02:46,239 [INFO] PluginManage:310 - Check plugin clock
2026-01-12 12:02:46,272 [INFO] PluginManage:359 - Loaded plugin clock (category:base,tabindex:2)
2026-01-12 12:02:46,273 [INFO] PluginManage:310 - Check plugin ddr
2026-01-12 12:02:46,277 [INFO] PluginManage:359 - Loaded plugin ddr (category:tool,tabindex:6)
2026-01-12 12:02:46,278 [INFO] PluginManage:310 - Check plugin filemanager
2026-01-12 12:02:46,518 [INFO] PluginManage:359 - Loaded plugin filemanager (category:base,tabindex:10)
2026-01-12 12:02:46,519 [INFO] PluginManage:310 - Check plugin ipmanager
2026-01-12 12:02:46,529 [INFO] PluginManage:359 - Loaded plugin ipmanager (category:base,tabindex:5)
2026-01-12 12:02:46,529 [INFO] PluginManage:310 - Check plugin lpbam
2026-01-12 12:02:46,569 [INFO] PluginManage:359 - Loaded plugin lpbam (category:base,tabindex:0)
2026-01-12 12:02:46,569 [INFO] PluginManage:310 - Check plugin memorymap
2026-01-12 12:02:46,624 [INFO] PluginManage:359 - Loaded plugin memorymap (category:base,tabindex:4)
2026-01-12 12:02:46,625 [INFO] PluginManage:310 - Check plugin pinoutandconfiguration
2026-01-12 12:02:46,669 [INFO] PluginManage:359 - Loaded plugin pinoutandconfiguration (category:base,tabindex:1)
2026-01-12 12:02:46,669 [INFO] PluginManage:310 - Check plugin pinoutconfig
2026-01-12 12:02:46,860 [WARN] SupportedApi:132 - Cannot load RTOS API schema: s4s-elt-must-match.1: The content of 'definitions' must match (annotation?, (simpleType | complexType)?, (unique | key | keyref)*)). A problem was found starting at: attribute.
2026-01-12 12:02:47,163 [INFO] PluginManage:359 - Loaded plugin pinoutconfig (category:base,tabindex:0)
2026-01-12 12:02:47,163 [INFO] PluginManage:310 - Check plugin power
2026-01-12 12:02:47,200 [INFO] PluginManage:359 - Loaded plugin power (category:power,tabindex:4)
2026-01-12 12:02:47,200 [INFO] PluginManage:310 - Check plugin projectmanager
2026-01-12 12:02:47,233 [INFO] PluginManage:359 - Loaded plugin projectmanager (category:projectmanager,tabindex:4)
2026-01-12 12:02:47,233 [INFO] PluginManage:310 - Check plugin rif
2026-01-12 12:02:47,270 [INFO] PluginManage:359 - Loaded plugin rif (category:base,tabindex:3)
2026-01-12 12:02:47,271 [INFO] PluginManage:310 - Check plugin thirdparty
2026-01-12 12:02:47,805 [INFO] PluginManage:359 - Loaded plugin thirdparty (category:base,tabindex:-1)
2026-01-12 12:02:47,805 [WARN] IntegrityCheckThread:84 - waiting for thirdparty lock release [integrity check]
2026-01-12 12:02:47,807 [INFO] PluginManage:310 - Check plugin tools
2026-01-12 12:02:47,807 [INFO] IntegrityCheckThread:86 - entering critical section [integrity check]
2026-01-12 12:02:47,808 [INFO] ThirdPartyUpdaterWithRetryManager:70 - Updater plugin not ready yet. [1/15]
2026-01-12 12:02:47,878 [INFO] PluginManage:359 - Loaded plugin tools (category:base,tabindex:7)
2026-01-12 12:02:47,878 [INFO] PluginManage:310 - Check plugin tutovideos
2026-01-12 12:02:48,205 [INFO] PluginManage:359 - Loaded plugin tutovideos (category:base,tabindex:-1)
2026-01-12 12:02:48,206 [INFO] PluginManage:310 - Check plugin updater
2026-01-12 12:02:48,252 [INFO] PluginManage:359 - Loaded plugin updater (category:base,tabindex:12)
2026-01-12 12:02:48,253 [INFO] PluginManage:310 - Check plugin userauth
2026-01-12 12:02:48,263 [INFO] UserAuth:118 - Init User Auth plugin
2026-01-12 12:02:48,264 [INFO] PluginManage:359 - Loaded plugin userauth (category:base,tabindex:14)
2026-01-12 12:02:48,266 [INFO] PluginManage:283 - PluginManage : Loaded plugins [18]
2026-01-12 12:02:48,571 [INFO] PinOutPanel:1589 - setPackage(No Configuration,No Configuration)
2026-01-12 12:02:48,707 [INFO] CADModel:165 - CPN selected for project level
2026-01-12 12:02:48,707 [INFO] CADModel:114 - Register for checkConnection events
2026-01-12 12:02:48,755 [INFO] IPUIPlugin:80 - create IPUIPlugin
2026-01-12 12:02:48,755 [INFO] PluginManager:220 - loadIPPluginJar : add adc
2026-01-12 12:02:48,835 [INFO] IPUIPlugin:80 - create IPUIPlugin
2026-01-12 12:02:48,835 [INFO] PluginManager:220 - loadIPPluginJar : add aes
2026-01-12 12:02:48,912 [INFO] IPUIPlugin:80 - create IPUIPlugin
2026-01-12 12:02:48,913 [INFO] PluginManager:220 - loadIPPluginJar : add can
2026-01-12 12:02:48,961 [INFO] IPUIPlugin:80 - create IPUIPlugin
2026-01-12 12:02:48,961 [INFO] PluginManager:220 - loadIPPluginJar : add comp
2026-01-12 12:02:49,051 [INFO] IPUIPlugin:80 - create IPUIPlugin
2026-01-12 12:02:49,051 [INFO] PluginManager:220 - loadIPPluginJar : add cryp
2026-01-12 12:02:49,081 [INFO] IPUIPlugin:80 - create IPUIPlugin
2026-01-12 12:02:49,081 [INFO] PluginManager:220 - loadIPPluginJar : add ddr_ctrl_phy
2026-01-12 12:02:49,164 [INFO] IPUIPlugin:80 - create IPUIPlugin
2026-01-12 12:02:49,164 [INFO] PluginManager:220 - loadIPPluginJar : add dfsdm
2026-01-12 12:02:49,199 [INFO] IPUIPlugin:80 - create IPUIPlugin
2026-01-12 12:02:49,200 [INFO] PluginManager:220 - loadIPPluginJar : add dma
2026-01-12 12:02:49,305 [INFO] IPUIPlugin:80 - create IPUIPlugin
2026-01-12 12:02:49,305 [INFO] PluginManager:220 - loadIPPluginJar : add dma3
2026-01-12 12:02:49,442 [INFO] IPUIPlugin:80 - create IPUIPlugin
2026-01-12 12:02:49,442 [INFO] PluginManager:220 - loadIPPluginJar : add extmemmanager
2026-01-12 12:02:49,505 [INFO] IPUIPlugin:80 - create IPUIPlugin
2026-01-12 12:02:49,505 [INFO] PluginManager:220 - loadIPPluginJar : add fatfs
2026-01-12 12:02:49,601 [INFO] IPUIPlugin:80 - create IPUIPlugin
2026-01-12 12:02:49,601 [INFO] PluginManager:220 - loadIPPluginJar : add fmc
2026-01-12 12:02:49,628 [INFO] IPUIPlugin:80 - create IPUIPlugin
2026-01-12 12:02:49,628 [INFO] PluginManager:220 - loadIPPluginJar : add freertos
2026-01-12 12:02:49,688 [INFO] IPUIPlugin:80 - create IPUIPlugin
2026-01-12 12:02:49,689 [INFO] PluginManager:220 - loadIPPluginJar : add genericplugin
2026-01-12 12:02:49,940 [INFO] IPUIPlugin:80 - create IPUIPlugin
2026-01-12 12:02:49,941 [INFO] PluginManager:220 - loadIPPluginJar : add gfxmmu
2026-01-12 12:02:50,405 [INFO] IPUIPlugin:80 - create IPUIPlugin
2026-01-12 12:02:50,407 [INFO] PluginManager:220 - loadIPPluginJar : add gic
2026-01-12 12:02:50,463 [INFO] IPUIPlugin:80 - create IPUIPlugin
2026-01-12 12:02:50,463 [INFO] PluginManager:220 - loadIPPluginJar : add gpio
2026-01-12 12:02:50,768 [INFO] IPUIPlugin:80 - create IPUIPlugin
2026-01-12 12:02:50,768 [INFO] PluginManager:220 - loadIPPluginJar : add gtzc
2026-01-12 12:02:50,808 [INFO] ThirdPartyUpdaterWithRetryManager:70 - Updater plugin not ready yet. [2/15]
2026-01-12 12:02:50,893 [INFO] IPUIPlugin:80 - create IPUIPlugin
2026-01-12 12:02:50,893 [INFO] PluginManager:220 - loadIPPluginJar : add hash
2026-01-12 12:02:51,095 [INFO] IPUIPlugin:80 - create IPUIPlugin
2026-01-12 12:02:51,096 [INFO] PluginManager:220 - loadIPPluginJar : add i2c
2026-01-12 12:02:51,221 [INFO] IPUIPlugin:80 - create IPUIPlugin
2026-01-12 12:02:51,222 [INFO] PluginManager:220 - loadIPPluginJar : add i2s
2026-01-12 12:02:51,384 [INFO] IPUIPlugin:80 - create IPUIPlugin
2026-01-12 12:02:51,385 [INFO] PluginManager:220 - loadIPPluginJar : add i3c
2026-01-12 12:02:51,731 [INFO] IPUIPlugin:80 - create IPUIPlugin
2026-01-12 12:02:51,732 [INFO] PluginManager:220 - loadIPPluginJar : add ipddr
2026-01-12 12:02:52,058 [INFO] IPUIPlugin:80 - create IPUIPlugin
2026-01-12 12:02:52,059 [INFO] PluginManager:220 - loadIPPluginJar : add linkedlist
2026-01-12 12:02:52,189 [INFO] IPUIPlugin:80 - create IPUIPlugin
2026-01-12 12:02:52,189 [INFO] PluginManager:220 - loadIPPluginJar : add lorawan
2026-01-12 12:02:52,329 [INFO] IPUIPlugin:80 - create IPUIPlugin
2026-01-12 12:02:52,329 [INFO] PluginManager:220 - loadIPPluginJar : add ltdc
2026-01-12 12:02:52,377 [INFO] IPUIPlugin:80 - create IPUIPlugin
2026-01-12 12:02:52,378 [INFO] PluginManager:220 - loadIPPluginJar : add mdma
2026-01-12 12:02:52,411 [INFO] IPUIPlugin:80 - create IPUIPlugin
2026-01-12 12:02:52,412 [INFO] PluginManager:220 - loadIPPluginJar : add nvic
2026-01-12 12:02:52,548 [INFO] IPUIPlugin:80 - create IPUIPlugin
2026-01-12 12:02:52,549 [INFO] PluginManager:220 - loadIPPluginJar : add opamp
2026-01-12 12:02:52,792 [INFO] IPUIPlugin:80 - create IPUIPlugin
2026-01-12 12:02:52,792 [INFO] PluginManager:220 - loadIPPluginJar : add openamp
2026-01-12 12:02:52,943 [INFO] IPUIPlugin:80 - create IPUIPlugin
2026-01-12 12:02:52,943 [INFO] PluginManager:220 - loadIPPluginJar : add pdm2pcm
2026-01-12 12:02:52,981 [INFO] IPUIPlugin:80 - create IPUIPlugin
2026-01-12 12:02:52,987 [INFO] PluginManager:220 - loadIPPluginJar : add plateformsettings
2026-01-12 12:02:53,080 [INFO] IPUIPlugin:80 - create IPUIPlugin
2026-01-12 12:02:53,080 [INFO] PluginManager:220 - loadIPPluginJar : add quadspi
2026-01-12 12:02:53,163 [INFO] IPUIPlugin:80 - create IPUIPlugin
2026-01-12 12:02:53,164 [INFO] PluginManager:220 - loadIPPluginJar : add radio
2026-01-12 12:02:53,205 [INFO] IPUIPlugin:80 - create IPUIPlugin
2026-01-12 12:02:53,205 [INFO] PluginManager:220 - loadIPPluginJar : add resmgrutility
2026-01-12 12:02:53,362 [INFO] IPUIPlugin:80 - create IPUIPlugin
2026-01-12 12:02:53,362 [INFO] PluginManager:220 - loadIPPluginJar : add sai
2026-01-12 12:02:53,506 [INFO] IPUIPlugin:80 - create IPUIPlugin
2026-01-12 12:02:53,506 [INFO] PluginManager:220 - loadIPPluginJar : add spi
2026-01-12 12:02:53,753 [INFO] IPUIPlugin:80 - create IPUIPlugin
2026-01-12 12:02:53,758 [INFO] PluginManager:220 - loadIPPluginJar : add stm32_wpan
2026-01-12 12:02:53,821 [INFO] ThirdPartyUpdaterWithRetryManager:70 - Updater plugin not ready yet. [3/15]
2026-01-12 12:02:53,832 [INFO] IPUIPlugin:80 - create IPUIPlugin
2026-01-12 12:02:53,832 [INFO] PluginManager:220 - loadIPPluginJar : add tim
2026-01-12 12:02:54,043 [INFO] IPUIPlugin:80 - create IPUIPlugin
2026-01-12 12:02:54,043 [INFO] PluginManager:220 - loadIPPluginJar : add touchsensing
2026-01-12 12:02:54,140 [INFO] IPUIPlugin:80 - create IPUIPlugin
2026-01-12 12:02:54,141 [INFO] PluginManager:220 - loadIPPluginJar : add tracer_emb
2026-01-12 12:02:54,224 [INFO] IPUIPlugin:80 - create IPUIPlugin
2026-01-12 12:02:54,225 [INFO] PluginManager:220 - loadIPPluginJar : add ts
2026-01-12 12:02:54,306 [INFO] IPUIPlugin:80 - create IPUIPlugin
2026-01-12 12:02:54,307 [INFO] PluginManager:220 - loadIPPluginJar : add tsc
2026-01-12 12:02:54,389 [INFO] IPUIPlugin:80 - create IPUIPlugin
2026-01-12 12:02:54,389 [INFO] PluginManager:220 - loadIPPluginJar : add ucpd
2026-01-12 12:02:54,549 [INFO] IPUIPlugin:80 - create IPUIPlugin
2026-01-12 12:02:54,549 [INFO] PluginManager:220 - loadIPPluginJar : add usart
2026-01-12 12:02:54,704 [INFO] IPUIPlugin:80 - create IPUIPlugin
2026-01-12 12:02:54,704 [INFO] PluginManager:220 - loadIPPluginJar : add usbx
2026-01-12 12:02:54,979 [FATAL] Updater:351 - Updater called before beeing initialized
2026-01-12 12:02:55,113 [INFO] RulesReader:64 - Compatibility file has been processed (297 Rules)
2026-01-12 12:02:55,223 [INFO] RulesReader:64 - Compatibility file has been processed (297 Rules)
2026-01-12 12:02:55,296 [INFO] CADModel:165 - CPN selected for project level
2026-01-12 12:02:55,296 [INFO] CADModel:114 - Register for checkConnection events
2026-01-12 12:02:55,297 [FATAL] Updater:351 - Updater called before beeing initialized
2026-01-12 12:02:55,299 [ERROR] CADModel:125 - Updater not yet initialized, retry later 
2026-01-12 12:02:55,908 [FATAL] Updater:351 - Updater called before beeing initialized
2026-01-12 12:02:55,913 [INFO] CADModel:165 - CPN selected for project level
2026-01-12 12:02:55,914 [INFO] CADModel:114 - Register for checkConnection events
2026-01-12 12:02:55,914 [FATAL] Updater:351 - Updater called before beeing initialized
2026-01-12 12:02:55,914 [ERROR] CADModel:125 - Updater not yet initialized, retry later 
2026-01-12 12:02:55,922 [FATAL] Updater:351 - Updater called before beeing initialized
2026-01-12 12:02:56,276 [FATAL] Updater:351 - Updater called before beeing initialized
2026-01-12 12:02:56,307 [INFO] DbMcusAds:53 - JSON generation date=Thu Jan 08 16:56:32 CET 2026 (1767887792457)
2026-01-12 12:02:56,308 [FATAL] Updater:351 - Updater called before beeing initialized
2026-01-12 12:02:56,404 [WARN] DetailPanel:346 - Failed to get advertising image, set to default
2026-01-12 12:02:56,834 [INFO] ThirdPartyUpdaterWithRetryManager:70 - Updater plugin not ready yet. [4/15]
2026-01-12 12:02:57,108 [FATAL] Updater:351 - Updater called before beeing initialized
2026-01-12 12:02:57,113 [FATAL] Updater:351 - Updater called before beeing initialized
2026-01-12 12:02:57,113 [FATAL] Updater:351 - Updater called before beeing initialized
2026-01-12 12:02:57,113 [WARN] DetailPanel:346 - Failed to get advertising image, set to default
2026-01-12 12:02:57,115 [FATAL] Updater:351 - Updater called before beeing initialized
2026-01-12 12:02:57,294 [ERROR] Updater:1198 - MainUpdater not yet initialized. External WinMGr cannot be set.
2026-01-12 12:02:57,323 [INFO] Updater:1134 - Updater Version found : 6.13.0
2026-01-12 12:02:57,362 [INFO] ApplicationProperties:184 - Using Application install path: C:\ST\STM32CubeIDE_1.17.0\STM32CubeIDE\plugins\com.st.stm32cube.common.mx_6.13.0.202411220809
2026-01-12 12:02:58,661 [INFO] MainUpdater:2872 - connection check result : 10
2026-01-12 12:02:58,663 [INFO] MainUpdater:289 - Updater Check For Update Now.
2026-01-12 12:02:58,664 [INFO] MicroXplorer:498 - Change Database Version : DB.6.0.130
2026-01-12 12:02:58,743 [INFO] McuFinderGlobals:63 - Set McuFinder mode to 2 (CubeIDE integrated)
2026-01-12 12:02:58,747 [INFO] UserAuth:171 - activating auth plugin
2026-01-12 12:02:58,794 [INFO] UserAuth:486 - Internet connection configuration mode: 1
2026-01-12 12:02:58,957 [INFO] JxBrowserEngine:152 - Initiate JxBrowser Engine with user profile folder
2026-01-12 12:02:59,433 [INFO] CheckServerUpdateThread:120 - End of CheckServer Thread
2026-01-12 12:03:01,443 [WARN] PackLoader:240 - Cannot read IP mode file for STMicroelectronics.FP-SNS-MOTENVWB1.1.4.0
2026-01-12 12:03:01,502 [WARN] PackLoader:240 - Cannot read IP mode file for STMicroelectronics.FP-ATR-ASTRA1.2.0.2
2026-01-12 12:03:01,543 [WARN] PackLoader:240 - Cannot read IP mode file for STMicroelectronics.FP-ATR-ASTRA1.2.0.1
2026-01-12 12:03:01,621 [WARN] PackLoader:240 - Cannot read IP mode file for STMicroelectronics.X-CUBE-SMBUS.2.1.0
2026-01-12 12:03:01,695 [WARN] PackLoader:240 - Cannot read IP mode file for STMicroelectronics.X-CUBE-WB05N.1.1.0
2026-01-12 12:03:01,785 [WARN] PackLoader:240 - Cannot read IP mode file for STMicroelectronics.X-CUBE-ST60.1.0.0
2026-01-12 12:03:02,030 [WARN] PackLoader:240 - Cannot read IP mode file for STMicroelectronics.X-CUBE-AZRTOS-F7.1.1.0
2026-01-12 12:03:02,733 [INFO] WebApp:168 - Instantiating new browser for Auth
2026-01-12 12:03:03,546 [WARN] PackLoader:240 - Cannot read IP mode file for STMicroelectronics.X-CUBE-MEMS1.11.0.0
2026-01-12 12:03:04,302 [ERROR] Engine:466 - C:\Users\kamil\.stm32cubemx\thirdparties\pdsc\STMicroelectronics.FP-SNS-MOTENV1.5.1.0.pdsc: PDSC version is not supported
2026-01-12 12:03:04,349 [WARN] PackLoader:240 - Cannot read IP mode file for STMicroelectronics.FP-SNS-FLIGHT1.5.0.2
2026-01-12 12:03:04,887 [WARN] PackLoader:240 - Cannot read IP mode file for STMicroelectronics.X-CUBE-AZRTOS-H7.3.4.0
2026-01-12 12:03:04,963 [WARN] PackLoader:240 - Cannot read IP mode file for STMicroelectronics.X-CUBE-DISPLAY.3.0.0
2026-01-12 12:03:05,027 [WARN] PackLoader:240 - Cannot read IP mode file for STMicroelectronics.X-CUBE-BLE1.7.0.0
2026-01-12 12:03:05,064 [WARN] PackLoader:240 - Cannot read IP mode file for STMicroelectronics.X-CUBE-NFC10.1.0.0
2026-01-12 12:03:05,128 [WARN] PackLoader:240 - Cannot read IP mode file for STMicroelectronics.X-CUBE-BLEMGR.4.0.0
2026-01-12 12:03:05,183 [WARN] PackLoader:240 - Cannot read IP mode file for STMicroelectronics.X-CUBE-ST60.1.1.0
2026-01-12 12:03:05,270 [WARN] PackLoader:240 - Cannot read IP mode file for emotas.I-CUBE-CANOPEN.1.3.0
2026-01-12 12:03:05,323 [WARN] PackLoader:240 - Cannot read IP mode file for STMicroelectronics.X-CUBE-GNSS1.7.1.0
2026-01-12 12:03:05,455 [WARN] PackLoader:240 - Cannot read IP mode file for STMicroelectronics.X-CUBE-BLEMGR.3.1.0
2026-01-12 12:03:05,515 [WARN] PackLoader:240 - Cannot read IP mode file for STMicroelectronics.X-CUBE-AI.10.0.0
2026-01-12 12:03:05,556 [ERROR] Engine:466 - C:\Users\kamil\.stm32cubemx\thirdparties\pdsc\STMicroelectronics.FP-SNS-STBOX1.2.1.0.pdsc: PDSC version is not supported
2026-01-12 12:03:05,617 [WARN] PackLoader:240 - Cannot read IP mode file for STMicroelectronics.FP-SNS-SMARTAG2.1.2.0
2026-01-12 12:03:05,656 [WARN] PackLoader:240 - Cannot read IP mode file for STMicroelectronics.FP-SNS-FLIGHT1.5.1.0
2026-01-12 12:03:05,806 [WARN] PackLoader:240 - Cannot read IP mode file for STMicroelectronics.X-CUBE-MEMS1.11.1.0
2026-01-12 12:03:06,858 [INFO] WebApp:449 - Apply proxy settings
2026-01-12 12:03:06,859 [INFO] WebApp:534 - Chromium requires no authentication
2026-01-12 12:03:06,978 [INFO] WebApp:477 - Direct internet connection detected
2026-01-12 12:03:07,232 [INFO] WebApp:880 - Register for checkConnection events
2026-01-12 12:03:07,233 [INFO] WebApp:449 - Apply proxy settings
2026-01-12 12:03:07,233 [INFO] WebApp:534 - Chromium requires no authentication
2026-01-12 12:03:07,237 [INFO] WebApp:477 - Direct internet connection detected
2026-01-12 12:03:07,391 [INFO] LogOutputStream:77 - [STDOUT_REDIRECT] 1 : Invalid condition id : UX_CORESTACK_Condition cause : null
2026-01-12 12:03:07,397 [INFO] LogOutputStream:77 - [STDOUT_REDIRECT] 1 : Invalid condition id : UX_CORESTACK_Condition cause : null
2026-01-12 12:03:07,401 [INFO] LogOutputStream:77 - [STDOUT_REDIRECT] 1 : Invalid condition id : UX_CORESTACK_Condition cause : null
2026-01-12 12:03:07,411 [INFO] LogOutputStream:77 - [STDOUT_REDIRECT] 1 : Invalid condition id : UX_CORESTACK_Condition cause : null
2026-01-12 12:03:07,415 [INFO] LogOutputStream:77 - [STDOUT_REDIRECT] 1 : Invalid condition id : UX_CORESTACK_Condition cause : null
2026-01-12 12:03:07,423 [WARN] PackLoader:240 - Cannot read IP mode file for STMicroelectronics.X-CUBE-AZRTOS-WL.2.0.0
2026-01-12 12:03:07,559 [WARN] PackLoader:240 - Cannot read IP mode file for STMicroelectronics.FP-SNS-MOTENV1.5.0.0
2026-01-12 12:03:07,811 [INFO] WebApp:187 - Connection restablished
2026-01-12 12:03:07,853 [WARN] PackLoader:240 - Cannot read IP mode file for STMicroelectronics.X-CUBE-AZRTOS-H7RS.1.2.0
2026-01-12 12:03:08,039 [WARN] PackLoader:240 - Cannot read IP mode file for wolfSSL.I-CUBE-wolfMQTT.1.19.0
2026-01-12 12:03:08,120 [WARN] PackLoader:240 - Cannot read IP mode file for WES.I-CUBE-Cesium.1.3.0
2026-01-12 12:03:08,196 [WARN] PackLoader:240 - Cannot read IP mode file for STMicroelectronics.X-CUBE-BLE2.3.3.0
2026-01-12 12:03:08,618 [WARN] PackLoader:240 - Cannot read IP mode file for STMicroelectronics.X-CUBE-NFC9.1.0.0
2026-01-12 12:03:08,885 [WARN] PackLoader:240 - Cannot read IP mode file for STMicroelectronics.X-CUBE-BLE1.7.1.0
2026-01-12 12:03:09,205 [WARN] PackLoader:240 - Cannot read IP mode file for STMicroelectronics.X-CUBE-TCPP.4.1.0
2026-01-12 12:03:09,295 [ERROR] Engine:466 - C:\Users\kamil\.stm32cubemx\thirdparties\pdsc\STMicroelectronics.X-CUBE-FREERTOS.1.4.0.pdsc: PDSC version is not supported
2026-01-12 12:03:09,342 [INFO] WebApp:221 - Starting web application
2026-01-12 12:03:09,343 [INFO] WebApp:579 - Web application path used C:\ST\STM32CubeIDE_1.17.0\STM32CubeIDE\plugins\com.st.stm32cube.common.mx_6.13.0.202411220809\db\plugins\mcufinder\reactClient1\index.html
2026-01-12 12:03:09,349 [WARN] PackLoader:240 - Cannot read IP mode file for STMicroelectronics.X-CUBE-EEPRMA1.5.2.0
2026-01-12 12:03:09,413 [ERROR] Engine:466 - C:\Users\kamil\.stm32cubemx\thirdparties\pdsc\STMicroelectronics.X-CUBE-ST67W61.1.1.0.pdsc: PDSC version is not supported
2026-01-12 12:03:09,951 [WARN] PackLoader:240 - Cannot read IP mode file for STMicroelectronics.X-CUBE-MEMS1.12.0.0
2026-01-12 12:03:10,744 [WARN] PackLoader:240 - Cannot read IP mode file for STMicroelectronics.X-CUBE-AZRTOS-G0.1.1.0
2026-01-12 12:03:10,894 [WARN] PackLoader:240 - Cannot read IP mode file for STMicroelectronics.X-CUBE-SAFEA1.1.2.2
2026-01-12 12:03:11,110 [WARN] PackLoader:240 - Cannot read IP mode file for STMicroelectronics.X-CUBE-NFC4.3.0.0
2026-01-12 12:03:11,238 [WARN] PackLoader:240 - Cannot read IP mode file for EmbeddedOffice.I-CUBE-FS-RTOS.1.0.1
2026-01-12 12:03:11,316 [WARN] PackLoader:240 - Cannot read IP mode file for STMicroelectronics.X-CUBE-WB05N.2.0.0
2026-01-12 12:03:11,415 [WARN] PackLoader:240 - Cannot read IP mode file for STMicroelectronics.X-CUBE-TCPP.4.2.0
2026-01-12 12:03:11,469 [WARN] PackLoader:240 - Cannot read IP mode file for RealThread.X-CUBE-RT-Thread_Nano.4.1.1
2026-01-12 12:03:11,543 [WARN] PackLoader:240 - Cannot read IP mode file for STMicroelectronics.FP-ATR-SIGFOX1.3.2.0
2026-01-12 12:03:11,601 [WARN] PackLoader:240 - Cannot read IP mode file for wolfSSL.I-CUBE-wolfSSL.5.7.2
2026-01-12 12:03:11,691 [WARN] ConditionMgr:438 - getConditionDescription Invalid condition id : Cortex-A Device cause : null
2026-01-12 12:03:11,836 [WARN] ConditionMgr:1044 - genDependencies : Invalid condition id : Cortex-A Device cause : null
2026-01-12 12:03:11,836 [WARN] ConditionMgr:1044 - genDependencies : Invalid condition id : Cortex-A Device cause : null
2026-01-12 12:03:11,836 [WARN] ConditionMgr:1044 - genDependencies : Invalid condition id : Cortex-A Device cause : null
2026-01-12 12:03:11,888 [WARN] PackLoader:240 - Cannot read IP mode file for STMicroelectronics.X-CUBE-EEPRMA1.5.1.0
2026-01-12 12:03:12,032 [WARN] PackLoader:240 - Cannot read IP mode file for ITTIA_DB.I-CUBE-ITTIADB.8.9.0
2026-01-12 12:03:12,135 [WARN] PackLoader:240 - Cannot read IP mode file for STMicroelectronics.X-CUBE-ST67W61.1.0.0
2026-01-12 12:03:12,193 [WARN] PackLoader:240 - Cannot read IP mode file for STMicroelectronics.X-CUBE-AI.10.2.0
2026-01-12 12:03:12,306 [WARN] PackLoader:240 - Cannot read IP mode file for SEGGER.I-CUBE-embOS.1.3.1
2026-01-12 12:03:12,415 [WARN] PackLoader:240 - Cannot read IP mode file for STMicroelectronics.X-CUBE-ALGOBUILD.1.4.0
2026-01-12 12:03:12,576 [WARN] PackLoader:240 - Cannot read IP mode file for STMicroelectronics.X-CUBE-MEMS1.11.3.0
2026-01-12 12:03:13,302 [WARN] PackLoader:240 - Cannot read IP mode file for STMicroelectronics.X-CUBE-AI.9.1.0
2026-01-12 12:03:13,339 [WARN] PackLoader:240 - Cannot read IP mode file for STMicroelectronics.X-CUBE-PM33A1.1.0.0
2026-01-12 12:03:13,404 [WARN] PackLoader:240 - Cannot read IP mode file for STMicroelectronics.X-CUBE-AZRTOS-F4.1.1.0
2026-01-12 12:03:13,447 [WARN] PackLoader:240 - Cannot read IP mode file for STMicroelectronics.X-CUBE-ISPU.2.1.0
2026-01-12 12:03:13,489 [ERROR] Engine:466 - C:\Users\kamil\.stm32cubemx\thirdparties\pdsc\STMicroelectronics.X-CUBE-IPS.3.2.0.pdsc: PDSC version is not supported
2026-01-12 12:03:13,529 [WARN] PackLoader:240 - Cannot read IP mode file for STMicroelectronics.X-CUBE-FREERTOS.1.2.0
2026-01-12 12:03:13,581 [WARN] PackLoader:240 - Cannot read IP mode file for STMicroelectronics.X-CUBE-NFC12.1.0.0
2026-01-12 12:03:13,648 [WARN] PackLoader:240 - Cannot read IP mode file for STMicroelectronics.X-CUBE-AZRTOS-L5.2.0.0
2026-01-12 12:03:13,707 [WARN] PackLoader:240 - Cannot read IP mode file for STMicroelectronics.X-CUBE-NFC6.3.1.0
2026-01-12 12:03:13,762 [WARN] PackLoader:240 - Cannot read IP mode file for STMicroelectronics.X-CUBE-DPower.1.2.0
2026-01-12 12:03:13,797 [WARN] PackLoader:240 - Cannot read IP mode file for STMicroelectronics.X-CUBE-FREERTOS.1.3.1
2026-01-12 12:03:13,832 [WARN] PackLoader:240 - Cannot read IP mode file for STMicroelectronics.X-CUBE-FREERTOS.1.3.0
2026-01-12 12:03:13,870 [WARN] PackLoader:240 - Cannot read IP mode file for STMicroelectronics.X-CUBE-NFC7.1.0.1
2026-01-12 12:03:13,912 [WARN] PackLoader:240 - Cannot read IP mode file for STMicroelectronics.X-CUBE-TOUCHGFX.4.26.0
2026-01-12 12:03:13,948 [WARN] PackLoader:240 - Cannot read IP mode file for STMicroelectronics.FP-SNS-STAIOTCFT.1.0.0
2026-01-12 12:03:13,983 [WARN] PackLoader:240 - Cannot read IP mode file for STMicroelectronics.X-CUBE-DPower.1.3.0
2026-01-12 12:03:14,048 [WARN] ConditionMgr:438 - getConditionDescription Invalid condition id : LAN8742 Phy interface Condition cause : null
2026-01-12 12:03:14,049 [WARN] PackLoader:240 - Cannot read IP mode file for STMicroelectronics.X-CUBE-AZRTOS-L4.2.0.0
2026-01-12 12:03:14,053 [WARN] ConditionMgr:1044 - genDependencies : Invalid condition id : LAN8742 Phy interface Condition cause : null
2026-01-12 12:03:14,054 [WARN] ConditionMgr:1044 - genDependencies : Invalid condition id : LAN8742 Phy interface Condition cause : null
2026-01-12 12:03:14,055 [WARN] ConditionMgr:1044 - genDependencies : Invalid condition id : LAN8742 Phy interface Condition cause : null
2026-01-12 12:03:14,100 [WARN] PackLoader:240 - Cannot read IP mode file for STMicroelectronics.X-CUBE-SFXS2LP1.4.0.0
2026-01-12 12:03:14,167 [WARN] PackLoader:240 - Cannot read IP mode file for STMicroelectronics.X-CUBE-AZRTOS-H7.3.3.0
2026-01-12 12:03:14,507 [WARN] PackLoader:240 - Cannot read IP mode file for STMicroelectronics.X-CUBE-BLEMGR.4.1.0
2026-01-12 12:03:14,569 [WARN] PackLoader:240 - Cannot read IP mode file for STMicroelectronics.X-CUBE-IPS.3.0.0
2026-01-12 12:03:14,688 [WARN] ConditionMgr:438 - getConditionDescription Invalid condition id : UX DEVICE CLASS RTOS Condition cause : null
2026-01-12 12:03:14,688 [WARN] ConditionMgr:438 - getConditionDescription Invalid condition id : UX DEVICE CLASS RTOS Condition cause : null
2026-01-12 12:03:14,691 [WARN] PackLoader:240 - Cannot read IP mode file for STMicroelectronics.X-CUBE-AZRTOS-WB.2.0.0
2026-01-12 12:03:14,692 [WARN] ConditionMgr:1044 - genDependencies : Invalid condition id : UX DEVICE CLASS RTOS Condition cause : null
2026-01-12 12:03:14,692 [WARN] ConditionMgr:1044 - genDependencies : Invalid condition id : UX DEVICE CLASS RTOS Condition cause : null
2026-01-12 12:03:14,693 [WARN] ConditionMgr:1044 - genDependencies : Invalid condition id : UX DEVICE CLASS RTOS Condition cause : null
2026-01-12 12:03:14,694 [WARN] ConditionMgr:1044 - genDependencies : Invalid condition id : UX DEVICE CLASS RTOS Condition cause : null
2026-01-12 12:03:14,694 [WARN] ConditionMgr:1044 - genDependencies : Invalid condition id : UX DEVICE CLASS RTOS Condition cause : null
2026-01-12 12:03:14,748 [WARN] PackLoader:240 - Cannot read IP mode file for STMicroelectronics.X-CUBE-GNSS1.7.0.0
2026-01-12 12:03:14,785 [WARN] PackLoader:240 - Cannot read IP mode file for STMicroelectronics.X-CUBE-GNSS1.7.0.1
2026-01-12 12:03:14,822 [WARN] PackLoader:240 - Cannot read IP mode file for STMicroelectronics.X-CUBE-TOUCHGFX.4.25.0
2026-01-12 12:03:14,861 [WARN] PackLoader:240 - Cannot read IP mode file for STMicroelectronics.FP-SNS-STBOX1.2.0.0
2026-01-12 12:03:14,913 [WARN] PackLoader:240 - Cannot read IP mode file for STMicroelectronics.X-CUBE-SUBG2.5.0.0
2026-01-12 12:03:15,011 [WARN] PackLoader:240 - Cannot read IP mode file for STMicroelectronics.X-CUBE-AZRTOS-H7RS.1.1.0
2026-01-12 12:03:15,060 [WARN] PackLoader:240 - Cannot read IP mode file for Cesanta.I-CUBE-Mongoose.7.13.0
2026-01-12 12:03:15,131 [WARN] PackLoader:240 - Cannot read IP mode file for STMicroelectronics.X-CUBE-AZRTOS-G4.2.0.0
2026-01-12 12:03:15,171 [WARN] PackLoader:240 - Cannot read IP mode file for STMicroelectronics.X-CUBE-NFC7.2.0.0
2026-01-12 12:03:15,229 [WARN] PackLoader:240 - Cannot read IP mode file for STMicroelectronics.X-CUBE-IPS.3.1.0
2026-01-12 12:03:15,271 [WARN] PackLoader:240 - Cannot read IP mode file for STMicroelectronics.X-CUBE-ALS.1.0.2
2026-01-12 12:03:15,309 [WARN] PackLoader:240 - Cannot read IP mode file for STMicroelectronics.X-CUBE-TOUCHGFX.4.24.1
2026-01-12 12:03:15,351 [WARN] PackLoader:240 - Cannot read IP mode file for STMicroelectronics.X-CUBE-STSE01.1.0.0
2026-01-12 12:03:15,408 [WARN] PackLoader:240 - Cannot read IP mode file for wolfSSL.I-CUBE-wolfTPM.3.4.0
2026-01-12 12:03:15,456 [WARN] PackLoader:240 - Cannot read IP mode file for portGmbH.I-Cube-SoM-uGOAL.1.1.0
2026-01-12 12:03:15,545 [WARN] PackLoader:240 - Cannot read IP mode file for STMicroelectronics.X-CUBE-AZRTOS-H7RS.1.0.0
2026-01-12 12:03:15,579 [WARN] PackLoader:240 - Cannot read IP mode file for STMicroelectronics.FP-ATR-ASTRA1.2.0.0
2026-01-12 12:03:15,644 [WARN] PackLoader:240 - Cannot read IP mode file for STMicroelectronics.X-CUBE-TOF1.3.4.2
2026-01-12 12:03:15,724 [WARN] PackLoader:240 - Cannot read IP mode file for STMicroelectronics.X-CUBE-TOF1.3.4.3
2026-01-12 12:03:15,812 [WARN] PackLoader:240 - Cannot read IP mode file for Infineon.AIROC-Wi-Fi-Bluetooth-STM32.1.6.1
2026-01-12 12:03:15,850 [WARN] PackLoader:240 - Cannot read IP mode file for wolfSSL.I-CUBE-wolfSSH.1.4.17
2026-01-12 12:03:15,852 [INFO] ThirdParty:978 - Integrity check success = true
2026-01-12 12:03:15,852 [INFO] IntegrityCheckThread:100 - exiting critical section [integrity check]
2026-01-12 12:03:15,852 [INFO] IntegrityCheckThread:103 - End integrity checks thread
2026-01-12 12:46:00,508 [INFO] WebApp:190 - Connection lost
2026-01-12 12:47:42,165 [INFO] WebApp:187 - Connection restablished
2026-01-12 13:19:30,239 [INFO] WebApp:190 - Connection lost
2026-01-12 13:20:30,667 [INFO] WebApp:187 - Connection restablished
2026-01-12 17:10:36,351 [INFO] Activator:176 - 


2026-01-12 17:10:36,354 [INFO] Activator:177 - !SESSION log4j initialized
2026-01-12 17:10:44,756 [INFO] LogOutputStream:77 - [STDOUT_REDIRECT] 
2026-01-12 17:10:46,153 [INFO] ApplicationProperties:184 - Using Application install path: C:\ST\STM32CubeIDE_1.17.0\STM32CubeIDE\plugins\com.st.stm32cube.common.mx_6.13.0.202411220809
2026-01-12 17:10:46,175 [INFO] DbMcusXml:78 - Set database path to: C:\ST\STM32CubeIDE_1.17.0\STM32CubeIDE\plugins\com.st.stm32cube.common.mx_6.13.0.202411220809\\db\/mcu/
2026-01-12 17:10:46,176 [INFO] ApiDb:274 - Set plugin database path to: C:\ST\STM32CubeIDE_1.17.0\STM32CubeIDE\plugins\com.st.stm32cube.common.mx_6.13.0.202411220809\\db\/plugins/boardmanager/
2026-01-12 17:10:46,176 [WARN] ApiDb:259 - Overriding images path with different value:  => C:\ST\STM32CubeIDE_1.17.0\STM32CubeIDE\plugins\com.st.stm32cube.common.mx_6.13.0.202411220809\\db\/plugins/mcufinder/images/
2026-01-12 17:10:46,185 [INFO] ApiDb:250 - Set database path to: C:\Users\kamil\.stmcufinder\plugins\mcufinder//mcu/
2026-01-12 17:10:46,187 [INFO] DbMcusAds:125 - Set database path to: C:\Users\kamil\.stmcufinder\plugins\mcufinder//mcu/
2026-01-12 17:10:46,190 [INFO] CrossReferenceDbSqlite:203 - Set database path to: C:\Users\kamil\.stmcufinder\plugins\mcufinder//mcu/cs/
2026-01-12 17:10:46,380 [INFO] RulesReader:64 - Compatibility file has been processed (297 Rules)
2026-01-12 17:10:46,498 [INFO] DbMcusXml:78 - Set database path to: C:\ST\STM32CubeIDE_1.17.0\STM32CubeIDE\plugins\com.st.stm32cube.common.mx_6.13.0.202411220809\\db\/mcu/
2026-01-12 17:10:46,499 [INFO] ApiDb:274 - Set plugin database path to: C:\ST\STM32CubeIDE_1.17.0\STM32CubeIDE\plugins\com.st.stm32cube.common.mx_6.13.0.202411220809\\db\/plugins/boardmanager/
2026-01-12 17:10:46,499 [INFO] ApiDb:261 - Set plugin images path to: C:\ST\STM32CubeIDE_1.17.0\STM32CubeIDE\plugins\com.st.stm32cube.common.mx_6.13.0.202411220809\\db\/plugins/mcufinder/images/
2026-01-12 17:10:46,500 [WARN] DbFile:41 - Overriding database path with different value: C:\Users\kamil\.stmcufinder\plugins\mcufinder/ => C:\Users\kamil\.stmcufinder\plugins\mcufinder
2026-01-12 17:10:46,500 [INFO] ApiDb:250 - Set database path to: C:\Users\kamil\.stmcufinder\plugins\mcufinder//mcu/
2026-01-12 17:10:46,500 [WARN] DbFile:41 - Overriding database path with different value: C:\Users\kamil\.stmcufinder\plugins\mcufinder/ => C:\Users\kamil\.stmcufinder\plugins\mcufinder
2026-01-12 17:10:46,500 [INFO] DbMcusAds:125 - Set database path to: C:\Users\kamil\.stmcufinder\plugins\mcufinder//mcu/
2026-01-12 17:10:46,501 [WARN] DbFile:41 - Overriding database path with different value: C:\Users\kamil\.stmcufinder\plugins\mcufinder/ => C:\Users\kamil\.stmcufinder\plugins\mcufinder
2026-01-12 17:10:46,501 [WARN] DbFile:41 - Overriding database path with different value: C:\Users\kamil\.stmcufinder\plugins\mcufinder/ => C:\Users\kamil\.stmcufinder\plugins\mcufinder
2026-01-12 17:10:46,501 [INFO] CrossReferenceDbSqlite:203 - Set database path to: C:\Users\kamil\.stmcufinder\plugins\mcufinder//mcu/cs/
2026-01-12 17:10:46,604 [INFO] MainPanel:272 - HeapMemory: 273678336
2026-01-12 17:10:46,755 [INFO] DbMcusXml:78 - Set database path to: C:\ST\STM32CubeIDE_1.17.0\STM32CubeIDE\plugins\com.st.stm32cube.common.mx_6.13.0.202411220809\\db\/mcu/
2026-01-12 17:10:46,755 [INFO] ApiDb:274 - Set plugin database path to: C:\ST\STM32CubeIDE_1.17.0\STM32CubeIDE\plugins\com.st.stm32cube.common.mx_6.13.0.202411220809\\db\/plugins/boardmanager/
2026-01-12 17:10:46,755 [INFO] ApiDb:261 - Set plugin images path to: C:\ST\STM32CubeIDE_1.17.0\STM32CubeIDE\plugins\com.st.stm32cube.common.mx_6.13.0.202411220809\\db\/plugins/mcufinder/images/
2026-01-12 17:10:46,756 [WARN] DbFile:41 - Overriding database path with different value: C:\Users\kamil\.stmcufinder\plugins\mcufinder/ => C:\Users\kamil\.stmcufinder\plugins\mcufinder
2026-01-12 17:10:46,756 [INFO] ApiDb:250 - Set database path to: C:\Users\kamil\.stmcufinder\plugins\mcufinder//mcu/
2026-01-12 17:10:46,756 [WARN] DbFile:41 - Overriding database path with different value: C:\Users\kamil\.stmcufinder\plugins\mcufinder/ => C:\Users\kamil\.stmcufinder\plugins\mcufinder
2026-01-12 17:10:46,756 [INFO] DbMcusAds:125 - Set database path to: C:\Users\kamil\.stmcufinder\plugins\mcufinder//mcu/
2026-01-12 17:10:46,756 [WARN] DbFile:41 - Overriding database path with different value: C:\Users\kamil\.stmcufinder\plugins\mcufinder/ => C:\Users\kamil\.stmcufinder\plugins\mcufinder
2026-01-12 17:10:46,756 [WARN] DbFile:41 - Overriding database path with different value: C:\Users\kamil\.stmcufinder\plugins\mcufinder/ => C:\Users\kamil\.stmcufinder\plugins\mcufinder
2026-01-12 17:10:46,756 [INFO] CrossReferenceDbSqlite:203 - Set database path to: C:\Users\kamil\.stmcufinder\plugins\mcufinder//mcu/cs/
2026-01-12 17:10:46,789 [INFO] ApplicationProperties:184 - Using Application install path: C:\ST\STM32CubeIDE_1.17.0\STM32CubeIDE\plugins\com.st.stm32cube.common.mx_6.13.0.202411220809
2026-01-12 17:10:46,791 [INFO] PluginManage:196 - Search for loadable plugins [exclusion list=, ]
2026-01-12 17:10:46,794 [INFO] PluginManage:310 - Check plugin analytics
2026-01-12 17:10:47,116 [INFO] AnalyticsPlugin:253 - Accepted Software Licenses: 
2026-01-12 17:10:47,116 [INFO] AnalyticsPlugin:255 - Accepted CMSIS Pack Licenses: 
2026-01-12 17:10:47,116 [INFO] AnalyticsPlugin:257 - Accepted Firmware Licenses: FW.F7.1.17.0,FW.H7.1.12.0
2026-01-12 17:10:47,120 [INFO] PluginManage:359 - Loaded plugin analytics (category:tool,tabindex:-1)
2026-01-12 17:10:47,121 [INFO] PluginManage:310 - Check plugin cadmodel
2026-01-12 17:10:47,128 [INFO] CADModel:105 - Init CAD model plugin
2026-01-12 17:10:47,128 [INFO] PluginManage:359 - Loaded plugin cadmodel (category:power,tabindex:5)
2026-01-12 17:10:47,128 [INFO] PluginManage:310 - Check plugin clock
2026-01-12 17:10:47,141 [INFO] PluginManage:359 - Loaded plugin clock (category:base,tabindex:2)
2026-01-12 17:10:47,142 [INFO] PluginManage:310 - Check plugin ddr
2026-01-12 17:10:47,146 [INFO] PluginManage:359 - Loaded plugin ddr (category:tool,tabindex:6)
2026-01-12 17:10:47,147 [INFO] PluginManage:310 - Check plugin filemanager
2026-01-12 17:10:47,392 [INFO] PluginManage:359 - Loaded plugin filemanager (category:base,tabindex:10)
2026-01-12 17:10:47,392 [INFO] PluginManage:310 - Check plugin ipmanager
2026-01-12 17:10:47,407 [INFO] PluginManage:359 - Loaded plugin ipmanager (category:base,tabindex:5)
2026-01-12 17:10:47,407 [INFO] PluginManage:310 - Check plugin lpbam
2026-01-12 17:10:47,422 [INFO] PluginManage:359 - Loaded plugin lpbam (category:base,tabindex:0)
2026-01-12 17:10:47,423 [INFO] PluginManage:310 - Check plugin memorymap
2026-01-12 17:10:47,463 [INFO] PluginManage:359 - Loaded plugin memorymap (category:base,tabindex:4)
2026-01-12 17:10:47,463 [INFO] PluginManage:310 - Check plugin pinoutandconfiguration
2026-01-12 17:10:47,477 [INFO] PluginManage:359 - Loaded plugin pinoutandconfiguration (category:base,tabindex:1)
2026-01-12 17:10:47,477 [INFO] PluginManage:310 - Check plugin pinoutconfig
2026-01-12 17:10:47,621 [WARN] SupportedApi:132 - Cannot load RTOS API schema: s4s-elt-must-match.1: The content of 'definitions' must match (annotation?, (simpleType | complexType)?, (unique | key | keyref)*)). A problem was found starting at: attribute.
2026-01-12 17:10:47,808 [INFO] PluginManage:359 - Loaded plugin pinoutconfig (category:base,tabindex:0)
2026-01-12 17:10:47,808 [INFO] PluginManage:310 - Check plugin power
2026-01-12 17:10:47,823 [INFO] PluginManage:359 - Loaded plugin power (category:power,tabindex:4)
2026-01-12 17:10:47,824 [INFO] PluginManage:310 - Check plugin projectmanager
2026-01-12 17:10:47,848 [INFO] PluginManage:359 - Loaded plugin projectmanager (category:projectmanager,tabindex:4)
2026-01-12 17:10:47,849 [INFO] PluginManage:310 - Check plugin rif
2026-01-12 17:10:47,885 [INFO] PluginManage:359 - Loaded plugin rif (category:base,tabindex:3)
2026-01-12 17:10:47,885 [INFO] PluginManage:310 - Check plugin thirdparty
2026-01-12 17:10:48,355 [INFO] PluginManage:359 - Loaded plugin thirdparty (category:base,tabindex:-1)
2026-01-12 17:10:48,355 [WARN] IntegrityCheckThread:84 - waiting for thirdparty lock release [integrity check]
2026-01-12 17:10:48,356 [INFO] PluginManage:310 - Check plugin tools
2026-01-12 17:10:48,356 [INFO] IntegrityCheckThread:86 - entering critical section [integrity check]
2026-01-12 17:10:48,356 [INFO] ThirdPartyUpdaterWithRetryManager:70 - Updater plugin not ready yet. [1/15]
2026-01-12 17:10:48,359 [INFO] PluginManage:359 - Loaded plugin tools (category:base,tabindex:7)
2026-01-12 17:10:48,359 [INFO] PluginManage:310 - Check plugin tutovideos
2026-01-12 17:10:48,597 [INFO] PluginManage:359 - Loaded plugin tutovideos (category:base,tabindex:-1)
2026-01-12 17:10:48,597 [INFO] PluginManage:310 - Check plugin updater
2026-01-12 17:10:48,635 [INFO] PluginManage:359 - Loaded plugin updater (category:base,tabindex:12)
2026-01-12 17:10:48,635 [INFO] PluginManage:310 - Check plugin userauth
2026-01-12 17:10:48,641 [INFO] UserAuth:118 - Init User Auth plugin
2026-01-12 17:10:48,643 [INFO] PluginManage:359 - Loaded plugin userauth (category:base,tabindex:14)
2026-01-12 17:10:48,644 [INFO] PluginManage:283 - PluginManage : Loaded plugins [18]
2026-01-12 17:10:48,969 [INFO] PinOutPanel:1589 - setPackage(No Configuration,No Configuration)
2026-01-12 17:10:49,100 [INFO] CADModel:165 - CPN selected for project level
2026-01-12 17:10:49,100 [INFO] CADModel:114 - Register for checkConnection events
2026-01-12 17:10:49,123 [INFO] IPUIPlugin:80 - create IPUIPlugin
2026-01-12 17:10:49,124 [INFO] PluginManager:220 - loadIPPluginJar : add adc
2026-01-12 17:10:49,127 [INFO] IPUIPlugin:80 - create IPUIPlugin
2026-01-12 17:10:49,127 [INFO] PluginManager:220 - loadIPPluginJar : add aes
2026-01-12 17:10:49,130 [INFO] IPUIPlugin:80 - create IPUIPlugin
2026-01-12 17:10:49,130 [INFO] PluginManager:220 - loadIPPluginJar : add can
2026-01-12 17:10:49,132 [INFO] IPUIPlugin:80 - create IPUIPlugin
2026-01-12 17:10:49,133 [INFO] PluginManager:220 - loadIPPluginJar : add comp
2026-01-12 17:10:49,135 [INFO] IPUIPlugin:80 - create IPUIPlugin
2026-01-12 17:10:49,135 [INFO] PluginManager:220 - loadIPPluginJar : add cryp
2026-01-12 17:10:49,157 [INFO] IPUIPlugin:80 - create IPUIPlugin
2026-01-12 17:10:49,157 [INFO] PluginManager:220 - loadIPPluginJar : add ddr_ctrl_phy
2026-01-12 17:10:49,160 [INFO] IPUIPlugin:80 - create IPUIPlugin
2026-01-12 17:10:49,160 [INFO] PluginManager:220 - loadIPPluginJar : add dfsdm
2026-01-12 17:10:49,167 [INFO] IPUIPlugin:80 - create IPUIPlugin
2026-01-12 17:10:49,167 [INFO] PluginManager:220 - loadIPPluginJar : add dma
2026-01-12 17:10:49,170 [INFO] IPUIPlugin:80 - create IPUIPlugin
2026-01-12 17:10:49,171 [INFO] PluginManager:220 - loadIPPluginJar : add dma3
2026-01-12 17:10:49,174 [INFO] IPUIPlugin:80 - create IPUIPlugin
2026-01-12 17:10:49,174 [INFO] PluginManager:220 - loadIPPluginJar : add extmemmanager
2026-01-12 17:10:49,176 [INFO] IPUIPlugin:80 - create IPUIPlugin
2026-01-12 17:10:49,177 [INFO] PluginManager:220 - loadIPPluginJar : add fatfs
2026-01-12 17:10:49,183 [INFO] IPUIPlugin:80 - create IPUIPlugin
2026-01-12 17:10:49,183 [INFO] PluginManager:220 - loadIPPluginJar : add fmc
2026-01-12 17:10:49,197 [INFO] IPUIPlugin:80 - create IPUIPlugin
2026-01-12 17:10:49,197 [INFO] PluginManager:220 - loadIPPluginJar : add freertos
2026-01-12 17:10:49,199 [INFO] IPUIPlugin:80 - create IPUIPlugin
2026-01-12 17:10:49,199 [INFO] PluginManager:220 - loadIPPluginJar : add genericplugin
2026-01-12 17:10:49,203 [INFO] IPUIPlugin:80 - create IPUIPlugin
2026-01-12 17:10:49,203 [INFO] PluginManager:220 - loadIPPluginJar : add gfxmmu
2026-01-12 17:10:49,210 [INFO] IPUIPlugin:80 - create IPUIPlugin
2026-01-12 17:10:49,210 [INFO] PluginManager:220 - loadIPPluginJar : add gic
2026-01-12 17:10:49,215 [INFO] IPUIPlugin:80 - create IPUIPlugin
2026-01-12 17:10:49,215 [INFO] PluginManager:220 - loadIPPluginJar : add gpio
2026-01-12 17:10:49,221 [INFO] IPUIPlugin:80 - create IPUIPlugin
2026-01-12 17:10:49,221 [INFO] PluginManager:220 - loadIPPluginJar : add gtzc
2026-01-12 17:10:49,225 [INFO] IPUIPlugin:80 - create IPUIPlugin
2026-01-12 17:10:49,226 [INFO] PluginManager:220 - loadIPPluginJar : add hash
2026-01-12 17:10:49,230 [INFO] IPUIPlugin:80 - create IPUIPlugin
2026-01-12 17:10:49,231 [INFO] PluginManager:220 - loadIPPluginJar : add i2c
2026-01-12 17:10:49,236 [INFO] IPUIPlugin:80 - create IPUIPlugin
2026-01-12 17:10:49,236 [INFO] PluginManager:220 - loadIPPluginJar : add i2s
2026-01-12 17:10:49,241 [INFO] IPUIPlugin:80 - create IPUIPlugin
2026-01-12 17:10:49,241 [INFO] PluginManager:220 - loadIPPluginJar : add i3c
2026-01-12 17:10:49,433 [INFO] IPUIPlugin:80 - create IPUIPlugin
2026-01-12 17:10:49,434 [INFO] PluginManager:220 - loadIPPluginJar : add ipddr
2026-01-12 17:10:49,445 [INFO] IPUIPlugin:80 - create IPUIPlugin
2026-01-12 17:10:49,445 [INFO] PluginManager:220 - loadIPPluginJar : add linkedlist
2026-01-12 17:10:49,450 [INFO] IPUIPlugin:80 - create IPUIPlugin
2026-01-12 17:10:49,450 [INFO] PluginManager:220 - loadIPPluginJar : add lorawan
2026-01-12 17:10:49,453 [INFO] IPUIPlugin:80 - create IPUIPlugin
2026-01-12 17:10:49,453 [INFO] PluginManager:220 - loadIPPluginJar : add ltdc
2026-01-12 17:10:49,463 [INFO] IPUIPlugin:80 - create IPUIPlugin
2026-01-12 17:10:49,463 [INFO] PluginManager:220 - loadIPPluginJar : add mdma
2026-01-12 17:10:49,469 [INFO] IPUIPlugin:80 - create IPUIPlugin
2026-01-12 17:10:49,469 [INFO] PluginManager:220 - loadIPPluginJar : add nvic
2026-01-12 17:10:49,475 [INFO] IPUIPlugin:80 - create IPUIPlugin
2026-01-12 17:10:49,475 [INFO] PluginManager:220 - loadIPPluginJar : add opamp
2026-01-12 17:10:49,481 [INFO] IPUIPlugin:80 - create IPUIPlugin
2026-01-12 17:10:49,481 [INFO] PluginManager:220 - loadIPPluginJar : add openamp
2026-01-12 17:10:49,487 [INFO] IPUIPlugin:80 - create IPUIPlugin
2026-01-12 17:10:49,487 [INFO] PluginManager:220 - loadIPPluginJar : add pdm2pcm
2026-01-12 17:10:49,495 [INFO] IPUIPlugin:80 - create IPUIPlugin
2026-01-12 17:10:49,498 [INFO] PluginManager:220 - loadIPPluginJar : add plateformsettings
2026-01-12 17:10:49,501 [INFO] IPUIPlugin:80 - create IPUIPlugin
2026-01-12 17:10:49,501 [INFO] PluginManager:220 - loadIPPluginJar : add quadspi
2026-01-12 17:10:49,503 [INFO] IPUIPlugin:80 - create IPUIPlugin
2026-01-12 17:10:49,504 [INFO] PluginManager:220 - loadIPPluginJar : add radio
2026-01-12 17:10:49,509 [INFO] IPUIPlugin:80 - create IPUIPlugin
2026-01-12 17:10:49,509 [INFO] PluginManager:220 - loadIPPluginJar : add resmgrutility
2026-01-12 17:10:49,514 [INFO] IPUIPlugin:80 - create IPUIPlugin
2026-01-12 17:10:49,514 [INFO] PluginManager:220 - loadIPPluginJar : add sai
2026-01-12 17:10:49,518 [INFO] IPUIPlugin:80 - create IPUIPlugin
2026-01-12 17:10:49,518 [INFO] PluginManager:220 - loadIPPluginJar : add spi
2026-01-12 17:10:49,526 [INFO] IPUIPlugin:80 - create IPUIPlugin
2026-01-12 17:10:49,527 [INFO] PluginManager:220 - loadIPPluginJar : add stm32_wpan
2026-01-12 17:10:49,530 [INFO] IPUIPlugin:80 - create IPUIPlugin
2026-01-12 17:10:49,530 [INFO] PluginManager:220 - loadIPPluginJar : add tim
2026-01-12 17:10:49,534 [INFO] IPUIPlugin:80 - create IPUIPlugin
2026-01-12 17:10:49,535 [INFO] PluginManager:220 - loadIPPluginJar : add touchsensing
2026-01-12 17:10:49,541 [INFO] IPUIPlugin:80 - create IPUIPlugin
2026-01-12 17:10:49,541 [INFO] PluginManager:220 - loadIPPluginJar : add tracer_emb
2026-01-12 17:10:49,544 [INFO] IPUIPlugin:80 - create IPUIPlugin
2026-01-12 17:10:49,545 [INFO] PluginManager:220 - loadIPPluginJar : add ts
2026-01-12 17:10:49,548 [INFO] IPUIPlugin:80 - create IPUIPlugin
2026-01-12 17:10:49,548 [INFO] PluginManager:220 - loadIPPluginJar : add tsc
2026-01-12 17:10:49,551 [INFO] IPUIPlugin:80 - create IPUIPlugin
2026-01-12 17:10:49,552 [INFO] PluginManager:220 - loadIPPluginJar : add ucpd
2026-01-12 17:10:49,555 [INFO] IPUIPlugin:80 - create IPUIPlugin
2026-01-12 17:10:49,555 [INFO] PluginManager:220 - loadIPPluginJar : add usart
2026-01-12 17:10:49,560 [INFO] IPUIPlugin:80 - create IPUIPlugin
2026-01-12 17:10:49,560 [INFO] PluginManager:220 - loadIPPluginJar : add usbx
2026-01-12 17:10:49,721 [FATAL] Updater:351 - Updater called before beeing initialized
2026-01-12 17:10:49,764 [INFO] RulesReader:64 - Compatibility file has been processed (297 Rules)
2026-01-12 17:10:49,781 [INFO] RulesReader:64 - Compatibility file has been processed (297 Rules)
2026-01-12 17:10:49,806 [INFO] CADModel:165 - CPN selected for project level
2026-01-12 17:10:49,808 [INFO] CADModel:114 - Register for checkConnection events
2026-01-12 17:10:49,808 [FATAL] Updater:351 - Updater called before beeing initialized
2026-01-12 17:10:49,808 [ERROR] CADModel:125 - Updater not yet initialized, retry later 
2026-01-12 17:10:50,073 [FATAL] Updater:351 - Updater called before beeing initialized
2026-01-12 17:10:50,075 [INFO] CADModel:165 - CPN selected for project level
2026-01-12 17:10:50,075 [INFO] CADModel:114 - Register for checkConnection events
2026-01-12 17:10:50,075 [FATAL] Updater:351 - Updater called before beeing initialized
2026-01-12 17:10:50,076 [ERROR] CADModel:125 - Updater not yet initialized, retry later 
2026-01-12 17:10:50,080 [FATAL] Updater:351 - Updater called before beeing initialized
2026-01-12 17:10:50,238 [FATAL] Updater:351 - Updater called before beeing initialized
2026-01-12 17:10:50,254 [INFO] DbMcusAds:53 - JSON generation date=Thu Jan 08 16:56:32 CET 2026 (1767887792457)
2026-01-12 17:10:50,255 [FATAL] Updater:351 - Updater called before beeing initialized
2026-01-12 17:10:50,297 [WARN] DetailPanel:346 - Failed to get advertising image, set to default
2026-01-12 17:10:50,592 [FATAL] Updater:351 - Updater called before beeing initialized
2026-01-12 17:10:50,595 [FATAL] Updater:351 - Updater called before beeing initialized
2026-01-12 17:10:50,595 [FATAL] Updater:351 - Updater called before beeing initialized
2026-01-12 17:10:50,595 [WARN] DetailPanel:346 - Failed to get advertising image, set to default
2026-01-12 17:10:50,596 [FATAL] Updater:351 - Updater called before beeing initialized
2026-01-12 17:10:50,704 [ERROR] Updater:1198 - MainUpdater not yet initialized. External WinMGr cannot be set.
2026-01-12 17:10:50,707 [INFO] Updater:1134 - Updater Version found : 6.13.0
2026-01-12 17:10:50,725 [INFO] ApplicationProperties:184 - Using Application install path: C:\ST\STM32CubeIDE_1.17.0\STM32CubeIDE\plugins\com.st.stm32cube.common.mx_6.13.0.202411220809
2026-01-12 17:10:51,173 [INFO] MainUpdater:2872 - connection check result : 10
2026-01-12 17:10:51,173 [INFO] MainUpdater:289 - Updater Check For Update Now.
2026-01-12 17:10:51,174 [INFO] MicroXplorer:498 - Change Database Version : DB.6.0.130
2026-01-12 17:10:51,183 [INFO] McuFinderGlobals:63 - Set McuFinder mode to 2 (CubeIDE integrated)
2026-01-12 17:10:51,183 [INFO] UserAuth:171 - activating auth plugin
2026-01-12 17:10:51,188 [INFO] UserAuth:486 - Internet connection configuration mode: 1
2026-01-12 17:10:51,253 [INFO] JxBrowserEngine:152 - Initiate JxBrowser Engine with user profile folder
2026-01-12 17:10:51,359 [WARN] MainUpdater:1193 - Updater busy. Cannot search thirdparties
2026-01-12 17:10:51,359 [INFO] ThirdPartyUpdaterWithRetryManager:96 - Updater plugin is busy. [1/15]
2026-01-12 17:10:51,441 [INFO] CheckServerUpdateThread:120 - End of CheckServer Thread
2026-01-12 17:10:52,505 [INFO] WebApp:168 - Instantiating new browser for Auth
2026-01-12 17:10:53,718 [INFO] WebApp:449 - Apply proxy settings
2026-01-12 17:10:53,719 [INFO] WebApp:534 - Chromium requires no authentication
2026-01-12 17:10:53,754 [INFO] WebApp:477 - Direct internet connection detected
2026-01-12 17:10:53,813 [INFO] WebApp:880 - Register for checkConnection events
2026-01-12 17:10:53,814 [INFO] WebApp:449 - Apply proxy settings
2026-01-12 17:10:53,814 [INFO] WebApp:534 - Chromium requires no authentication
2026-01-12 17:10:53,816 [INFO] WebApp:477 - Direct internet connection detected
2026-01-12 17:10:54,111 [INFO] WebApp:187 - Connection restablished
2026-01-12 17:10:54,184 [INFO] WebApp:221 - Starting web application
2026-01-12 17:10:54,185 [INFO] WebApp:579 - Web application path used C:\ST\STM32CubeIDE_1.17.0\STM32CubeIDE\plugins\com.st.stm32cube.common.mx_6.13.0.202411220809\db\plugins\mcufinder\reactClient1\index.html
2026-01-12 17:10:54,878 [WARN] PackLoader:240 - Cannot read IP mode file for STMicroelectronics.FP-SNS-MOTENVWB1.1.4.0
2026-01-12 17:10:54,906 [WARN] PackLoader:240 - Cannot read IP mode file for STMicroelectronics.FP-ATR-ASTRA1.2.0.2
2026-01-12 17:10:54,933 [WARN] PackLoader:240 - Cannot read IP mode file for STMicroelectronics.FP-ATR-ASTRA1.2.0.1
2026-01-12 17:10:54,964 [WARN] PackLoader:240 - Cannot read IP mode file for STMicroelectronics.X-CUBE-SMBUS.2.1.0
2026-01-12 17:10:54,995 [WARN] PackLoader:240 - Cannot read IP mode file for STMicroelectronics.X-CUBE-WB05N.1.1.0
2026-01-12 17:10:55,024 [WARN] PackLoader:240 - Cannot read IP mode file for STMicroelectronics.X-CUBE-ST60.1.0.0
2026-01-12 17:10:55,080 [WARN] PackLoader:240 - Cannot read IP mode file for STMicroelectronics.X-CUBE-AZRTOS-F7.1.1.0
2026-01-12 17:10:55,348 [WARN] PackLoader:240 - Cannot read IP mode file for STMicroelectronics.X-CUBE-MEMS1.11.0.0
2026-01-12 17:10:55,596 [ERROR] Engine:466 - C:\Users\kamil\.stm32cubemx\thirdparties\pdsc\STMicroelectronics.FP-SNS-MOTENV1.5.1.0.pdsc: PDSC version is not supported
2026-01-12 17:10:55,605 [WARN] PackLoader:240 - Cannot read IP mode file for STMicroelectronics.FP-SNS-FLIGHT1.5.0.2
2026-01-12 17:10:55,659 [WARN] PackLoader:240 - Cannot read IP mode file for STMicroelectronics.X-CUBE-AZRTOS-H7.3.4.0
2026-01-12 17:10:55,691 [WARN] PackLoader:240 - Cannot read IP mode file for STMicroelectronics.X-CUBE-DISPLAY.3.0.0
2026-01-12 17:10:55,720 [WARN] PackLoader:240 - Cannot read IP mode file for STMicroelectronics.X-CUBE-BLE1.7.0.0
2026-01-12 17:10:55,747 [WARN] PackLoader:240 - Cannot read IP mode file for STMicroelectronics.X-CUBE-NFC10.1.0.0
2026-01-12 17:10:55,782 [WARN] PackLoader:240 - Cannot read IP mode file for STMicroelectronics.X-CUBE-BLEMGR.4.0.0
2026-01-12 17:10:55,805 [WARN] PackLoader:240 - Cannot read IP mode file for STMicroelectronics.X-CUBE-ST60.1.1.0
2026-01-12 17:10:55,833 [WARN] PackLoader:240 - Cannot read IP mode file for emotas.I-CUBE-CANOPEN.1.3.0
2026-01-12 17:10:55,859 [WARN] PackLoader:240 - Cannot read IP mode file for STMicroelectronics.X-CUBE-GNSS1.7.1.0
2026-01-12 17:10:55,886 [WARN] PackLoader:240 - Cannot read IP mode file for STMicroelectronics.X-CUBE-BLEMGR.3.1.0
2026-01-12 17:10:55,913 [WARN] PackLoader:240 - Cannot read IP mode file for STMicroelectronics.X-CUBE-AI.10.0.0
2026-01-12 17:10:55,937 [ERROR] Engine:466 - C:\Users\kamil\.stm32cubemx\thirdparties\pdsc\STMicroelectronics.FP-SNS-STBOX1.2.1.0.pdsc: PDSC version is not supported
2026-01-12 17:10:55,961 [WARN] PackLoader:240 - Cannot read IP mode file for STMicroelectronics.FP-SNS-SMARTAG2.1.2.0
2026-01-12 17:10:55,979 [WARN] PackLoader:240 - Cannot read IP mode file for STMicroelectronics.FP-SNS-FLIGHT1.5.1.0
2026-01-12 17:10:56,050 [WARN] PackLoader:240 - Cannot read IP mode file for STMicroelectronics.X-CUBE-MEMS1.11.1.0
2026-01-12 17:10:56,195 [INFO] LogOutputStream:77 - [STDOUT_REDIRECT] 1 : Invalid condition id : UX_CORESTACK_Condition cause : null
2026-01-12 17:10:56,196 [INFO] LogOutputStream:77 - [STDOUT_REDIRECT] 1 : Invalid condition id : UX_CORESTACK_Condition cause : null
2026-01-12 17:10:56,198 [INFO] LogOutputStream:77 - [STDOUT_REDIRECT] 1 : Invalid condition id : UX_CORESTACK_Condition cause : null
2026-01-12 17:10:56,199 [INFO] LogOutputStream:77 - [STDOUT_REDIRECT] 1 : Invalid condition id : UX_CORESTACK_Condition cause : null
2026-01-12 17:10:56,201 [INFO] LogOutputStream:77 - [STDOUT_REDIRECT] 1 : Invalid condition id : UX_CORESTACK_Condition cause : null
2026-01-12 17:10:56,203 [WARN] PackLoader:240 - Cannot read IP mode file for STMicroelectronics.X-CUBE-AZRTOS-WL.2.0.0
2026-01-12 17:10:56,226 [WARN] PackLoader:240 - Cannot read IP mode file for STMicroelectronics.FP-SNS-MOTENV1.5.0.0
2026-01-12 17:10:56,265 [WARN] PackLoader:240 - Cannot read IP mode file for STMicroelectronics.X-CUBE-AZRTOS-H7RS.1.2.0
2026-01-12 17:10:56,285 [WARN] PackLoader:240 - Cannot read IP mode file for wolfSSL.I-CUBE-wolfMQTT.1.19.0
2026-01-12 17:10:56,331 [WARN] PackLoader:240 - Cannot read IP mode file for WES.I-CUBE-Cesium.1.3.0
2026-01-12 17:10:56,354 [WARN] PackLoader:240 - Cannot read IP mode file for STMicroelectronics.X-CUBE-BLE2.3.3.0
2026-01-12 17:10:56,420 [WARN] PackLoader:240 - Cannot read IP mode file for STMicroelectronics.X-CUBE-NFC9.1.0.0
2026-01-12 17:10:56,446 [WARN] PackLoader:240 - Cannot read IP mode file for STMicroelectronics.X-CUBE-BLE1.7.1.0
2026-01-12 17:10:56,470 [WARN] PackLoader:240 - Cannot read IP mode file for STMicroelectronics.X-CUBE-TCPP.4.1.0
2026-01-12 17:10:56,495 [ERROR] Engine:466 - C:\Users\kamil\.stm32cubemx\thirdparties\pdsc\STMicroelectronics.X-CUBE-FREERTOS.1.4.0.pdsc: PDSC version is not supported
2026-01-12 17:10:56,521 [WARN] PackLoader:240 - Cannot read IP mode file for STMicroelectronics.X-CUBE-EEPRMA1.5.2.0
2026-01-12 17:10:56,544 [ERROR] Engine:466 - C:\Users\kamil\.stm32cubemx\thirdparties\pdsc\STMicroelectronics.X-CUBE-ST67W61.1.1.0.pdsc: PDSC version is not supported
2026-01-12 17:10:56,604 [WARN] PackLoader:240 - Cannot read IP mode file for STMicroelectronics.X-CUBE-MEMS1.12.0.0
2026-01-12 17:10:56,679 [WARN] PackLoader:240 - Cannot read IP mode file for STMicroelectronics.X-CUBE-AZRTOS-G0.1.1.0
2026-01-12 17:10:56,711 [WARN] PackLoader:240 - Cannot read IP mode file for STMicroelectronics.X-CUBE-SAFEA1.1.2.2
2026-01-12 17:10:56,735 [WARN] PackLoader:240 - Cannot read IP mode file for STMicroelectronics.X-CUBE-NFC4.3.0.0
2026-01-12 17:10:56,773 [WARN] PackLoader:240 - Cannot read IP mode file for EmbeddedOffice.I-CUBE-FS-RTOS.1.0.1
2026-01-12 17:10:56,800 [WARN] PackLoader:240 - Cannot read IP mode file for STMicroelectronics.X-CUBE-WB05N.2.0.0
2026-01-12 17:10:56,825 [WARN] PackLoader:240 - Cannot read IP mode file for STMicroelectronics.X-CUBE-TCPP.4.2.0
2026-01-12 17:10:56,848 [WARN] PackLoader:240 - Cannot read IP mode file for RealThread.X-CUBE-RT-Thread_Nano.4.1.1
2026-01-12 17:10:56,867 [WARN] PackLoader:240 - Cannot read IP mode file for STMicroelectronics.FP-ATR-SIGFOX1.3.2.0
2026-01-12 17:10:56,886 [WARN] PackLoader:240 - Cannot read IP mode file for wolfSSL.I-CUBE-wolfSSL.5.7.2
2026-01-12 17:10:56,903 [WARN] ConditionMgr:438 - getConditionDescription Invalid condition id : Cortex-A Device cause : null
2026-01-12 17:10:56,927 [WARN] ConditionMgr:1044 - genDependencies : Invalid condition id : Cortex-A Device cause : null
2026-01-12 17:10:56,928 [WARN] ConditionMgr:1044 - genDependencies : Invalid condition id : Cortex-A Device cause : null
2026-01-12 17:10:56,928 [WARN] ConditionMgr:1044 - genDependencies : Invalid condition id : Cortex-A Device cause : null
2026-01-12 17:10:56,948 [WARN] PackLoader:240 - Cannot read IP mode file for STMicroelectronics.X-CUBE-EEPRMA1.5.1.0
2026-01-12 17:10:56,968 [WARN] PackLoader:240 - Cannot read IP mode file for ITTIA_DB.I-CUBE-ITTIADB.8.9.0
2026-01-12 17:10:56,990 [WARN] PackLoader:240 - Cannot read IP mode file for STMicroelectronics.X-CUBE-ST67W61.1.0.0
2026-01-12 17:10:57,008 [WARN] PackLoader:240 - Cannot read IP mode file for STMicroelectronics.X-CUBE-AI.10.2.0
2026-01-12 17:10:57,041 [WARN] PackLoader:240 - Cannot read IP mode file for SEGGER.I-CUBE-embOS.1.3.1
2026-01-12 17:10:57,078 [WARN] PackLoader:240 - Cannot read IP mode file for STMicroelectronics.X-CUBE-ALGOBUILD.1.4.0
2026-01-12 17:10:57,137 [WARN] PackLoader:240 - Cannot read IP mode file for STMicroelectronics.X-CUBE-MEMS1.11.3.0
2026-01-12 17:10:57,225 [WARN] PackLoader:240 - Cannot read IP mode file for STMicroelectronics.X-CUBE-AI.9.1.0
2026-01-12 17:10:57,244 [WARN] PackLoader:240 - Cannot read IP mode file for STMicroelectronics.X-CUBE-PM33A1.1.0.0
2026-01-12 17:10:57,279 [WARN] PackLoader:240 - Cannot read IP mode file for STMicroelectronics.X-CUBE-AZRTOS-F4.1.1.0
2026-01-12 17:10:57,302 [WARN] PackLoader:240 - Cannot read IP mode file for STMicroelectronics.X-CUBE-ISPU.2.1.0
2026-01-12 17:10:57,324 [ERROR] Engine:466 - C:\Users\kamil\.stm32cubemx\thirdparties\pdsc\STMicroelectronics.X-CUBE-IPS.3.2.0.pdsc: PDSC version is not supported
2026-01-12 17:10:57,342 [WARN] PackLoader:240 - Cannot read IP mode file for STMicroelectronics.X-CUBE-FREERTOS.1.2.0
2026-01-12 17:10:57,360 [WARN] PackLoader:240 - Cannot read IP mode file for STMicroelectronics.X-CUBE-NFC12.1.0.0
2026-01-12 17:10:57,398 [WARN] PackLoader:240 - Cannot read IP mode file for STMicroelectronics.X-CUBE-AZRTOS-L5.2.0.0
2026-01-12 17:10:57,424 [WARN] PackLoader:240 - Cannot read IP mode file for STMicroelectronics.X-CUBE-NFC6.3.1.0
2026-01-12 17:10:57,447 [WARN] PackLoader:240 - Cannot read IP mode file for STMicroelectronics.X-CUBE-DPower.1.2.0
2026-01-12 17:10:57,466 [WARN] PackLoader:240 - Cannot read IP mode file for STMicroelectronics.X-CUBE-FREERTOS.1.3.1
2026-01-12 17:10:57,483 [WARN] PackLoader:240 - Cannot read IP mode file for STMicroelectronics.X-CUBE-FREERTOS.1.3.0
2026-01-12 17:10:57,504 [WARN] PackLoader:240 - Cannot read IP mode file for STMicroelectronics.X-CUBE-NFC7.1.0.1
2026-01-12 17:10:57,526 [WARN] PackLoader:240 - Cannot read IP mode file for STMicroelectronics.X-CUBE-TOUCHGFX.4.26.0
2026-01-12 17:10:57,546 [WARN] PackLoader:240 - Cannot read IP mode file for STMicroelectronics.FP-SNS-STAIOTCFT.1.0.0
2026-01-12 17:10:57,565 [WARN] PackLoader:240 - Cannot read IP mode file for STMicroelectronics.X-CUBE-DPower.1.3.0
2026-01-12 17:10:57,599 [WARN] ConditionMgr:438 - getConditionDescription Invalid condition id : LAN8742 Phy interface Condition cause : null
2026-01-12 17:10:57,600 [WARN] PackLoader:240 - Cannot read IP mode file for STMicroelectronics.X-CUBE-AZRTOS-L4.2.0.0
2026-01-12 17:10:57,600 [WARN] ConditionMgr:1044 - genDependencies : Invalid condition id : LAN8742 Phy interface Condition cause : null
2026-01-12 17:10:57,601 [WARN] ConditionMgr:1044 - genDependencies : Invalid condition id : LAN8742 Phy interface Condition cause : null
2026-01-12 17:10:57,601 [WARN] ConditionMgr:1044 - genDependencies : Invalid condition id : LAN8742 Phy interface Condition cause : null
2026-01-12 17:10:57,620 [WARN] PackLoader:240 - Cannot read IP mode file for STMicroelectronics.X-CUBE-SFXS2LP1.4.0.0
2026-01-12 17:10:57,664 [WARN] PackLoader:240 - Cannot read IP mode file for STMicroelectronics.X-CUBE-AZRTOS-H7.3.3.0
2026-01-12 17:10:57,700 [WARN] PackLoader:240 - Cannot read IP mode file for STMicroelectronics.X-CUBE-BLEMGR.4.1.0
2026-01-12 17:10:57,731 [WARN] PackLoader:240 - Cannot read IP mode file for STMicroelectronics.X-CUBE-IPS.3.0.0
2026-01-12 17:10:57,761 [WARN] ConditionMgr:438 - getConditionDescription Invalid condition id : UX DEVICE CLASS RTOS Condition cause : null
2026-01-12 17:10:57,761 [WARN] ConditionMgr:438 - getConditionDescription Invalid condition id : UX DEVICE CLASS RTOS Condition cause : null
2026-01-12 17:10:57,763 [WARN] PackLoader:240 - Cannot read IP mode file for STMicroelectronics.X-CUBE-AZRTOS-WB.2.0.0
2026-01-12 17:10:57,763 [WARN] ConditionMgr:1044 - genDependencies : Invalid condition id : UX DEVICE CLASS RTOS Condition cause : null
2026-01-12 17:10:57,763 [WARN] ConditionMgr:1044 - genDependencies : Invalid condition id : UX DEVICE CLASS RTOS Condition cause : null
2026-01-12 17:10:57,764 [WARN] ConditionMgr:1044 - genDependencies : Invalid condition id : UX DEVICE CLASS RTOS Condition cause : null
2026-01-12 17:10:57,764 [WARN] ConditionMgr:1044 - genDependencies : Invalid condition id : UX DEVICE CLASS RTOS Condition cause : null
2026-01-12 17:10:57,764 [WARN] ConditionMgr:1044 - genDependencies : Invalid condition id : UX DEVICE CLASS RTOS Condition cause : null
2026-01-12 17:10:57,783 [WARN] PackLoader:240 - Cannot read IP mode file for STMicroelectronics.X-CUBE-GNSS1.7.0.0
2026-01-12 17:10:57,802 [WARN] PackLoader:240 - Cannot read IP mode file for STMicroelectronics.X-CUBE-GNSS1.7.0.1
2026-01-12 17:10:57,821 [WARN] PackLoader:240 - Cannot read IP mode file for STMicroelectronics.X-CUBE-TOUCHGFX.4.25.0
2026-01-12 17:10:57,843 [WARN] PackLoader:240 - Cannot read IP mode file for STMicroelectronics.FP-SNS-STBOX1.2.0.0
2026-01-12 17:10:57,866 [WARN] PackLoader:240 - Cannot read IP mode file for STMicroelectronics.X-CUBE-SUBG2.5.0.0
2026-01-12 17:10:57,910 [WARN] PackLoader:240 - Cannot read IP mode file for STMicroelectronics.X-CUBE-AZRTOS-H7RS.1.1.0
2026-01-12 17:10:57,939 [WARN] PackLoader:240 - Cannot read IP mode file for Cesanta.I-CUBE-Mongoose.7.13.0
2026-01-12 17:10:57,979 [WARN] PackLoader:240 - Cannot read IP mode file for STMicroelectronics.X-CUBE-AZRTOS-G4.2.0.0
2026-01-12 17:10:57,998 [WARN] PackLoader:240 - Cannot read IP mode file for STMicroelectronics.X-CUBE-NFC7.2.0.0
2026-01-12 17:10:58,020 [WARN] PackLoader:240 - Cannot read IP mode file for STMicroelectronics.X-CUBE-IPS.3.1.0
2026-01-12 17:10:58,044 [WARN] PackLoader:240 - Cannot read IP mode file for STMicroelectronics.X-CUBE-ALS.1.0.2
2026-01-12 17:10:58,071 [WARN] PackLoader:240 - Cannot read IP mode file for STMicroelectronics.X-CUBE-TOUCHGFX.4.24.1
2026-01-12 17:10:58,094 [WARN] PackLoader:240 - Cannot read IP mode file for STMicroelectronics.X-CUBE-STSE01.1.0.0
2026-01-12 17:10:58,121 [WARN] PackLoader:240 - Cannot read IP mode file for wolfSSL.I-CUBE-wolfTPM.3.4.0
2026-01-12 17:10:58,148 [WARN] PackLoader:240 - Cannot read IP mode file for portGmbH.I-Cube-SoM-uGOAL.1.1.0
2026-01-12 17:10:58,195 [WARN] PackLoader:240 - Cannot read IP mode file for STMicroelectronics.X-CUBE-AZRTOS-H7RS.1.0.0
2026-01-12 17:10:58,202 [WARN] PackLoader:240 - Cannot read IP mode file for STMicroelectronics.FP-ATR-ASTRA1.2.0.0
2026-01-12 17:10:58,224 [WARN] PackLoader:240 - Cannot read IP mode file for STMicroelectronics.X-CUBE-TOF1.3.4.2
2026-01-12 17:10:58,250 [WARN] PackLoader:240 - Cannot read IP mode file for STMicroelectronics.X-CUBE-TOF1.3.4.3
2026-01-12 17:10:58,299 [WARN] PackLoader:240 - Cannot read IP mode file for Infineon.AIROC-Wi-Fi-Bluetooth-STM32.1.6.1
2026-01-12 17:10:58,329 [WARN] PackLoader:240 - Cannot read IP mode file for wolfSSL.I-CUBE-wolfSSH.1.4.17
2026-01-12 17:10:58,329 [INFO] ThirdParty:978 - Integrity check success = true
2026-01-12 17:10:58,330 [INFO] IntegrityCheckThread:100 - exiting critical section [integrity check]
2026-01-12 17:10:58,330 [INFO] IntegrityCheckThread:103 - End integrity checks thread
2026-01-12 17:11:53,978 [INFO] WebApp:190 - Connection lost
2026-01-12 17:11:54,124 [INFO] WebApp:187 - Connection restablished
2026-01-12 17:12:38,042 [INFO] WebApp:190 - Connection lost
2026-01-12 17:12:38,302 [INFO] WebApp:187 - Connection restablished
2026-01-12 17:12:52,983 [INFO] WebApp:190 - Connection lost
2026-01-12 17:12:53,482 [INFO] WebApp:187 - Connection restablished
2026-01-12 17:13:01,037 [INFO] WebApp:190 - Connection lost
2026-01-12 17:13:01,501 [INFO] WebApp:187 - Connection restablished
2026-01-12 17:13:18,068 [INFO] WebApp:190 - Connection lost
2026-01-12 17:13:19,027 [INFO] WebApp:187 - Connection restablished
2026-01-12 17:13:36,500 [INFO] WebApp:190 - Connection lost
2026-01-12 17:13:36,701 [INFO] WebApp:187 - Connection restablished
2026-01-12 17:15:16,022 [INFO] WebApp:190 - Connection lost
2026-01-12 17:15:16,230 [INFO] WebApp:187 - Connection restablished
2026-01-12 17:18:59,992 [INFO] WebApp:190 - Connection lost
2026-01-12 17:19:00,210 [INFO] WebApp:187 - Connection restablished
2026-01-12 17:22:02,539 [INFO] WebApp:190 - Connection lost
2026-01-12 17:22:02,753 [INFO] WebApp:187 - Connection restablished
2026-01-12 17:22:26,500 [INFO] WebApp:190 - Connection lost
2026-01-12 17:22:26,702 [INFO] WebApp:187 - Connection restablished
2026-01-12 17:24:16,529 [INFO] WebApp:190 - Connection lost
2026-01-12 17:24:16,743 [INFO] WebApp:187 - Connection restablished
2026-01-12 17:25:10,493 [INFO] WebApp:190 - Connection lost
2026-01-12 17:29:57,619 [ERROR] ConfigurationRetriever:142 - IOException on connection: sw-center.st.com
2026-01-12 17:29:57,619 [ERROR] ConfigurationRetriever:142 - IOException on connection: sw-center.st.com
2026-01-12 17:29:57,620 [ERROR] ConfigurationRetriever:142 - IOException on connection: sw-center.st.com
2026-01-12 17:29:57,869 [ERROR] ConfigurationRetriever:142 - IOException on connection: sw-center.st.com
2026-01-12 17:29:57,870 [ERROR] ConfigurationRetriever:142 - IOException on connection: sw-center.st.com
2026-01-12 17:29:57,870 [ERROR] ConfigurationRetriever:142 - IOException on connection: sw-center.st.com
