2026-01-06 01:27:59,922 [INFO] UtilMem:75 - End SaveConfig() Used Memory: 754164264 Bytes (1073741824)
2026-01-06 01:28:02,046 [INFO] UtilMem:75 - End SaveConfig() Used Memory: 813492992 Bytes (1073741824)
2026-01-06 01:28:02,641 [INFO] UtilMem:75 - End SaveConfig() Used Memory: 860596776 Bytes (1073741824)
2026-01-06 01:28:03,558 [INFO] BlockDiagram:2766 - set Specific Code input for plugin: RCC
2026-01-06 01:28:03,558 [INFO] BlockDiagram:2766 - set Specific Code input for plugin: I2C
2026-01-06 01:28:03,558 [INFO] BlockDiagram:2766 - set Specific Code input for plugin: USART
2026-01-06 01:28:03,558 [INFO] BlockDiagram:2766 - set Specific Code input for plugin: ETH
2026-01-06 01:28:03,558 [INFO] BlockDiagram:2766 - set Specific Code input for plugin: CAN
2026-01-06 01:28:03,559 [INFO] BlockDiagram:2766 - set Specific Code input for plugin: SYS
2026-01-06 01:28:03,559 [INFO] BlockDiagram:2766 - set Specific Code input for plugin: USB_OTG_FS
2026-01-06 01:28:03,559 [INFO] BlockDiagram:2766 - set Specific Code input for plugin: NVIC
2026-01-06 01:28:03,560 [INFO] BlockDiagram:2766 - set Specific Code input for plugin: GPIO
2026-01-06 01:28:03,564 [INFO] CodeGenerator:896 - code generatio: config db path: C:\ST\STM32CubeIDE_1.17.0\STM32CubeIDE\plugins\com.st.stm32cube.common.mx_6.13.0.202411220809\\db\
2026-01-06 01:28:03,582 [WARN] IP:2251 - Warning not found: check if there is a RefParameter without a condition.
2026-01-06 01:28:03,582 [WARN] IP:2251 - RxBufferAddress not found: check if there is a RefParameter without a condition.
2026-01-06 01:28:03,583 [WARN] IP:2251 - DESC_SIZE_UNIT not found: check if there is a RefParameter without a condition.
2026-01-06 01:28:04,059 [INFO] CodeEngine:255 - oldGeneratedFile, C:\Users\kamil\STM32CubeIDE\workspace_1.17.0\WIELKI_TEST\MXTmpFiles\license.tmp_save
2026-01-06 01:28:04,943 [INFO] CodeEngine:279 - Generated code: C:\Users\kamil\STM32CubeIDE\workspace_1.17.0\WIELKI_TEST\MXTmpFiles\license.tmp
2026-01-06 01:28:05,116 [INFO] CodeEngine:255 - oldGeneratedFile, C:\Users\kamil\STM32CubeIDE\workspace_1.17.0\WIELKI_TEST\MXTmpFiles\gpio.tmp_save
2026-01-06 01:28:05,365 [INFO] CodeEngine:279 - Generated code: C:\Users\kamil\STM32CubeIDE\workspace_1.17.0\WIELKI_TEST\MXTmpFiles\gpio.tmp
2026-01-06 01:28:06,060 [WARN] IPConfigManager:3034 - Warning: the RefConfig PWREx_EnableUSBVoltageDetector is not available in your config.xml file
2026-01-06 01:28:06,105 [INFO] CodeEngine:255 - oldGeneratedFile, C:\Users\kamil\STM32CubeIDE\workspace_1.17.0\WIELKI_TEST\MXTmpFiles\cortex.tmp_save
2026-01-06 01:28:06,227 [INFO] CodeEngine:279 - Generated code: C:\Users\kamil\STM32CubeIDE\workspace_1.17.0\WIELKI_TEST\MXTmpFiles\cortex.tmp
2026-01-06 01:28:06,298 [INFO] CodeEngine:255 - oldGeneratedFile, C:\Users\kamil\STM32CubeIDE\workspace_1.17.0\WIELKI_TEST\Core\Src\stm32f7xx_it.c_save
2026-01-06 01:28:06,536 [INFO] CodeEngine:279 - Generated code: C:\Users\kamil\STM32CubeIDE\workspace_1.17.0\WIELKI_TEST\Core\Src\stm32f7xx_it.c
2026-01-06 01:28:06,576 [INFO] CodeEngine:255 - oldGeneratedFile, C:\Users\kamil\STM32CubeIDE\workspace_1.17.0\WIELKI_TEST\Core\Inc\stm32f7xx_it.h_save
2026-01-06 01:28:06,723 [INFO] CodeEngine:279 - Generated code: C:\Users\kamil\STM32CubeIDE\workspace_1.17.0\WIELKI_TEST\Core\Inc\stm32f7xx_it.h
2026-01-06 01:28:06,788 [INFO] CodeEngine:255 - oldGeneratedFile, C:\Users\kamil\STM32CubeIDE\workspace_1.17.0\WIELKI_TEST\Core\Src\stm32f7xx_hal_msp.c_save
2026-01-06 01:28:07,094 [INFO] CodeEngine:279 - Generated code: C:\Users\kamil\STM32CubeIDE\workspace_1.17.0\WIELKI_TEST\Core\Src\stm32f7xx_hal_msp.c
2026-01-06 01:28:07,132 [INFO] CodeEngine:255 - oldGeneratedFile, C:\Users\kamil\STM32CubeIDE\workspace_1.17.0\WIELKI_TEST\MXTmpFiles\system.tmp_save
2026-01-06 01:28:07,228 [INFO] CodeEngine:279 - Generated code: C:\Users\kamil\STM32CubeIDE\workspace_1.17.0\WIELKI_TEST\MXTmpFiles\system.tmp
2026-01-06 01:28:07,277 [INFO] CodeEngine:311 - oldGeneratedFile, C:\Users\kamil\STM32CubeIDE\workspace_1.17.0\WIELKI_TEST\Core\Inc\stm32f7xx_hal_conf.h_save
2026-01-06 01:28:07,426 [INFO] CodeEngine:335 - Generated code: C:\Users\kamil\STM32CubeIDE\workspace_1.17.0\WIELKI_TEST\Core\Inc\stm32f7xx_hal_conf.h
2026-01-06 01:28:07,487 [INFO] ApiDbMcu:508 - Load IP Config File for CAN1
2026-01-06 01:28:07,502 [INFO] ApiDbMcu:508 - Load IP Config File for ETH
2026-01-06 01:28:07,505 [INFO] ApiDbMcu:508 - Load IP Config File for I2C1
2026-01-06 01:28:07,512 [INFO] ApiDbMcu:508 - Load IP Config File for USART3
2026-01-06 01:28:07,515 [INFO] ApiDbMcu:508 - Load IP Config File for USB_OTG_FS
2026-01-06 01:28:07,518 [INFO] ApiDbMcu:508 - Load IP Config File for RCC
2026-01-06 01:28:07,523 [WARN] IPConfigManager:3618 - IP not found : USB_OTG
2026-01-06 01:28:07,525 [WARN] CodeGenerator:4152 - IP not found : null
2026-01-06 01:28:07,577 [INFO] CodeEngine:255 - oldGeneratedFile, C:\Users\kamil\STM32CubeIDE\workspace_1.17.0\WIELKI_TEST\Core\Inc\main.h_save
2026-01-06 01:28:07,744 [INFO] CodeEngine:279 - Generated code: C:\Users\kamil\STM32CubeIDE\workspace_1.17.0\WIELKI_TEST\Core\Inc\main.h
2026-01-06 01:28:07,796 [INFO] CodeEngine:255 - oldGeneratedFile, C:\Users\kamil\STM32CubeIDE\workspace_1.17.0\WIELKI_TEST\Core\Src\main.c_save
2026-01-06 01:28:08,083 [INFO] CodeEngine:279 - Generated code: C:\Users\kamil\STM32CubeIDE\workspace_1.17.0\WIELKI_TEST\Core\Src\main.c
2026-01-06 01:28:08,731 [INFO] ProjectBuilder:3289 - Time for Copy HAL[1] : 378mS.
2026-01-06 01:28:08,746 [INFO] ProjectBuilder:4876 - Project Generator version: 4.5.0-RC5
2026-01-06 01:28:08,884 [INFO] ConfigFileManager:1579 - The Die is : DIE449
2026-01-06 01:28:08,914 [INFO] ApiDbMcu:508 - Load IP Config File for FATFS
2026-01-06 01:28:08,936 [INFO] ApiDbMcu:508 - Load IP Config File for FREERTOS
2026-01-06 01:28:08,955 [INFO] ApiDbMcu:508 - Load IP Config File for LIBJPEG
2026-01-06 01:28:08,977 [INFO] ApiDbMcu:508 - Load IP Config File for LWIP
2026-01-06 01:28:09,000 [INFO] ApiDbMcu:508 - Load IP Config File for MBEDTLS
2026-01-06 01:28:09,024 [INFO] ApiDbMcu:508 - Load IP Config File for USB_DEVICE
2026-01-06 01:28:09,045 [INFO] ApiDbMcu:508 - Load IP Config File for USB_HOST
