2025-12-21 17:09:25,688 [INFO] WebApp:190 - Connection lost
2025-12-21 17:09:26,178 [INFO] WebApp:187 - Connection restablished
2025-12-21 17:39:22,742 [INFO] WebApp:190 - Connection lost
2025-12-21 17:39:22,904 [INFO] WebApp:187 - Connection restablished
2025-12-21 20:49:13,844 [INFO] WebApp:190 - Connection lost
2025-12-21 20:49:14,051 [INFO] WebApp:187 - Connection restablished
2025-12-21 20:49:15,874 [INFO] WebApp:190 - Connection lost
2025-12-21 20:49:16,315 [INFO] WebApp:187 - Connection restablished
2025-12-21 21:13:00,378 [INFO] WebApp:190 - Connection lost
2025-12-21 21:19:50,296 [INFO] UtilMem:75 - End SaveConfig() Used Memory: 997706360 Bytes (1073741824)
2025-12-21 21:19:50,376 [ERROR] ConfigurationRetriever:142 - IOException on connection: sw-center.st.com
2025-12-21 21:19:50,377 [ERROR] ConfigurationRetriever:142 - IOException on connection: sw-center.st.com
2025-12-21 21:19:50,378 [ERROR] ConfigurationRetriever:142 - IOException on connection: sw-center.st.com
2025-12-21 21:19:50,591 [INFO] BlockDiagram:2766 - set Specific Code input for plugin: RCC
2025-12-21 21:19:50,591 [INFO] BlockDiagram:2766 - set Specific Code input for plugin: FDCAN
2025-12-21 21:19:50,591 [INFO] BlockDiagram:2766 - set Specific Code input for plugin: MEMORYMAP
2025-12-21 21:19:50,591 [INFO] BlockDiagram:2766 - set Specific Code input for plugin: SYS
2025-12-21 21:19:50,592 [INFO] BlockDiagram:2766 - set Specific Code input for plugin: NVIC
2025-12-21 21:19:50,592 [INFO] BlockDiagram:2766 - set Specific Code input for plugin: GPIO
2025-12-21 21:19:50,594 [INFO] CodeGenerator:896 - code generatio: config db path: C:\ST\STM32CubeIDE_1.17.0\STM32CubeIDE\plugins\com.st.stm32cube.common.mx_6.13.0.202411220809\\db\
2025-12-21 21:19:50,598 [WARN] IP:2251 - ClockDivider not found: check if there is a RefParameter without a condition.
2025-12-21 21:19:50,599 [WARN] IP:2251 - ClockDividerCCU not found: check if there is a RefParameter without a condition.
2025-12-21 21:19:50,599 [WARN] IP:2251 - MinOscClkPeriodsCCU not found: check if there is a RefParameter without a condition.
2025-12-21 21:19:50,599 [WARN] IP:2251 - TimeQuantaPerBitTimeCCU not found: check if there is a RefParameter without a condition.
2025-12-21 21:19:50,600 [WARN] IP:2251 - WatchdogStartValueCCU not found: check if there is a RefParameter without a condition.
2025-12-21 21:19:50,758 [INFO] CodeEngine:255 - oldGeneratedFile, C:\Users\kamil\STM32CubeIDE\workspace_1.17.0\NAJWIEKSZY_TEST\MXTmpFiles\license.tmp_save
2025-12-21 21:19:50,923 [INFO] CodeEngine:279 - Generated code: C:\Users\kamil\STM32CubeIDE\workspace_1.17.0\NAJWIEKSZY_TEST\MXTmpFiles\license.tmp
2025-12-21 21:19:50,961 [INFO] CodeEngine:255 - oldGeneratedFile, C:\Users\kamil\STM32CubeIDE\workspace_1.17.0\NAJWIEKSZY_TEST\MXTmpFiles\gpio.tmp_save
2025-12-21 21:19:51,045 [INFO] CodeEngine:279 - Generated code: C:\Users\kamil\STM32CubeIDE\workspace_1.17.0\NAJWIEKSZY_TEST\MXTmpFiles\gpio.tmp
2025-12-21 21:19:51,093 [WARN] IPConfigManager:98 - WARNING: Missing Config File for MEMORYMAP ip!!
2025-12-21 21:19:51,138 [INFO] CodeEngine:255 - oldGeneratedFile, C:\Users\kamil\STM32CubeIDE\workspace_1.17.0\NAJWIEKSZY_TEST\MXTmpFiles\cortex.tmp_save
2025-12-21 21:19:51,233 [INFO] CodeEngine:279 - Generated code: C:\Users\kamil\STM32CubeIDE\workspace_1.17.0\NAJWIEKSZY_TEST\MXTmpFiles\cortex.tmp
2025-12-21 21:19:51,272 [INFO] CodeEngine:255 - oldGeneratedFile, C:\Users\kamil\STM32CubeIDE\workspace_1.17.0\NAJWIEKSZY_TEST\Core\Src\stm32h7xx_it.c_save
2025-12-21 21:19:51,458 [INFO] CodeEngine:279 - Generated code: C:\Users\kamil\STM32CubeIDE\workspace_1.17.0\NAJWIEKSZY_TEST\Core\Src\stm32h7xx_it.c
2025-12-21 21:19:51,485 [INFO] CodeEngine:255 - oldGeneratedFile, C:\Users\kamil\STM32CubeIDE\workspace_1.17.0\NAJWIEKSZY_TEST\Core\Inc\stm32h7xx_it.h_save
2025-12-21 21:19:51,558 [INFO] CodeEngine:279 - Generated code: C:\Users\kamil\STM32CubeIDE\workspace_1.17.0\NAJWIEKSZY_TEST\Core\Inc\stm32h7xx_it.h
2025-12-21 21:19:51,619 [INFO] CodeEngine:255 - oldGeneratedFile, C:\Users\kamil\STM32CubeIDE\workspace_1.17.0\NAJWIEKSZY_TEST\Core\Src\stm32h7xx_hal_msp.c_save
2025-12-21 21:19:51,729 [INFO] CodeEngine:279 - Generated code: C:\Users\kamil\STM32CubeIDE\workspace_1.17.0\NAJWIEKSZY_TEST\Core\Src\stm32h7xx_hal_msp.c
2025-12-21 21:19:51,744 [INFO] CodeEngine:255 - oldGeneratedFile, C:\Users\kamil\STM32CubeIDE\workspace_1.17.0\NAJWIEKSZY_TEST\MXTmpFiles\system.tmp_save
2025-12-21 21:19:51,819 [INFO] CodeEngine:279 - Generated code: C:\Users\kamil\STM32CubeIDE\workspace_1.17.0\NAJWIEKSZY_TEST\MXTmpFiles\system.tmp
2025-12-21 21:19:51,862 [INFO] CodeEngine:311 - oldGeneratedFile, C:\Users\kamil\STM32CubeIDE\workspace_1.17.0\NAJWIEKSZY_TEST\Core\Inc\stm32h7xx_hal_conf.h_save
2025-12-21 21:19:51,979 [INFO] CodeEngine:335 - Generated code: C:\Users\kamil\STM32CubeIDE\workspace_1.17.0\NAJWIEKSZY_TEST\Core\Inc\stm32h7xx_hal_conf.h
2025-12-21 21:19:52,020 [ERROR] ApiDbMcu:464 - Can't load MEMORYMAP-STM32xx root dir null
2025-12-21 21:19:52,021 [ERROR] ApiDbMcu:536 - Cannot parse MEMORYMAP_Config file : file do not exist
2025-12-21 21:19:52,057 [INFO] CodeEngine:255 - oldGeneratedFile, C:\Users\kamil\STM32CubeIDE\workspace_1.17.0\NAJWIEKSZY_TEST\Core\Inc\main.h_save
2025-12-21 21:19:52,162 [INFO] CodeEngine:279 - Generated code: C:\Users\kamil\STM32CubeIDE\workspace_1.17.0\NAJWIEKSZY_TEST\Core\Inc\main.h
2025-12-21 21:19:52,189 [INFO] CodeEngine:255 - oldGeneratedFile, C:\Users\kamil\STM32CubeIDE\workspace_1.17.0\NAJWIEKSZY_TEST\Core\Src\main.c_save
2025-12-21 21:19:52,296 [INFO] CodeEngine:279 - Generated code: C:\Users\kamil\STM32CubeIDE\workspace_1.17.0\NAJWIEKSZY_TEST\Core\Src\main.c
2025-12-21 21:19:52,668 [INFO] ProjectBuilder:3289 - Time for Copy HAL[1] : 266mS.
2025-12-21 21:19:52,671 [INFO] ProjectBuilder:4876 - Project Generator version: 4.5.0-RC5
2025-12-21 21:19:52,738 [INFO] ConfigFileManager:1579 - The Die is : DIE450
2025-12-21 21:19:54,583 [INFO] ProjectBuilder:5154 - Time for Generating toolchain IDE Files: 1912mS.
2025-12-21 21:19:54,586 [INFO] ProjectBuilder:3146 - Time for Copy CMSIS : 0mS.
2025-12-21 21:19:54,589 [INFO] ProjectBuilder:3146 - Time for Copy CMSIS : 0mS.
