../Drivers/STM32H7xx_HAL_Driver/Src/stm32h7xx_hal_qspi.c:2390:13:QSPI_DMARxCplt	0	static
../Drivers/STM32H7xx_HAL_Driver/Src/stm32h7xx_hal_qspi.c:2404:13:QSPI_DMATxCplt	0	static
../Drivers/STM32H7xx_HAL_Driver/Src/stm32h7xx_hal_qspi.c:2516:13:QSPI_Config	16	static
../Drivers/STM32H7xx_HAL_Driver/Src/stm32h7xx_hal_qspi.c:2483:26:QSPI_WaitFlagStateUntilTimeout	32	static
../Drivers/STM32H7xx_HAL_Driver/Src/stm32h7xx_hal_qspi.c:438:13:HAL_QSPI_MspInit	0	static
../Drivers/STM32H7xx_HAL_Driver/Src/stm32h7xx_hal_qspi.c:453:13:HAL_QSPI_MspDeInit	0	static
../Drivers/STM32H7xx_HAL_Driver/Src/stm32h7xx_hal_qspi.c:400:19:HAL_QSPI_DeInit	8	static
../Drivers/STM32H7xx_HAL_Driver/Src/stm32h7xx_hal_qspi.c:784:19:HAL_QSPI_Command	32	static
../Drivers/STM32H7xx_HAL_Driver/Src/stm32h7xx_hal_qspi.c:873:19:HAL_QSPI_Command_IT	24	static
../Drivers/STM32H7xx_HAL_Driver/Src/stm32h7xx_hal_qspi.c:973:19:HAL_QSPI_Transmit	40	static
../Drivers/STM32H7xx_HAL_Driver/Src/stm32h7xx_hal_qspi.c:1056:19:HAL_QSPI_Receive	40	static
../Drivers/STM32H7xx_HAL_Driver/Src/stm32h7xx_hal_qspi.c:1141:19:HAL_QSPI_Transmit_IT	0	static
../Drivers/STM32H7xx_HAL_Driver/Src/stm32h7xx_hal_qspi.c:1201:19:HAL_QSPI_Receive_IT	8	static
../Drivers/STM32H7xx_HAL_Driver/Src/stm32h7xx_hal_qspi.c:1265:19:HAL_QSPI_Transmit_DMA	24	static
../Drivers/STM32H7xx_HAL_Driver/Src/stm32h7xx_hal_qspi.c:1381:19:HAL_QSPI_Receive_DMA	24	static
../Drivers/STM32H7xx_HAL_Driver/Src/stm32h7xx_hal_qspi.c:1500:19:HAL_QSPI_AutoPolling	32	static
../Drivers/STM32H7xx_HAL_Driver/Src/stm32h7xx_hal_qspi.c:1600:19:HAL_QSPI_AutoPolling_IT	32	static
../Drivers/STM32H7xx_HAL_Driver/Src/stm32h7xx_hal_qspi.c:1704:19:HAL_QSPI_MemoryMapped	32	static
../Drivers/STM32H7xx_HAL_Driver/Src/stm32h7xx_hal_qspi.c:1790:13:HAL_QSPI_ErrorCallback	0	static
../Drivers/STM32H7xx_HAL_Driver/Src/stm32h7xx_hal_qspi.c:2440:13:QSPI_DMAAbortCplt	8	static
../Drivers/STM32H7xx_HAL_Driver/Src/stm32h7xx_hal_qspi.c:1805:13:HAL_QSPI_AbortCpltCallback	0	static
../Drivers/STM32H7xx_HAL_Driver/Src/stm32h7xx_hal_qspi.c:1820:13:HAL_QSPI_CmdCpltCallback	0	static
../Drivers/STM32H7xx_HAL_Driver/Src/stm32h7xx_hal_qspi.c:1835:13:HAL_QSPI_RxCpltCallback	0	static
../Drivers/STM32H7xx_HAL_Driver/Src/stm32h7xx_hal_qspi.c:1850:13:HAL_QSPI_TxCpltCallback	0	static
../Drivers/STM32H7xx_HAL_Driver/Src/stm32h7xx_hal_qspi.c:1866:13:HAL_QSPI_FifoThresholdCallback	0	static
../Drivers/STM32H7xx_HAL_Driver/Src/stm32h7xx_hal_qspi.c:1881:13:HAL_QSPI_StatusMatchCallback	0	static
../Drivers/STM32H7xx_HAL_Driver/Src/stm32h7xx_hal_qspi.c:1896:13:HAL_QSPI_TimeOutCallback	0	static
../Drivers/STM32H7xx_HAL_Driver/Src/stm32h7xx_hal_qspi.c:492:6:HAL_QSPI_IRQHandler	8	static
../Drivers/STM32H7xx_HAL_Driver/Src/stm32h7xx_hal_qspi.c:2138:23:HAL_QSPI_GetState	0	static
../Drivers/STM32H7xx_HAL_Driver/Src/stm32h7xx_hal_qspi.c:2149:10:HAL_QSPI_GetError	0	static
../Drivers/STM32H7xx_HAL_Driver/Src/stm32h7xx_hal_qspi.c:2159:19:HAL_QSPI_Abort	24	static
../Drivers/STM32H7xx_HAL_Driver/Src/stm32h7xx_hal_qspi.c:2224:19:HAL_QSPI_Abort_IT	8	static
../Drivers/STM32H7xx_HAL_Driver/Src/stm32h7xx_hal_qspi.c:2418:13:QSPI_DMAError	8	static
../Drivers/STM32H7xx_HAL_Driver/Src/stm32h7xx_hal_qspi.c:2289:6:HAL_QSPI_SetTimeout	0	static
../Drivers/STM32H7xx_HAL_Driver/Src/stm32h7xx_hal_qspi.c:306:19:HAL_QSPI_Init	24	static
../Drivers/STM32H7xx_HAL_Driver/Src/stm32h7xx_hal_qspi.c:2299:19:HAL_QSPI_SetFifoThreshold	0	static
../Drivers/STM32H7xx_HAL_Driver/Src/stm32h7xx_hal_qspi.c:2331:10:HAL_QSPI_GetFifoThreshold	0	static
../Drivers/STM32H7xx_HAL_Driver/Src/stm32h7xx_hal_qspi.c:2343:19:HAL_QSPI_SetFlashID	0	static
