00:06:45 **** Incremental Build of configuration Debug for project Rower_elektryczny ****
make -j12 all 
arm-none-eabi-gcc "../Core/Src/main.c" -mcpu=cortex-m7 -std=gnu11 -g3 -DDEBUG -DUSE_PWR_LDO_SUPPLY -DUSE_HAL_DRIVER -DSTM32H743xx -c -I../Core/Inc -I../Drivers/STM32H7xx_HAL_Driver/Inc -I../Drivers/STM32H7xx_HAL_Driver/Inc/Legacy -I../Drivers/CMSIS/Device/ST/STM32H7xx/Include -I../Drivers/CMSIS/Include -I../TouchGFX/App -I../TouchGFX/target/generated -I../TouchGFX/target -I../Middlewares/ST/touchgfx/framework/include -I../TouchGFX/generated/fonts/include -I../TouchGFX/generated/gui_generated/include -I../TouchGFX/generated/images/include -I../TouchGFX/generated/texts/include -I../TouchGFX/generated/videos/include -I../TouchGFX/gui/include -O0 -ffunction-sections -fdata-sections -Wall -fstack-usage -fcyclomatic-complexity -MMD -MP -MF"Core/Src/main.d" -MT"Core/Src/main.o" --specs=nano.specs -mfpu=fpv5-d16 -mfloat-abi=hard -mthumb -o "Core/Src/main.o"
../Core/Src/main.c: In function 'main':
../Core/Src/main.c:268:15: warning: implicit declaration of function 'VESC_SetCurrent' [-Wimplicit-function-declaration]
  268 |               VESC_SetCurrent(VESC_ID_L, current_filtered);
      |               ^~~~~~~~~~~~~~~
../Core/Src/main.c: At top level:
../Core/Src/main.c:437:6: warning: conflicting types for 'VESC_SetCurrent'; have 'void(uint8_t,  float)' {aka 'void(unsigned char,  float)'}
  437 | void VESC_SetCurrent(uint8_t controller_id, float current_amps)
      |      ^~~~~~~~~~~~~~~
../Core/Src/main.c:268:15: note: previous implicit declaration of 'VESC_SetCurrent' with type 'void(uint8_t,  float)' {aka 'void(unsigned char,  float)'}
  268 |               VESC_SetCurrent(VESC_ID_L, current_filtered);
      |               ^~~~~~~~~~~~~~~
arm-none-eabi-g++ -o "Rower_elektryczny.elf" @"objects.list"  -l:libtouchgfx-float-abi-hard.a -mcpu=cortex-m7 -T"C:\Users\romel\STM32CubeIDE\workspace_1.17.0\Rower_elektryczny\STM32H743IITX_FLASH.ld" -Wl,-Map="Rower_elektryczny.map" -Wl,--gc-sections -static -L"C:\Users\romel\STM32CubeIDE\workspace_1.17.0\Rower_elektryczny\Middlewares\ST\touchgfx\lib\core\cortex_m7\gcc" --specs=nano.specs -mfpu=fpv5-d16 -mfloat-abi=hard -mthumb -Wl,--start-group -lc -lm -lstdc++ -lsupc++ -Wl,--end-group
Finished building target: Rower_elektryczny.elf
 
arm-none-eabi-size  Rower_elektryczny.elf 
arm-none-eabi-objdump -h -S Rower_elektryczny.elf  > "Rower_elektryczny.list"
   text	   data	    bss	    dec	    hex	filename
 172440	    632	1236848	1409920	 158380	Rower_elektryczny.elf
Finished building: default.size.stdout
 
Finished building: Rower_elektryczny.list
 
00:07:37 **** Incremental Build of configuration Debug for project Rower_elektryczny ****
make -j12 all 
arm-none-eabi-size  Rower_elektryczny.elf 
   text	   data	    bss	    dec	    hex	filename
 172440	    632	1236848	1409920	 158380	Rower_elektryczny.elf
Finished building: default.size.stdout
 
