18:35:48 **** Incremental Build of configuration Debug for project Rower_elektryczny ****
make -j12 all 
arm-none-eabi-size  Rower_elektryczny.elf 
   text	   data	    bss	    dec	    hex	filename
 171672	    632	1236776	1409080	 158038	Rower_elektryczny.elf
Finished building: default.size.stdout
 
18:36:39 **** Incremental Build of configuration Debug for project Rower_elektryczny ****
make -j12 all 
arm-none-eabi-size  Rower_elektryczny.elf 
   text	   data	    bss	    dec	    hex	filename
 171672	    632	1236776	1409080	 158038	Rower_elektryczny.elf
Finished building: default.size.stdout
 
