17:41:24 **** Incremental Build of configuration Debug for project Rower_elektryczny ****
make -j12 all 
arm-none-eabi-g++ "../TouchGFX/target/STM32TouchController.cpp" -mcpu=cortex-m7 -std=gnu++14 -g3 -DDEBUG -DUSE_PWR_LDO_SUPPLY -DUSE_HAL_DRIVER -DSTM32H743xx -c -I../Core/Inc -I../Drivers/STM32H7xx_HAL_Driver/Inc -I../Drivers/STM32H7xx_HAL_Driver/Inc/Legacy -I../Drivers/CMSIS/Device/ST/STM32H7xx/Include -I../Drivers/CMSIS/Include -I../TouchGFX/App -I../TouchGFX/target/generated -I../TouchGFX/target -I../Middlewares/ST/touchgfx/framework/include -I../TouchGFX/generated/fonts/include -I../TouchGFX/generated/gui_generated/include -I../TouchGFX/generated/images/include -I../TouchGFX/generated/texts/include -I../TouchGFX/generated/videos/include -I../TouchGFX/gui/include -I../Middlewares/Third_Party/FreeRTOS/Source/include -I../Middlewares/Third_Party/FreeRTOS/Source/CMSIS_RTOS_V2 -I../Middlewares/Third_Party/FreeRTOS/Source/portable/GCC/ARM_CM4F -O0 -ffunction-sections -fdata-sections -fno-exceptions -fno-rtti -fno-use-cxa-atexit -Wall -femit-class-debug-always -fstack-usage -fcyclomatic-complexity -MMD -MP -MF"TouchGFX/target/STM32TouchController.d" -MT"TouchGFX/target/STM32TouchController.o" --specs=nano.specs -mfpu=fpv5-d16 -mfloat-abi=hard -mthumb -o "TouchGFX/target/STM32TouchController.o"
arm-none-eabi-g++ -o "Rower_elektryczny.elf" @"objects.list"  -l:libtouchgfx-float-abi-hard.a -mcpu=cortex-m7 -T"C:\Users\romel\STM32CubeIDE\workspace_1.17.0\Rower_elektryczny\STM32H743IITX_FLASH.ld" --specs=nosys.specs -Wl,-Map="Rower_elektryczny.map" -Wl,--gc-sections -static -L"C:\Users\romel\STM32CubeIDE\workspace_1.17.0\Rower_elektryczny\Middlewares\ST\touchgfx\lib\core\cortex_m7\gcc" --specs=nano.specs -mfpu=fpv5-d16 -mfloat-abi=hard -mthumb -Wl,--start-group -lc -lm -lstdc++ -lsupc++ -Wl,--end-group
Finished building target: Rower_elektryczny.elf
 
arm-none-eabi-size  Rower_elektryczny.elf 
arm-none-eabi-objdump -h -S Rower_elektryczny.elf  > "Rower_elektryczny.list"
   text	   data	    bss	    dec	    hex	filename
1769198	    644	  72736	1842578	 1c1d92	Rower_elektryczny.elf
Finished building: default.size.stdout
 
Finished building: Rower_elektryczny.list
 

17:41:29 Build Finished. 0 errors, 0 warnings. (took 4s.879ms)

