17:29:54 **** Incremental Build of configuration Debug for project Rower_elektryczny ****
make -j12 all 
arm-none-eabi-gcc "../Core/Src/main.c" -mcpu=cortex-m7 -std=gnu11 -g3 -DDEBUG -DUSE_PWR_LDO_SUPPLY -DUSE_HAL_DRIVER -DSTM32H743xx -c -I../Core/Inc -I../Drivers/STM32H7xx_HAL_Driver/Inc -I../Drivers/STM32H7xx_HAL_Driver/Inc/Legacy -I../Drivers/CMSIS/Device/ST/STM32H7xx/Include -I../Drivers/CMSIS/Include -O0 -ffunction-sections -fdata-sections -Wall -fstack-usage -fcyclomatic-complexity -MMD -MP -MF"Core/Src/main.d" -MT"Core/Src/main.o" --specs=nano.specs -mfpu=fpv5-d16 -mfloat-abi=hard -mthumb -o "Core/Src/main.o"
../Core/Src/main.c: In function 'main':
../Core/Src/main.c:257:17: warning: unused variable 'Rec_Data' [-Wunused-variable]
  257 |         uint8_t Rec_Data[14];
      |                 ^~~~~~~~
arm-none-eabi-gcc -o "Rower_elektryczny.elf" @"objects.list"   -mcpu=cortex-m7 -T"C:\Users\kamil\STM32CubeIDE\workspace_1.17.0\Rower_elektryczny\STM32H743IITX_FLASH.ld" --specs=nosys.specs -Wl,-Map="Rower_elektryczny.map" -Wl,--gc-sections -static --specs=nano.specs -mfpu=fpv5-d16 -mfloat-abi=hard -mthumb -Wl,--start-group -lc -lm -Wl,--end-group
Finished building target: Rower_elektryczny.elf
 
arm-none-eabi-size  Rower_elektryczny.elf 
arm-none-eabi-objdump -h -S Rower_elektryczny.elf  > "Rower_elektryczny.list"
   text	   data	    bss	    dec	    hex	filename
  31772	     16	   2768	  34556	   86fc	Rower_elektryczny.elf
Finished building: default.size.stdout
 
Finished building: Rower_elektryczny.list
 

17:29:56 Build Finished. 0 errors, 1 warnings. (took 1s.925ms)

