23:38:36 **** Incremental Build of configuration Debug for project TEST MPU Z POBIERANIEM DANYCH ****
make -j12 all 
arm-none-eabi-gcc "../Core/Src/main.c" -mcpu=cortex-m7 -std=gnu11 -g3 -DDEBUG -DUSE_HAL_DRIVER -DSTM32F746xx -c -I../Core/Inc -I../Drivers/STM32F7xx_HAL_Driver/Inc -I../Drivers/STM32F7xx_HAL_Driver/Inc/Legacy -I../Drivers/CMSIS/Device/ST/STM32F7xx/Include -I../Drivers/CMSIS/Include -O0 -ffunction-sections -fdata-sections -Wall -fstack-usage -fcyclomatic-complexity -MMD -MP -MF"Core/Src/main.d" -MT"Core/Src/main.o" --specs=nano.specs -mfpu=fpv5-sp-d16 -mfloat-abi=hard -mthumb -o "Core/Src/main.o"
arm-none-eabi-gcc -o "TEST MPU Z POBIERANIEM DANYCH.elf" @"objects.list"   -mcpu=cortex-m7 -T"C:\Users\kamil\STM32CubeIDE\workspace_1.17.0\TEST MPU Z POBIERANIEM DANYCH\STM32F746ZGTX_FLASH.ld" --specs=nosys.specs -Wl,-Map="TEST MPU Z POBIERANIEM DANYCH.map" -Wl,--gc-sections -static --specs=nano.specs -mfpu=fpv5-sp-d16 -mfloat-abi=hard -mthumb -u _printf_float -Wl,--start-group -lc -lm -Wl,--end-group
Finished building target: TEST MPU Z POBIERANIEM DANYCH.elf
 
arm-none-eabi-size  TEST\ MPU\ Z\ POBIERANIEM\ DANYCH.elf 
arm-none-eabi-objdump -h -S TEST\ MPU\ Z\ POBIERANIEM\ DANYCH.elf  > "TEST MPU Z POBIERANIEM DANYCH.list"
   text	   data	    bss	    dec	    hex	filename
  34664	    788	   3612	  39064	   9898	TEST MPU Z POBIERANIEM DANYCH.elf
Finished building: default.size.stdout
 
Finished building: TEST MPU Z POBIERANIEM DANYCH.list
 

23:38:37 Build Finished. 0 errors, 0 warnings. (took 1s.271ms)

