17:09:27 **** Incremental Build of configuration Debug for project testcan ****
make -j12 all 
arm-none-eabi-gcc "../Core/Src/main.c" -mcpu=cortex-m7 -std=gnu11 -g3 -DDEBUG -DUSE_PWR_LDO_SUPPLY -DUSE_HAL_DRIVER -DSTM32H743xx -c -I../Core/Inc -I../Drivers/STM32H7xx_HAL_Driver/Inc -I../Drivers/STM32H7xx_HAL_Driver/Inc/Legacy -I../Drivers/CMSIS/Device/ST/STM32H7xx/Include -I../Drivers/CMSIS/Include -O0 -ffunction-sections -fdata-sections -Wall -fstack-usage -fcyclomatic-complexity -MMD -MP -MF"Core/Src/main.d" -MT"Core/Src/main.o" --specs=nano.specs -mfpu=fpv5-d16 -mfloat-abi=hard -mthumb -o "Core/Src/main.o"
arm-none-eabi-g++ -o "testcan.elf" @"objects.list"   -mcpu=cortex-m7 -T"C:\Users\romel\STM32CubeIDE\workspace_1.17.0\testcan\STM32H743IITX_FLASH.ld" --specs=nosys.specs -Wl,-Map="testcan.map" -Wl,--gc-sections -static --specs=nano.specs -mfpu=fpv5-d16 -mfloat-abi=hard -mthumb -Wl,--start-group -lc -lm -lstdc++ -lsupc++ -Wl,--end-group
Finished building target: testcan.elf
 
arm-none-eabi-size  testcan.elf 
arm-none-eabi-objdump -h -S testcan.elf  > "testcan.list"
   text	   data	    bss	    dec	    hex	filename
  17260	     16	   1728	  19004	   4a3c	testcan.elf
Finished building: default.size.stdout
 
Finished building: testcan.list
 

17:09:30 Build Finished. 0 errors, 0 warnings. (took 2s.156ms)

